gameplay_screen: 
case__122: 
reg__60: 
case__38: 
logic__219: 
datapath__24: 
start_instructions: 
reg__33: 
muxpart__45: 
button_functions: 
case__99: 
datapath__27: 
case__28: 
case__37: 
logic__31: 
start_logo: 
case__25: 
logic__24: 
logic__223: 
reg__8: 
reg__54: 
logic__62: 
pause_screen: 
start_screen: 
logic__212: 
datapath__6: 
case__5: 
reg__64: 
case__76: 
muxpart: 
logic__33: 
reg__19: 
logic__161: 
muxpart__49: 
reg__12: 
reg__15: 
muxpart__16: 
case__87: 
case__80: 
case__106: 
case__77: 
muxpart__3: 
reg__23: 
muxpart__1: 
datapath__66: 
reg__49: 
logic__94: 
counter__1: 
logic__125: 
reg__66: 
reg__52: 
logic__44: 
case__1: 
case__119: 
case__101: 
counter__3: 
muxpart__30: 
muxpart__53: 
counter: 
case__102: 
logic__14: 
logic__183: 
case__92: 
reg__3: 
reg__46: 
logic__363: 
case__79: 
datapath__45: 
muxpart__35: 
case__84: 
case__127: 
case__105: 
muxpart__8: 
case__48: 
datapath__51: 
muxpart__38: 
case__43: 
debounce: 
case__44: 
case__8: 
case__85: 
logic__273: 
case__30: 
logic__208: 
dsp48e1__7: 
reg__2: 
datapath__55: 
muxpart__4: 
case__31: 
datapath__28: 
reg__58: 
muxpart__20: 
dsp48e1__6: 
muxpart__33: 
case__21: 
logic__38: 
blob: 
logic__175: 
logic__120: 
case__96: 
datapath__18: 
muxpart__31: 
logic__143: 
logic__35: 
case__9: 
reg__27: 
reg__51: 
datapath__23: 
logic__201: 
reg__14: 
logic__32: 
case__66: 
muxpart__19: 
reg__21: 
case__69: 
reg__22: 
reg__45: 
reg__4: 
case__98: 
logic__58: 
reg__59: 
datapath__1: 
case__121: 
logic__80: 
reg__18: 
logic__134: 
reg__67: 
reg__48: 
logic__89: 
case__27: 
case__23: 
muxpart__26: 
logic__17: 
case__124: 
logic__29: 
logic__139: 
case__32: 
datapath__46: 
logic__15: 
datapath__39: 
datapath__65: 
muxpart__40: 
logic__230: 
logic__130: 
logic__23: 
case__70: 
datapath__20: 
case__109: 
logic__26: 
case__39: 
case__6: 
logic__342: 
datapath__34: 
datapath__60: 
pause_instructions: 
case__103: 
dsp48e1__8: 
case__75: 
datapath__63: 
case__41: 
reg__37: 
datapath__38: 
case__52: 
logic__16: 
case__2: 
datapath__12: 
reg__28: 
datapath__57: 
logic__272: 
case__61: 
blob__parameterized0: 
reg: 
reg__56: 
muxpart__47: 
case__78: 
reg__20: 
case__107: 
datapath__40: 
case__10: 
case__4: 
blob__parameterized1: 
datapath__25: 
reg__57: 
case__73: 
logic__48: 
muxpart__7: 
case__108: 
case__83: 
case__126: 
reg__55: 
datapath__11: 
blob__parameterized2: 
muxpart__36: 
case__7: 
muxpart__11: 
case__94: 
logic__20: 
muxpart__18: 
logic__71: 
datapath__16: 
datapath__10: 
reg__25: 
reg__43: 
case__95: 
top_level: 
case__11: 
logic__111: 
reg__1: 
logic__19: 
logic__165: 
reg__44: 
logic__157: 
logic__22: 
reg__40: 
case__104: 
datapath__50: 
reg__26: 
case__55: 
datapath__29: 
muxpart__43: 
datapath__41: 
muxpart__6: 
reg__41: 
case__49: 
muxpart__50: 
case__110: 
datapath: 
reg__36: 
logic__85: 
case__120: 
datapath__30: 
reg__39: 
datapath__42: 
logic__156: 
logic__112: 
logic__364: 
muxpart__37: 
logic__147: 
reg__61: 
logic: 
logic__344: 
logic__3: 
datapath__15: 
datapath__26: 
case__51: 
logic__386: 
logic__107: 
case__57: 
logic__152: 
datapath__43: 
reg__53: 
logic__25: 
logic__75: 
datapath__67: 
case__22: 
datapath__32: 
muxpart__56: 
muxpart__55: 
logic__343: 
case__88: 
dsp48e1__5: 
case__13: 
case__19: 
logic__52: 
logic__37: 
case__29: 
muxpart__41: 
case__62: 
case__42: 
logic__121: 
muxpart__32: 
datapath__44: 
case__46: 
case__125: 
logic__355: 
case__82: 
datapath__4: 
case__54: 
muxpart__14: 
datapath__56: 
dsp48e1: 
logic__36: 
muxpart__24: 
reg__5: 
datapath__22: 
case__60: 
muxpart__21: 
muxpart__15: 
datapath__59: 
logic__84: 
dsp48e1__2: 
case__63: 
logic__174: 
case__86: 
muxpart__13: 
logic__67: 
case__3: 
datapath__52: 
case__40: 
case__97: 
case__36: 
datapath__13: 
muxpart__28: 
case__68: 
muxpart__12: 
case__18: 
logic__215: 
case__128: 
display_8hex: 
muxpart__27: 
reg__13: 
reg__11: 
logic__66: 
logic__93: 
logic__188: 
logic__30: 
logic__41: 
logic__234: 
datapath__53: 
logic__27: 
muxpart__51: 
muxpart__2: 
muxpart__48: 
reg__31: 
logic__204: 
case__93: 
xvga: 
datapath__61: 
datapath__5: 
logic__34: 
datapath__58: 
case__72: 
case__53: 
reg__30: 
muxpart__46: 
logic__193: 
reg__10: 
case__24: 
case: 
logic__129: 
case__65: 
muxpart__9: 
case__89: 
reg__7: 
counter__2: 
logic__11: 
logic__76: 
datapath__9: 
reg__65: 
logic__28: 
muxpart__10: 
datapath__3: 
muxpart__54: 
case__64: 
datapath__49: 
datapath__8: 
datapath__37: 
case__90: 
dsp48e1__11: 
datapath__64: 
reg__16: 
logic__2: 
case__59: 
datapath__48: 
logic__98: 
dsp48e1__3: 
case__74: 
muxpart__44: 
case__71: 
datapath__19: 
logic__21: 
logic__116: 
datapath__31: 
case__91: 
case__47: 
reg__47: 
case__45: 
dsp48e1__10: 
case__26: 
reg__35: 
datapath__47: 
logic__346: 
logic__179: 
reg__38: 
reg__34: 
logic__359: 
datapath__62: 
logic__226: 
dsp48e1__4: 
reg__17: 
case__17: 
logic__192: 
reg__6: 
datapath__17: 
logic__1: 
case__34: 
case__33: 
datapath__36: 
reg__29: 
datapath__35: 
logic__197: 
case__123: 
reg__50: 
case__15: 
logic__102: 
logic__6: 
dsp48e1__9: 
datapath__54: 
datapath__33: 
logic__166: 
reg__42: 
datapath__7: 
case__67: 
case__14: 
logic__103: 
case__58: 
dsp48e1__1: 
case__50: 
case__16: 
logic__385: 
logic__170: 
muxpart__34: 
muxpart__42: 
muxpart__17: 
muxpart__23: 
reg__9: 
logic__366: 
muxpart__22: 
muxpart__25: 
datapath__21: 
logic__184: 
case__81: 
datapath__2: 
muxpart__5: 
case__100: 
muxpart__52: 
logic__18: 
datapath__14: 
case__20: 
reg__32: 
case__35: 
logic__365: 
logic__138: 
reg__24: 
case__56: 
logic__148: 
muxpart__29: 
muxpart__39: 
