logic__310: gameplay_screen__GB4, 
logic__246: gameplay_screen__GB0, 
logic__730: gameplay_screen__GB0, 
reg__2: top_level__GC0, 
datapath__218: gameplay_screen__GB0, 
datapath__656: gameplay_screen__GB3, 
case__184: gameplay_screen__GB0, 
datapath__830: gameplay_screen__GB4, 
datapath__553: gameplay_screen__GB0, 
case__199: gameplay_screen__GB0, 
datapath__607: gameplay_screen__GB3, 
case__115: gameplay_screen__GB1, 
logic__791: gameplay_screen__GB3, 
datapath__699: gameplay_screen__GB0, 
logic__314: gameplay_screen__GB4, 
datapath__304: gameplay_screen__GB4, 
logic__86: gameplay_screen__GB3, 
datapath__113: gameplay_screen__GB2, 
datapath__249: gameplay_screen__GB3, 
datapath__335: gameplay_screen__GB4, 
logic__927: gameplay_screen__GB3, 
datapath__675: gameplay_screen__GB4, 
datapath__318: gameplay_screen__GB3, 
datapath__824: gameplay_screen__GB3, 
logic__247: gameplay_screen__GB0, 
case__71: gameplay_screen__GB1, 
datapath__826: gameplay_screen__GB0, 
case__87: gameplay_screen__GB1, 
datapath__308: gameplay_screen__GB3, 
muxpart__20: gameplay_screen__GB1, 
datapath__775: gameplay_screen__GB3, 
datapath__653: gameplay_screen__GB0, 
datapath__590: gameplay_screen__GB4, 
logic__439: gameplay_screen__GB3, 
logic__795: gameplay_screen__GB2, 
datapath__876: gameplay_screen__GB3, 
case__61: gameplay_screen__GB1, 
logic__1276: gameplay_screen__GB4, 
datapath__817: gameplay_screen__GB3, 
datapath__813: gameplay_screen__GB2, 
logic__1069: gameplay_screen__GB4, 
case__122: gameplay_screen__GB0, 
datapath__207: gameplay_screen__GB0, 
logic__305: gameplay_screen__GB3, 
datapath__274: gameplay_screen__GB0, 
datapath__145: gameplay_screen__GB0, 
logic__792: gameplay_screen__GB4, 
datapath__262: gameplay_screen__GB4, 
case__119: gameplay_screen__GB1, 
case__88: gameplay_screen__GB1, 
datapath__585: gameplay_screen__GB0, 
datapath__394: gameplay_screen__GB0, 
logic__1343: gameplay_screen__GB3, 
reg__53: gameplay_screen__GB0, 
case__91: gameplay_screen__GB1, 
datapath__93: gameplay_screen__GB3, 
datapath__514: gameplay_screen__GB4, 
muxpart__31: gameplay_screen__GB0, 
datapath__246: gameplay_screen__GB3, 
datapath__124: gameplay_screen__GB4, 
datapath__236: gameplay_screen__GB3, 
reg__33: gameplay_screen__GB2, 
case__192: gameplay_screen__GB0, 
case__220: top_level__GC0, 
logic__655: gameplay_screen__GB4, 
logic__19: top_level__GC0, 
datapath__725: gameplay_screen__GB3, 
datapath__89: gameplay_screen__GB4, 
datapath__23: gameplay_screen__GB1, gameplay_screen__GB0, 
datapath__744: gameplay_screen__GB2, 
muxpart__44: gameplay_screen__GB1, 
datapath__504: gameplay_screen__GB4, 
datapath__796: gameplay_screen__GB3, 
muxpart__42: gameplay_screen__GB1, 
datapath__200: gameplay_screen__GB4, 
muxpart__36: gameplay_screen__GB1, 
case__18: gameplay_screen__GB4, 
datapath__492: gameplay_screen__GB0, 
datapath__895: gameplay_screen__GB3, 
logic__731: gameplay_screen__GB0, 
datapath__372: gameplay_screen__GB3, 
datapath__758: gameplay_screen__GB4, 
logic__785: gameplay_screen__GB2, 
datapath__6: top_level__GC0, 
datapath__897: gameplay_screen__GB2, 
logic__522: gameplay_screen__GB0, 
datapath__238: gameplay_screen__GB2, 
case__89: gameplay_screen__GB1, 
reg__72: gameplay_screen__GB1, 
reg__31: gameplay_screen__GB4, 
datapath__634: gameplay_screen__GB4, 
gameplay_screen__GB1: gameplay_screen__GB1, 
logic__231: gameplay_screen__GB0, 
case__171: gameplay_screen__GB0, 
datapath__902: gameplay_screen__GB0, 
datapath__524: gameplay_screen__GB1, 
datapath__214: gameplay_screen__GB4, 
logic__999: gameplay_screen__GB4, 
logic__4187: top_level__GC0, 
datapath__76: gameplay_screen__GB4, 
datapath__548: gameplay_screen__GB4, 
datapath__94: gameplay_screen__GB3, 
reg__19: gameplay_screen__GB0, 
muxpart__35: gameplay_screen__GB1, 
reg__75: gameplay_screen__GB1, 
datapath__142: gameplay_screen__GB1, 
datapath__99: gameplay_screen__GB2, 
datapath__114: gameplay_screen__GB4, 
logic__1339: gameplay_screen__GB4, 
reg__88: top_level__GC0, 
datapath__722: gameplay_screen__GB0, 
datapath__806: gameplay_screen__GB2, 
case__201: top_level__GC0, 
case__84: gameplay_screen__GB1, 
logic__96: gameplay_screen__GB3, 
datapath__616: gameplay_screen__GB2, 
muxpart__54: gameplay_screen__GB1, 
datapath__727: gameplay_screen__GB3, 
logic__1196: gameplay_screen__GB2, 
case__21: gameplay_screen__GB1, 
datapath__493: gameplay_screen__GB4, 
datapath__361: gameplay_screen__GB3, 
datapath__37: gameplay_screen__GB4, 
datapath__597: gameplay_screen__GB4, 
datapath__468: gameplay_screen__GB2, 
logic__298: gameplay_screen__GB3, 
muxpart__38: gameplay_screen__GB0, 
datapath__558: gameplay_screen__GB3, 
logic__992: gameplay_screen__GB0, 
case__62: gameplay_screen__GB1, 
datapath__738: gameplay_screen__GB3, 
logic__48: gameplay_screen__GB4, 
logic__506: gameplay_screen__GB2, 
logic__853: gameplay_screen__GB0, 
reg__62: gameplay_screen__GB0, 
datapath__624: gameplay_screen__GB3, 
case__144: gameplay_screen__GB1, 
case__173: gameplay_screen__GB0, 
logic__593: gameplay_screen__GB2, 
logic__174: gameplay_screen__GB2, 
case__126: gameplay_screen__GB0, 
logic__686: gameplay_screen__GB0, 
datapath__574: gameplay_screen__GB0, 
reg__82: top_level__GC0, 
reg__81: top_level__GC0, 
logic__304: gameplay_screen__GB4, 
reg__27: gameplay_screen__GB3, 
datapath__691: gameplay_screen__GB3, 
datapath__864: gameplay_screen__GB3, 
datapath__705: gameplay_screen__GB0, 
datapath__515: gameplay_screen__GB0, 
logic__722: gameplay_screen__GB0, 
datapath__166: gameplay_screen__GB0, 
logic__578: gameplay_screen__GB2, 
datapath__745: gameplay_screen__GB4, 
reg__24: gameplay_screen__GB2, 
case__140: gameplay_screen__GB1, 
datapath__370: gameplay_screen__GB3, 
datapath__149: gameplay_screen__GB0, 
logic__177: gameplay_screen__GB0, 
logic__104: gameplay_screen__GB3, 
case__66: gameplay_screen__GB1, 
datapath__816: gameplay_screen__GB3, 
case__48: gameplay_screen__GB0, 
datapath__811: gameplay_screen__GB3, 
muxpart__47: gameplay_screen__GB1, 
datapath__267: gameplay_screen__GB2, 
datapath__109: gameplay_screen__GB3, 
datapath__347: gameplay_screen__GB3, 
datapath__314: gameplay_screen__GB1, 
datapath__759: gameplay_screen__GB4, 
datapath__496: gameplay_screen__GB0, 
datapath__24: gameplay_screen__GB1, gameplay_screen__GB0, 
datapath__543: gameplay_screen__GB3, 
case__5: top_level__GC0, 
datapath__729: gameplay_screen__GB0, 
reg__47: gameplay_screen__GB0, 
datapath__689: gameplay_screen__GB1, 
logic__374: gameplay_screen__GB0, 
reg__5: top_level__GC0, 
logic__77: gameplay_screen__GB4, 
logic__1003: gameplay_screen__GB0, 
logic__719: gameplay_screen__GB0, 
logic__167: gameplay_screen__GB0, 
muxpart__37: gameplay_screen__GB0, 
datapath__189: gameplay_screen__GB0, 
reg__3: top_level__GC0, 
datapath__622: gameplay_screen__GB0, 
case__132: gameplay_screen__GB1, 
datapath__126: gameplay_screen__GB4, 
logic__1128: gameplay_screen__GB3, 
datapath__163: gameplay_screen__GB4, 
datapath__637: gameplay_screen__GB2, 
logic__1140: gameplay_screen__GB2, 
datapath__339: gameplay_screen__GB4, 
datapath__122: gameplay_screen__GB3, 
datapath__352: gameplay_screen__GB2, 
logic__370: gameplay_screen__GB3, 
logic__377: gameplay_screen__GB0, 
datapath__472: gameplay_screen__GB4, 
logic__651: gameplay_screen__GB0, 
logic__783: gameplay_screen__GB3, 
case__13: gameplay_screen__GB3, 
datapath__319: gameplay_screen__GB3, 
logic__296: gameplay_screen__GB1, 
logic__165: gameplay_screen__GB2, 
logic__371: gameplay_screen__GB0, 
datapath__187: gameplay_screen__GB0, 
datapath__841: gameplay_screen__GB4, 
logic__1269: gameplay_screen__GB0, 
reg__32: gameplay_screen__GB4, 
datapath__885: gameplay_screen__GB4, 
logic__924: gameplay_screen__GB2, 
datapath__887: gameplay_screen__GB2, 
logic__580: gameplay_screen__GB4, 
logic__591: gameplay_screen__GB0, 
logic__573: gameplay_screen__GB1, 
reg__76: gameplay_screen__GB1, 
datapath__363: gameplay_screen__GB2, 
muxpart__1: top_level__GC0, 
datapath__101: gameplay_screen__GB3, 
logic__649: gameplay_screen__GB4, 
case__150: gameplay_screen__GB1, 
dsp48e1__11: top_level__GC0, 
muxpart__11: gameplay_screen__GB4, 
datapath__325: gameplay_screen__GB4, 
logic__236: gameplay_screen__GB0, 
datapath__232: gameplay_screen__GB2, 
reg__21: gameplay_screen__GB3, 
datapath__264: gameplay_screen__GB3, 
case__211: top_level__GC0, 
datapath__119: gameplay_screen__GB3, 
datapath__527: gameplay_screen__GB3, 
blob__parameterized0: gameplay_screen__GB4, gameplay_screen__GB0, 
datapath__652: gameplay_screen__GB0, 
case__177: gameplay_screen__GB0, 
datapath__165: gameplay_screen__GB0, 
case__102: gameplay_screen__GB1, 
muxpart__13: gameplay_screen__GB4, 
datapath__385: gameplay_screen__GB2, 
datapath__148: gameplay_screen__GB2, 
logic__83: gameplay_screen__GB2, 
logic__11: top_level__GC0, 
logic__442: gameplay_screen__GB4, 
datapath__531: gameplay_screen__GB2, 
datapath__756: gameplay_screen__GB4, 
datapath__327: gameplay_screen__GB3, 
case__179: gameplay_screen__GB0, 
case__44: gameplay_screen__GB1, 
datapath__139: gameplay_screen__GB3, 
logic__1058: gameplay_screen__GB0, 
datapath__140: gameplay_screen__GB2, 
datapath__175: gameplay_screen__GB2, 
case__86: gameplay_screen__GB1, 
datapath__168: gameplay_screen__GB4, 
logic__32: gameplay_screen__GB4, gameplay_screen__GB0, 
case__52: gameplay_screen__GB1, 
reg__68: gameplay_screen__GB1, 
datapath__268: gameplay_screen__GB2, 
datapath__421: gameplay_screen__GB4, 
case__157: gameplay_screen__GB1, 
case__16: gameplay_screen__GB4, 
datapath__499: gameplay_screen__GB4, 
datapath__453: gameplay_screen__GB0, 
datapath__486: gameplay_screen__GB0, 
datapath__857: gameplay_screen__GB0, 
case__172: gameplay_screen__GB0, 
logic__454: gameplay_screen__GB3, 
logic__643: gameplay_screen__GB0, 
logic__1331: gameplay_screen__GB0, 
datapath__49: gameplay_screen__GB3, 
case__161: gameplay_screen__GB1, 
datapath__115: gameplay_screen__GB4, 
datapath__874: gameplay_screen__GB3, 
case__94: gameplay_screen__GB1, 
case__193: gameplay_screen__GB0, 
datapath__73: gameplay_screen__GB3, 
logic__385: gameplay_screen__GB3, 
reg__28: gameplay_screen__GB4, 
datapath__167: gameplay_screen__GB4, 
datapath__644: gameplay_screen__GB3, 
logic__1400: gameplay_screen__GB1, 
case__100: gameplay_screen__GB1, 
logic__1143: gameplay_screen__GB3, 
muxpart__40: gameplay_screen__GB1, 
case__198: gameplay_screen__GB0, 
datapath__91: gameplay_screen__GB4, 
datapath__619: gameplay_screen__GB4, 
case__120: gameplay_screen__GB1, 
logic__1207: gameplay_screen__GB4, 
datapath__50: gameplay_screen__GB3, 
datapath__79: gameplay_screen__GB4, 
datapath__730: gameplay_screen__GB0, 
datapath__287: gameplay_screen__GB3, 
logic__97: gameplay_screen__GB4, 
datapath__511: gameplay_screen__GB0, 
datapath__380: gameplay_screen__GB4, 
logic__437: gameplay_screen__GB2, 
datapath__587: gameplay_screen__GB4, 
logic__1280: gameplay_screen__GB4, 
datapath__774: gameplay_screen__GB3, 
datapath__502: gameplay_screen__GB0, 
logic__57: gameplay_screen__GB4, 
gameplay_screen__GB2: gameplay_screen__GB2, 
logic__450: gameplay_screen__GB2, 
logic__1064: gameplay_screen__GB0, 
logic__3101: gameplay_screen__GB1, 
logic__862: gameplay_screen__GB4, 
datapath__615: gameplay_screen__GB2, 
datapath__297: gameplay_screen__GB4, 
datapath__196: gameplay_screen__GB0, 
logic__373: gameplay_screen__GB4, 
case__41: gameplay_screen__GB1, 
datapath__859: gameplay_screen__GB3, 
logic__1065: gameplay_screen__GB3, 
datapath__747: gameplay_screen__GB3, 
logic__34: gameplay_screen__GB4, gameplay_screen__GB0, 
datapath__869: gameplay_screen__GB2, 
logic__1007: gameplay_screen__GB0, 
datapath__434: gameplay_screen__GB2, 
datapath__69: gameplay_screen__GB4, 
logic__648: gameplay_screen__GB2, 
logic__440: gameplay_screen__GB2, 
logic__866: gameplay_screen__GB4, 
datapath__737: gameplay_screen__GB3, 
datapath__834: gameplay_screen__GB3, 
logic__67: gameplay_screen__GB3, 
datapath__441: gameplay_screen__GB2, 
datapath__849: gameplay_screen__GB4, 
datapath__526: gameplay_screen__GB2, 
logic__18: top_level__GC0, 
logic__307: gameplay_screen__GB4, 
logic__1266: gameplay_screen__GB3, 
datapath__538: gameplay_screen__GB3, 
logic__577: gameplay_screen__GB0, 
logic__245: gameplay_screen__GB4, 
datapath__105: gameplay_screen__GB2, 
datapath__612: gameplay_screen__GB3, 
datapath__651: gameplay_screen__GB0, 
case__175: gameplay_screen__GB0, 
datapath__891: gameplay_screen__GB4, 
datapath__754: gameplay_screen__GB3, 
logic__715: gameplay_screen__GB0, 
case__146: gameplay_screen__GB1, 
datapath__382: gameplay_screen__GB4, 
datapath__593: gameplay_screen__GB0, 
case__138: gameplay_screen__GB1, 
datapath__807: gameplay_screen__GB4, 
logic__723: gameplay_screen__GB4, 
datapath__899: gameplay_screen__GB1, 
datapath__181: gameplay_screen__GB2, 
datapath__734: gameplay_screen__GB1, 
datapath__312: gameplay_screen__GB3, 
datapath__400: gameplay_screen__GB2, 
muxpart__19: gameplay_screen__GB1, 
datapath__217: gameplay_screen__GB0, 
datapath__447: gameplay_screen__GB0, 
datapath__791: gameplay_screen__GB3, 
logic__80: gameplay_screen__GB4, 
datapath__96: gameplay_screen__GB2, 
datapath__861: gameplay_screen__GB2, 
logic__1593: gameplay_screen__GB1, 
datapath__439: gameplay_screen__GB0, 
logic__436: gameplay_screen__GB3, 
muxpart__25: gameplay_screen__GB1, 
logic__919: gameplay_screen__GB3, 
muxpart__22: gameplay_screen__GB1, 
logic__1071: gameplay_screen__GB0, 
logic__239: gameplay_screen__GB0, 
datapath__650: gameplay_screen__GB1, 
muxpart__45: gameplay_screen__GB1, 
case__36: gameplay_screen__GB1, 
logic__589: gameplay_screen__GB2, 
logic__1344: gameplay_screen__GB4, 
case__134: gameplay_screen__GB1, 
logic__863: gameplay_screen__GB4, 
datapath__709: gameplay_screen__GB4, 
datapath__825: gameplay_screen__GB0, 
datapath__180: gameplay_screen__GB0, 
datapath__46: gameplay_screen__GB2, 
datapath__407: gameplay_screen__GB2, 
datapath__591: gameplay_screen__GB4, 
case__116: gameplay_screen__GB1, 
datapath__459: gameplay_screen__GB0, 
case__147: gameplay_screen__GB1, 
datapath__432: gameplay_screen__GB0, 
case__197: gameplay_screen__GB0, 
logic__89: gameplay_screen__GB3, 
logic__962: gameplay_screen__GB1, 
reg__23: gameplay_screen__GB2, 
datapath__18: top_level__GC0, 
datapath__16: top_level__GC0, 
datapath__508: gameplay_screen__GB4, 
logic__380: gameplay_screen__GB4, 
logic__162: gameplay_screen__GB0, 
datapath__633: gameplay_screen__GB4, 
logic__26: gameplay_screen__GB0, 
logic__24: top_level__GC0, 
datapath__315: gameplay_screen__GB2, 
logic__1271: gameplay_screen__GB0, 
datapath__469: gameplay_screen__GB0, 
case__165: gameplay_screen__GB1, 
datapath__545: gameplay_screen__GB4, 
datapath__476: gameplay_screen__GB2, 
logic__27: gameplay_screen__GB0, 
case__64: gameplay_screen__GB1, 
datapath__672: gameplay_screen__GB4, 
datapath__835: gameplay_screen__GB4, 
datapath__103: gameplay_screen__GB1, 
datapath__455: gameplay_screen__GB0, 
datapath__185: gameplay_screen__GB0, 
case__189: gameplay_screen__GB0, 
datapath__355: gameplay_screen__GB0, 
logic__920: gameplay_screen__GB0, 
logic__994: gameplay_screen__GB4, 
logic__1145: gameplay_screen__GB2, 
case__60: gameplay_screen__GB1, 
case__149: gameplay_screen__GB1, 
pause_screen: top_level__GC0, 
logic__92: gameplay_screen__GB4, 
datapath__550: gameplay_screen__GB4, 
reg__59: gameplay_screen__GB0, 
logic__29: gameplay_screen__GB1, gameplay_screen__GB0, 
logic__1130: gameplay_screen__GB2, 
muxpart__58: gameplay_screen__GB1, 
datapath__466: gameplay_screen__GB4, 
logic__864: gameplay_screen__GB0, 
datapath__408: gameplay_screen__GB2, 
datapath__643: gameplay_screen__GB3, 
logic__386: gameplay_screen__GB0, 
logic__1351: gameplay_screen__GB3, 
logic__579: gameplay_screen__GB2, 
datapath__182: gameplay_screen__GB2, 
datapath__384: gameplay_screen__GB2, 
datapath__84: gameplay_screen__GB2, 
datapath__183: gameplay_screen__GB2, 
datapath__632: gameplay_screen__GB4, 
logic__575: gameplay_screen__GB2, 
case__160: gameplay_screen__GB1, 
logic__79: gameplay_screen__GB2, 
datapath__85: gameplay_screen__GB2, 
reg__71: gameplay_screen__GB0, 
datapath__636: gameplay_screen__GB2, 
case__6: top_level__GC0, 
logic__796: gameplay_screen__GB1, 
datapath__820: gameplay_screen__GB0, 
datapath__904: top_level__GC0, 
logic__448: gameplay_screen__GB4, 
datapath__396: gameplay_screen__GB0, 
case__191: gameplay_screen__GB0, 
reg__38: gameplay_screen__GB2, 
logic__520: gameplay_screen__GB2, 
datapath__137: gameplay_screen__GB3, 
datapath__838: gameplay_screen__GB0, 
datapath__676: gameplay_screen__GB4, 
datapath__157: gameplay_screen__GB4, 
logic__784: gameplay_screen__GB3, 
datapath__884: gameplay_screen__GB4, 
datapath__792: gameplay_screen__GB3, 
datapath__617: gameplay_screen__GB2, 
logic__44: gameplay_screen__GB1, 
logic__1283: gameplay_screen__GB0, 
muxpart__21: gameplay_screen__GB1, 
logic__986: gameplay_screen__GB1, 
logic__235: gameplay_screen__GB4, 
datapath__298: gameplay_screen__GB4, 
datapath__133: gameplay_screen__GB2, 
logic__244: gameplay_screen__GB0, 
datapath__523: gameplay_screen__GB3, 
case__103: gameplay_screen__GB1, 
logic__229: gameplay_screen__GB0, 
datapath__75: gameplay_screen__GB4, 
logic__932: gameplay_screen__GB4, 
case__153: gameplay_screen__GB1, 
datapath__184: gameplay_screen__GB2, 
datapath__802: gameplay_screen__GB4, 
datapath__404: gameplay_screen__GB0, 
datapath__26: gameplay_screen__GB1, gameplay_screen__GB0, 
logic__153: gameplay_screen__GB1, 
datapath__413: gameplay_screen__GB0, 
datapath__30: gameplay_screen__GB4, gameplay_screen__GB0, 
case__39: gameplay_screen__GB1, 
datapath__397: gameplay_screen__GB0, 
logic__921: gameplay_screen__GB3, 
datapath__815: gameplay_screen__GB1, 
logic__455: gameplay_screen__GB2, 
case__212: top_level__GC0, 
datapath__711: gameplay_screen__GB3, 
datapath__529: gameplay_screen__GB3, 
reg__65: gameplay_screen__GB0, 
case__32: gameplay_screen__GB1, 
datapath__576: gameplay_screen__GB0, 
reg: top_level__GC0, 
datapath__712: gameplay_screen__GB3, 
muxpart__30: gameplay_screen__GB0, 
dsp48e1__4: top_level__GC0, 
datapath__855: gameplay_screen__GB0, 
datapath__343: gameplay_screen__GB2, 
muxpart__50: gameplay_screen__GB0, 
datapath__595: gameplay_screen__GB0, 
datapath__284: gameplay_screen__GB4, 
case__141: gameplay_screen__GB1, 
datapath__735: gameplay_screen__GB2, 
case__114: gameplay_screen__GB1, 
case__123: gameplay_screen__GB0, 
case__135: gameplay_screen__GB1, 
logic__1342: gameplay_screen__GB4, 
case__57: gameplay_screen__GB1, 
case__186: gameplay_screen__GB0, 
logic__1338: gameplay_screen__GB2, 
datapath__801: gameplay_screen__GB4, 
logic__1198: gameplay_screen__GB3, 
logic__998: gameplay_screen__GB3, 
datapath__55: gameplay_screen__GB2, 
logic__1334: gameplay_screen__GB2, 
datapath__475: gameplay_screen__GB2, 
datapath__276: gameplay_screen__GB0, 
muxpart__9: top_level__GC0, 
datapath__609: gameplay_screen__GB0, 
logic__933: gameplay_screen__GB2, 
datapath__193: gameplay_screen__GB0, 
logic__581: gameplay_screen__GB0, 
muxpart__2: top_level__GC0, 
case__28: gameplay_screen__GB1, 
datapath__882: gameplay_screen__GB4, 
datapath__836: gameplay_screen__GB4, 
datapath__852: gameplay_screen__GB3, 
logic__169: gameplay_screen__GB4, 
logic__659: gameplay_screen__GB4, 
datapath__704: gameplay_screen__GB4, 
logic__644: gameplay_screen__GB2, 
logic__1274: gameplay_screen__GB0, 
datapath__566: gameplay_screen__GB0, 
reg__51: gameplay_screen__GB0, 
datapath__383: gameplay_screen__GB2, 
case__47: gameplay_screen__GB1, 
datapath__490: gameplay_screen__GB0, 
datapath__827: gameplay_screen__GB0, 
datapath__270: gameplay_screen__GB0, 
datapath__707: gameplay_screen__GB3, 
logic__646: gameplay_screen__GB0, 
datapath__10: top_level__GC0, 
datapath__714: gameplay_screen__GB4, 
logic__507: gameplay_screen__GB3, 
logic__1270: gameplay_screen__GB4, 
case__167: gameplay_screen__GB1, 
datapath__237: gameplay_screen__GB2, 
datapath__780: gameplay_screen__GB3, 
logic__36: gameplay_screen__GB4, gameplay_screen__GB0, 
logic__82: gameplay_screen__GB2, 
reg__4: top_level__GC0, 
datapath__323: gameplay_screen__GB2, 
logic__1100: gameplay_screen__GB1, 
case__10: top_level__GC0, 
datapath__144: gameplay_screen__GB0, 
logic__787: gameplay_screen__GB4, 
datapath__277: gameplay_screen__GB3, 
logic__75: gameplay_screen__GB4, 
datapath__178: gameplay_screen__GB4, 
datapath__600: gameplay_screen__GB3, 
datapath__880: gameplay_screen__GB3, 
datapath__478: gameplay_screen__GB2, 
datapath__546: gameplay_screen__GB4, 
logic__444: gameplay_screen__GB3, 
case__99: gameplay_screen__GB1, 
case__133: gameplay_screen__GB1, 
logic__1129: gameplay_screen__GB3, 
datapath__190: gameplay_screen__GB0, 
case__42: gameplay_screen__GB0, 
datapath__293: gameplay_screen__GB4, 
datapath__881: gameplay_screen__GB4, 
datapath__128: gameplay_screen__GB4, 
start_screen: top_level__GC0, 
logic__31: gameplay_screen__GB1, gameplay_screen__GB0, 
case__176: gameplay_screen__GB0, 
datapath__45: gameplay_screen__GB2, 
datapath__342: gameplay_screen__GB2, 
datapath__489: gameplay_screen__GB0, 
pause_map: top_level__GC0, 
logic__518: gameplay_screen__GB4, 
logic__645: gameplay_screen__GB0, 
datapath__13: top_level__GC0, 
datapath__706: gameplay_screen__GB0, 
reg__64: gameplay_screen__GB1, 
logic__918: gameplay_screen__GB1, 
reg__9: top_level__GC0, 
logic__1238: gameplay_screen__GB1, 
datapath__568: gameplay_screen__GB0, 
datapath__63: gameplay_screen__GB3, 
dsp48e1__7: top_level__GC0, 
logic__1138: gameplay_screen__GB4, 
case__59: gameplay_screen__GB1, 
logic__521: gameplay_screen__GB4, 
logic__300: gameplay_screen__GB3, 
logic__1213: gameplay_screen__GB3, 
datapath__495: gameplay_screen__GB0, 
datapath__330: gameplay_screen__GB3, 
datapath__660: gameplay_screen__GB0, 
datapath__52: gameplay_screen__GB3, 
datapath__750: gameplay_screen__GB3, 
banner_green: top_level__GC0, 
datapath__231: gameplay_screen__GB2, 
logic__435: gameplay_screen__GB1, 
datapath__454: gameplay_screen__GB0, 
datapath__528: gameplay_screen__GB3, 
datapath__688: gameplay_screen__GB0, 
case__128: gameplay_screen__GB0, 
datapath__614: gameplay_screen__GB3, 
logic__1340: gameplay_screen__GB3, 
datapath__808: gameplay_screen__GB4, 
logic__129: gameplay_screen__GB1, 
datapath__250: gameplay_screen__GB3, 
logic__512: gameplay_screen__GB3, 
logic__94: gameplay_screen__GB3, 
logic__856: gameplay_screen__GB4, 
reg__34: gameplay_screen__GB2, 
logic__4189: top_level__GC0, 
case__181: gameplay_screen__GB0, 
logic__238: gameplay_screen__GB4, 
reg__14: gameplay_screen__GB3, 
logic__1333: gameplay_screen__GB3, 
datapath__273: gameplay_screen__GB0, 
datapath__390: gameplay_screen__GB0, 
datapath__901: gameplay_screen__GB1, 
logic__712: gameplay_screen__GB0, 
case__151: gameplay_screen__GB1, 
logic__1352: gameplay_screen__GB2, 
datapath__316: gameplay_screen__GB2, 
logic__1004: gameplay_screen__GB4, 
datapath__245: gameplay_screen__GB3, 
case__187: gameplay_screen__GB0, 
datapath__803: gameplay_screen__GB2, 
case__17: gameplay_screen__GB4, 
datapath__269: gameplay_screen__GB1, 
banner_red: top_level__GC0, 
case__31: gameplay_screen__GB1, 
datapath__423: gameplay_screen__GB4, 
muxpart__4: top_level__GC0, 
datapath__753: gameplay_screen__GB3, 
datapath__639: gameplay_screen__GB4, 
datapath__17: top_level__GC0, 
datapath__265: gameplay_screen__GB2, 
muxpart__16: gameplay_screen__GB1, 
datapath__640: gameplay_screen__GB4, 
datapath__80: gameplay_screen__GB4, 
datapath__199: gameplay_screen__GB4, 
datapath__693: gameplay_screen__GB0, 
datapath__530: gameplay_screen__GB3, 
case__3: top_level__GC0, 
datapath__790: gameplay_screen__GB3, 
datapath__867: gameplay_screen__GB2, 
logic__1481: gameplay_screen__GB1, 
datapath__532: gameplay_screen__GB2, 
datapath__708: gameplay_screen__GB3, 
logic__642: gameplay_screen__GB1, 
datapath__282: gameplay_screen__GB0, 
datapath__418: gameplay_screen__GB0, 
logic__990: gameplay_screen__GB0, 
datapath__425: gameplay_screen__GB2, 
datapath__570: gameplay_screen__GB3, 
datapath__230: gameplay_screen__GB1, 
datapath__818: gameplay_screen__GB0, 
logic__514: gameplay_screen__GB4, 
case__200: gameplay_screen__GB0, 
logic__588: gameplay_screen__GB2, 
datapath__362: gameplay_screen__GB3, 
logic__1: top_level__GC0, 
muxpart: top_level__GC0, 
datapath__683: gameplay_screen__GB0, 
datapath__498: gameplay_screen__GB0, 
datapath__172: gameplay_screen__GB4, 
datapath__143: gameplay_screen__GB1, 
datapath__662: gameplay_screen__GB4, 
datapath__690: gameplay_screen__GB3, 
datapath__473: gameplay_screen__GB0, 
logic__1281: gameplay_screen__GB3, 
reg__63: gameplay_screen__GB0, 
logic__91: gameplay_screen__GB2, 
case__23: gameplay_screen__GB1, 
case__218: top_level__GC0, 
datapath__281: gameplay_screen__GB0, 
logic__1282: gameplay_screen__GB3, 
datapath__130: gameplay_screen__GB2, 
logic__717: gameplay_screen__GB0, 
case__180: gameplay_screen__GB0, 
logic__583: gameplay_screen__GB4, 
datapath__353: gameplay_screen__GB1, 
case__14: gameplay_screen__GB1, 
logic__718: gameplay_screen__GB4, 
logic__1132: gameplay_screen__GB4, 
muxpart__7: top_level__GC0, 
datapath__781: gameplay_screen__GB3, 
logic__241: gameplay_screen__GB4, 
logic__479: gameplay_screen__GB1, 
logic__20: top_level__GC0, 
datapath__420: gameplay_screen__GB4, 
logic__1133: gameplay_screen__GB3, 
datapath__620: gameplay_screen__GB4, 
datapath__161: gameplay_screen__GB0, 
datapath__497: gameplay_screen__GB0, 
logic__509: gameplay_screen__GB2, 
datapath__102: gameplay_screen__GB3, 
muxpart__33: gameplay_screen__GB0, 
datapath__862: gameplay_screen__GB2, 
datapath__146: gameplay_screen__GB0, 
logic__1273: gameplay_screen__GB4, 
reg__11: top_level__GC0, 
datapath__367: gameplay_screen__GB4, 
reg__80: gameplay_screen__GB1, 
case__162: gameplay_screen__GB1, 
datapath: top_level__GC0, 
logic__438: gameplay_screen__GB3, 
datapath__106: gameplay_screen__GB3, 
datapath__565: gameplay_screen__GB3, 
datapath__866: gameplay_screen__GB3, 
logic__14: top_level__GC0, 
datapath__34: gameplay_screen__GB4, gameplay_screen__GB0, 
case__113: gameplay_screen__GB1, 
case__43: gameplay_screen__GB0, 
datapath__417: gameplay_screen__GB0, 
datapath__39: gameplay_screen__GB4, 
datapath__338: gameplay_screen__GB4, 
datapath__810: gameplay_screen__GB3, 
logic__930: gameplay_screen__GB4, 
logic__65: gameplay_screen__GB2, 
logic__2: top_level__GC0, 
logic: top_level__GC0, 
datapath__401: gameplay_screen__GB0, 
logic__100: gameplay_screen__GB2, 
case__55: gameplay_screen__GB0, 
logic__987: gameplay_screen__GB1, 
datapath__896: gameplay_screen__GB3, 
datapath__388: gameplay_screen__GB4, 
datapath__409: gameplay_screen__GB4, 
datapath__177: gameplay_screen__GB4, 
datapath__111: gameplay_screen__GB2, 
datapath__275: gameplay_screen__GB0, 
datapath__671: gameplay_screen__GB4, 
logic__434: gameplay_screen__GB1, 
datapath__731: gameplay_screen__GB1, 
logic__713: gameplay_screen__GB0, 
logic__781: gameplay_screen__GB3, 
datapath__471: gameplay_screen__GB4, 
counter__2: top_level__GC0, 
xvga: top_level__GC0, 
datapath__442: gameplay_screen__GB2, 
reg__25: gameplay_screen__GB4, 
logic__1062: gameplay_screen__GB0, 
datapath__414: gameplay_screen__GB0, 
logic__1125: gameplay_screen__GB1, 
datapath__21: gameplay_screen__GB0, 
logic__793: gameplay_screen__GB4, 
datapath__257: gameplay_screen__GB2, 
logic__861: gameplay_screen__GB4, 
datapath__36: gameplay_screen__GB3, 
datapath__129: gameplay_screen__GB4, 
logic__445: gameplay_screen__GB4, 
reg__35: gameplay_screen__GB0, 
datapath__893: gameplay_screen__GB3, 
datapath__399: gameplay_screen__GB2, 
datapath__768: gameplay_screen__GB3, 
datapath__121: gameplay_screen__GB4, 
datapath__160: gameplay_screen__GB0, 
datapath__533: gameplay_screen__GB2, 
datapath__15: top_level__GC0, 
datapath__716: gameplay_screen__GB4, 
datapath__141: gameplay_screen__GB2, 
datapath__535: gameplay_screen__GB4, 
logic__925: gameplay_screen__GB4, 
logic__1264: gameplay_screen__GB3, 
datapath__152: gameplay_screen__GB0, 
datapath__301: gameplay_screen__GB0, 
datapath__814: gameplay_screen__GB2, 
datapath__832: gameplay_screen__GB0, 
datapath__402: gameplay_screen__GB0, 
datapath__451: gameplay_screen__GB4, 
datapath__112: gameplay_screen__GB2, 
logic__510: gameplay_screen__GB2, 
dsp48e1__2: top_level__GC0, 
case__1: top_level__GC0, 
case__9: top_level__GC0, 
datapath__625: gameplay_screen__GB4, 
datapath__215: gameplay_screen__GB0, 
datapath__368: gameplay_screen__GB4, 
logic__517: gameplay_screen__GB4, 
logic__449: gameplay_screen__GB4, 
logic__1348: gameplay_screen__GB2, 
datapath__279: gameplay_screen__GB0, 
case__79: gameplay_screen__GB1, 
datapath__883: gameplay_screen__GB4, 
logic__1072: gameplay_screen__GB0, 
datapath__216: gameplay_screen__GB0, 
logic__989: gameplay_screen__GB0, 
logic__995: gameplay_screen__GB3, 
datapath__54: gameplay_screen__GB2, 
logic__850: gameplay_screen__GB3, 
logic__1268: gameplay_screen__GB0, 
datapath__58: gameplay_screen__GB2, 
datapath__505: gameplay_screen__GB4, 
datapath__333: gameplay_screen__GB3, 
logic__503: gameplay_screen__GB1, 
logic__69: gameplay_screen__GB2, 
case__182: gameplay_screen__GB0, 
datapath__78: gameplay_screen__GB4, 
datapath__150: gameplay_screen__GB0, 
datapath__645: gameplay_screen__GB2, 
logic__443: gameplay_screen__GB3, 
case__25: gameplay_screen__GB0, 
reg__85: top_level__GC0, 
datapath__258: gameplay_screen__GB2, 
datapath__435: gameplay_screen__GB2, 
datapath__739: gameplay_screen__GB3, 
datapath__92: gameplay_screen__GB0, 
datapath__623: gameplay_screen__GB3, 
reg__66: gameplay_screen__GB1, 
datapath__35: gameplay_screen__GB3, 
case__34: gameplay_screen__GB1, 
datapath__317: gameplay_screen__GB3, 
datapath__785: gameplay_screen__GB2, 
datapath__905: top_level__GC0, 
logic__447: gameplay_screen__GB4, 
logic__66: gameplay_screen__GB3, 
datapath__663: gameplay_screen__GB3, 
datapath__118: gameplay_screen__GB3, 
datapath__456: gameplay_screen__GB0, 
blob__parameterized1: gameplay_screen__GB4, gameplay_screen__GB0, 
datapath__592: gameplay_screen__GB4, 
case__46: gameplay_screen__GB0, 
logic__103: gameplay_screen__GB3, 
datapath__430: gameplay_screen__GB4, 
reg__22: gameplay_screen__GB3, 
reg__10: top_level__GC0, 
datapath__559: gameplay_screen__GB3, 
logic__572: gameplay_screen__GB1, 
logic__1131: gameplay_screen__GB2, 
datapath__313: gameplay_screen__GB3, 
datapath__431: gameplay_screen__GB0, 
logic__1126: gameplay_screen__GB3, 
case__168: gameplay_screen__GB1, 
datapath__728: gameplay_screen__GB3, 
logic__857: gameplay_screen__GB3, 
reg__36: gameplay_screen__GB3, 
logic__1277: gameplay_screen__GB4, 
logic__30: gameplay_screen__GB1, gameplay_screen__GB0, 
datapath__288: gameplay_screen__GB3, 
datapath__669: gameplay_screen__GB3, 
datapath__522: gameplay_screen__GB3, 
logic__1278: gameplay_screen__GB0, 
muxpart__41: gameplay_screen__GB1, 
datapath__752: gameplay_screen__GB4, 
datapath__684: gameplay_screen__GB0, 
logic__78: gameplay_screen__GB2, 
logic__1208: gameplay_screen__GB4, 
logic__934: gameplay_screen__GB2, 
datapath__786: gameplay_screen__GB2, 
logic__582: gameplay_screen__GB0, 
datapath__479: gameplay_screen__GB0, 
datapath__540: gameplay_screen__GB3, 
datapath__853: gameplay_screen__GB3, 
logic__794: gameplay_screen__GB4, 
datapath__789: gameplay_screen__GB3, 
logic__17: top_level__GC0, 
datapath__138: gameplay_screen__GB3, 
datapath__371: gameplay_screen__GB3, 
logic__1482: gameplay_screen__GB1, 
logic__301: gameplay_screen__GB3, 
logic__1336: gameplay_screen__GB3, 
datapath__578: gameplay_screen__GB4, 
datapath__395: gameplay_screen__GB1, 
datapath__328: gameplay_screen__GB3, 
case__70: gameplay_screen__GB1, 
logic__584: gameplay_screen__GB0, 
logic__311: gameplay_screen__GB4, 
datapath__845: gameplay_screen__GB0, 
case__40: gameplay_screen__GB1, 
logic__1075: gameplay_screen__GB3, 
reg__50: gameplay_screen__GB1, 
datapath__793: gameplay_screen__GB4, 
logic__991: gameplay_screen__GB3, 
logic__868: gameplay_screen__GB3, 
datapath__821: gameplay_screen__GB3, 
case__53: gameplay_screen__GB1, 
logic__101: gameplay_screen__GB2, 
datapath__359: gameplay_screen__GB3, 
case__97: gameplay_screen__GB1, 
datapath__903: top_level__GC0, 
muxpart__23: gameplay_screen__GB1, 
case__174: gameplay_screen__GB0, 
datapath__386: gameplay_screen__GB2, 
datapath__164: gameplay_screen__GB4, 
logic__728: gameplay_screen__GB4, 
case__22: gameplay_screen__GB1, 
reg__13: top_level__GC0, 
muxpart__60: gameplay_screen__GB1, 
logic__1063: gameplay_screen__GB4, 
case__49: gameplay_screen__GB0, 
logic__1000: gameplay_screen__GB4, 
reg__39: gameplay_screen__GB0, 
datapath__443: gameplay_screen__GB0, 
logic__384: gameplay_screen__GB0, 
logic__917: gameplay_screen__GB0, 
datapath__344: gameplay_screen__GB2, 
logic__1001: gameplay_screen__GB4, 
logic__1073: gameplay_screen__GB4, 
logic__1057: gameplay_screen__GB3, 
datapath__95: gameplay_screen__GB2, 
logic__1337: gameplay_screen__GB2, 
datapath__877: gameplay_screen__GB4, 
case__38: gameplay_screen__GB1, 
datapath__696: gameplay_screen__GB3, 
logic__997: gameplay_screen__GB4, 
logic__824: gameplay_screen__GB1, 
logic__1055: gameplay_screen__GB1, 
datapath__886: gameplay_screen__GB4, 
clk_wiz_0: top_level__GC0, 
case__11: top_level__GC0, 
dsp48e1: top_level__GC0, 
datapath__219: gameplay_screen__GB4, 
case__130: gameplay_screen__GB1, 
logic__73: gameplay_screen__GB4, 
logic__317: gameplay_screen__GB2, 
datapath__429: gameplay_screen__GB4, 
case__75: gameplay_screen__GB1, 
datapath__378: gameplay_screen__GB4, 
reg__6: top_level__GC0, 
datapath__202: gameplay_screen__GB0, 
logic__1214: gameplay_screen__GB2, 
logic__382: gameplay_screen__GB0, 
logic__3: top_level__GC0, 
case__125: gameplay_screen__GB0, 
datapath__611: gameplay_screen__GB3, 
datapath__305: gameplay_screen__GB0, 
logic__102: gameplay_screen__GB4, 
instructions_rom: top_level__GC0, 
logic__1141: gameplay_screen__GB2, 
datapath__31: gameplay_screen__GB4, gameplay_screen__GB0, 
logic__800: gameplay_screen__GB2, 
logic__87: gameplay_screen__GB2, 
datapath__665: gameplay_screen__GB3, 
muxpart__26: gameplay_screen__GB1, 
datapath__840: gameplay_screen__GB4, 
datapath__594: gameplay_screen__GB0, 
logic__243: gameplay_screen__GB0, 
datapath__642: gameplay_screen__GB0, 
datapath__357: gameplay_screen__GB2, 
reg__7: top_level__GC0, 
datapath__666: gameplay_screen__GB3, 
logic__166: gameplay_screen__GB4, 
datapath__843: gameplay_screen__GB4, 
datapath__580: gameplay_screen__GB3, 
datapath__481: gameplay_screen__GB0, 
datapath__419: gameplay_screen__GB4, 
logic__203: gameplay_screen__GB0, 
logic__313: gameplay_screen__GB2, 
start_logo: top_level__GC0, 
datapath__748: gameplay_screen__GB3, 
datapath__248: gameplay_screen__GB4, 
case__124: gameplay_screen__GB0, 
logic__76: gameplay_screen__GB4, 
logic__1139: gameplay_screen__GB4, 
case__20: gameplay_screen__GB1, 
logic__1066: gameplay_screen__GB4, 
reg__54: gameplay_screen__GB0, 
logic__375: gameplay_screen__GB3, 
case__139: gameplay_screen__GB1, 
logic__376: gameplay_screen__GB4, 
datapath__203: gameplay_screen__GB0, 
datapath__500: gameplay_screen__GB4, 
datapath__703: gameplay_screen__GB4, 
datapath__405: gameplay_screen__GB2, 
logic__729: gameplay_screen__GB0, 
case__156: gameplay_screen__GB1, 
datapath__503: gameplay_screen__GB4, 
logic__1211: gameplay_screen__GB4, 
datapath__788: gameplay_screen__GB4, 
logic__711: gameplay_screen__GB1, 
case__163: gameplay_screen__GB1, 
datapath__309: gameplay_screen__GB0, 
logic__446: gameplay_screen__GB3, 
case__194: gameplay_screen__GB0, 
datapath__677: gameplay_screen__GB0, 
datapath__477: gameplay_screen__GB2, 
logic__1195: gameplay_screen__GB3, 
reg__40: gameplay_screen__GB1, 
logic__4185: gameplay_screen__GB1, 
datapath__694: gameplay_screen__GB0, 
datapath__271: gameplay_screen__GB0, 
case__105: gameplay_screen__GB1, 
case__166: gameplay_screen__GB1, 
datapath__534: gameplay_screen__GB2, 
datapath__329: gameplay_screen__GB3, 
logic__852: gameplay_screen__GB3, 
datapath__485: gameplay_screen__GB0, 
case__37: gameplay_screen__GB1, 
muxpart__29: gameplay_screen__GB0, 
datapath__365: gameplay_screen__GB2, 
datapath__412: gameplay_screen__GB0, 
case__15: gameplay_screen__GB4, 
logic__365: gameplay_screen__GB1, 
datapath__381: gameplay_screen__GB4, 
datapath__65: gameplay_screen__GB3, 
datapath__332: gameplay_screen__GB4, 
datapath__549: gameplay_screen__GB4, 
case__158: gameplay_screen__GB1, 
datapath__147: gameplay_screen__GB2, 
logic__935: gameplay_screen__GB4, 
datapath__457: gameplay_screen__GB4, 
datapath__518: gameplay_screen__GB0, 
case__19: gameplay_screen__GB1, 
logic__1350: gameplay_screen__GB3, 
datapath__283: gameplay_screen__GB4, 
logic__641: gameplay_screen__GB0, 
datapath__799: gameplay_screen__GB4, 
datapath__176: gameplay_screen__GB2, 
muxpart__10: top_level__GC0, 
datapath__322: gameplay_screen__GB2, 
logic__1203: gameplay_screen__GB3, 
datapath__860: gameplay_screen__GB1, 
reg__29: gameplay_screen__GB3, 
datapath__657: gameplay_screen__GB0, 
datapath__582: gameplay_screen__GB3, 
datapath__572: gameplay_screen__GB0, 
datapath__581: gameplay_screen__GB3, 
datapath__125: gameplay_screen__GB4, 
datapath__847: gameplay_screen__GB0, 
logic__1569: gameplay_screen__GB1, 
case__92: gameplay_screen__GB1, 
datapath__871: gameplay_screen__GB4, 
logic__341: gameplay_screen__GB1, 
datapath__135: gameplay_screen__GB4, 
logic__755: gameplay_screen__GB0, 
logic__309: gameplay_screen__GB4, 
logic__70: gameplay_screen__GB4, 
logic__6: top_level__GC0, 
case__101: gameplay_screen__GB1, 
logic__1210: gameplay_screen__GB2, 
datapath__56: gameplay_screen__GB2, 
datapath__3: top_level__GC0, 
logic__61: gameplay_screen__GB4, 
case__85: gameplay_screen__GB1, 
datapath__211: gameplay_screen__GB4, 
datapath__667: gameplay_screen__GB4, 
datapath__579: gameplay_screen__GB3, 
datapath__81: gameplay_screen__GB4, 
datapath__519: gameplay_screen__GB0, 
blob__parameterized2: gameplay_screen__GB0, 
datapath__90: gameplay_screen__GB4, 
logic__1068: gameplay_screen__GB4, 
case__98: gameplay_screen__GB1, 
datapath__43: gameplay_screen__GB0, 
reg__87: top_level__GC0, 
datapath__898: gameplay_screen__GB2, 
logic__548: gameplay_screen__GB1, 
logic__4190: top_level__GC0, 
datapath__120: gameplay_screen__GB4, 
reg__60: gameplay_screen__GB1, 
logic__508: gameplay_screen__GB3, 
datapath__621: gameplay_screen__GB0, 
datapath__659: gameplay_screen__GB0, 
datapath__561: gameplay_screen__GB2, 
datapath__364: gameplay_screen__GB2, 
case__188: gameplay_screen__GB0, 
datapath__171: gameplay_screen__GB4, 
logic__441: gameplay_screen__GB2, 
reg__49: gameplay_screen__GB1, 
datapath__100: gameplay_screen__GB2, 
muxpart__5: top_level__GC0, 
datapath__326: gameplay_screen__GB4, 
logic__587: gameplay_screen__GB4, 
datapath__72: gameplay_screen__GB3, 
datapath__227: gameplay_screen__GB1, 
logic__1262: gameplay_screen__GB1, 
logic__1136: gameplay_screen__GB3, 
logic__1144: gameplay_screen__GB2, 
datapath__243: gameplay_screen__GB3, 
case__195: gameplay_screen__GB0, 
dsp48e1__5: top_level__GC0, 
datapath__829: gameplay_screen__GB4, 
datapath__809: gameplay_screen__GB3, 
case__106: gameplay_screen__GB1, 
logic__1137: gameplay_screen__GB4, 
datapath__668: gameplay_screen__GB4, 
datapath__482: gameplay_screen__GB0, 
logic__33: gameplay_screen__GB4, gameplay_screen__GB0, 
logic__653: gameplay_screen__GB0, 
case__148: gameplay_screen__GB1, 
logic__3543: gameplay_screen__GB1, 
datapath__848: gameplay_screen__GB0, 
datapath__256: gameplay_screen__GB4, 
logic__1134: gameplay_screen__GB3, 
case__30: gameplay_screen__GB1, 
logic__272: gameplay_screen__GB1, 
datapath__648: gameplay_screen__GB0, 
datapath__179: gameplay_screen__GB0, 
logic__714: gameplay_screen__GB0, 
case__76: gameplay_screen__GB1, 
logic__658: gameplay_screen__GB0, 
datapath__242: gameplay_screen__GB4, 
datapath__341: gameplay_screen__GB2, 
datapath__742: gameplay_screen__GB2, 
datapath__685: gameplay_screen__GB3, 
datapath__539: gameplay_screen__GB3, 
case: top_level__GC0, 
logic__928: gameplay_screen__GB4, 
reg__17: gameplay_screen__GB4, 
datapath__674: gameplay_screen__GB4, 
logic__1275: gameplay_screen__GB4, 
datapath__687: gameplay_screen__GB0, 
datapath__53: gameplay_screen__GB2, 
datapath__306: gameplay_screen__GB0, 
logic__710: gameplay_screen__GB0, 
datapath__776: gameplay_screen__GB1, 
datapath__296: gameplay_screen__GB4, 
datapath__320: gameplay_screen__GB3, 
datapath__228: gameplay_screen__GB3, 
case__112: gameplay_screen__GB1, 
datapath__507: gameplay_screen__GB4, 
datapath__654: gameplay_screen__GB0, 
reg__69: gameplay_screen__GB1, 
datapath__206: gameplay_screen__GB4, 
datapath__460: gameplay_screen__GB0, 
datapath__467: gameplay_screen__GB2, 
datapath__251: gameplay_screen__GB4, 
case__216: top_level__GC0, 
datapath__5: top_level__GC0, 
logic__931: gameplay_screen__GB4, 
datapath__812: gameplay_screen__GB3, 
datapath__658: gameplay_screen__GB0, 
logic__858: gameplay_screen__GB3, 
datapath__334: gameplay_screen__GB3, 
datapath__846: gameplay_screen__GB0, 
datapath__162: gameplay_screen__GB0, 
datapath__350: gameplay_screen__GB3, 
logic__1193: gameplay_screen__GB1, 
datapath__635: gameplay_screen__GB2, 
logic__586: gameplay_screen__GB4, 
muxpart__24: gameplay_screen__GB1, 
reg__55: gameplay_screen__GB0, 
datapath__1: top_level__GC0, 
datapath__805: gameplay_screen__GB2, 
case__90: gameplay_screen__GB1, 
datapath__741: gameplay_screen__GB2, 
datapath__599: gameplay_screen__GB3, 
datapath__356: gameplay_screen__GB1, 
datapath__360: gameplay_screen__GB3, 
datapath__295: gameplay_screen__GB4, 
logic__84: gameplay_screen__GB1, 
datapath__57: gameplay_screen__GB2, 
logic__590: gameplay_screen__GB4, 
datapath__551: gameplay_screen__GB2, 
datapath__310: gameplay_screen__GB0, 
counter__3: top_level__GC0, 
datapath__321: gameplay_screen__GB2, 
datapath__108: gameplay_screen__GB3, 
datapath__506: gameplay_screen__GB4, 
datapath__97: gameplay_screen__GB2, 
gameplay_screen__GB3: gameplay_screen__GB3, 
datapath__646: gameplay_screen__GB2, 
datapath__192: gameplay_screen__GB0, 
datapath__169: gameplay_screen__GB4, 
datapath__411: gameplay_screen__GB0, 
dsp48e1__8: top_level__GC0, 
datapath__289: gameplay_screen__GB4, 
logic__1279: gameplay_screen__GB0, 
datapath__8: top_level__GC0, 
datapath__117: gameplay_screen__GB3, 
datapath__649: gameplay_screen__GB0, 
datapath__673: gameplay_screen__GB4, 
case__4: top_level__GC0, 
logic__164: gameplay_screen__GB2, 
muxpart__17: gameplay_screen__GB0, 
datapath__638: gameplay_screen__GB2, 
datapath__764: gameplay_screen__GB2, 
datapath__278: gameplay_screen__GB3, 
datapath__501: gameplay_screen__GB0, 
muxpart__8: top_level__GC0, 
datapath__557: gameplay_screen__GB3, 
muxpart__52: gameplay_screen__GB1, 
reg__70: gameplay_screen__GB1, 
datapath__406: gameplay_screen__GB2, 
case__109: gameplay_screen__GB1, 
datapath__83: gameplay_screen__GB2, 
case__145: gameplay_screen__GB1, 
datapath__233: gameplay_screen__GB3, 
datapath__387: gameplay_screen__GB4, 
logic__312: gameplay_screen__GB2, 
reg__18: gameplay_screen__GB0, 
datapath__569: gameplay_screen__GB3, 
logic__513: gameplay_screen__GB3, 
reg__58: gameplay_screen__GB0, 
datapath__868: gameplay_screen__GB2, 
datapath__62: gameplay_screen__GB3, 
datapath__769: gameplay_screen__GB2, 
muxpart__43: gameplay_screen__GB1, 
datapath__346: gameplay_screen__GB4, 
muxpart__57: gameplay_screen__GB1, 
datapath__19: gameplay_screen__GB0, 
logic__1197: gameplay_screen__GB3, 
datapath__606: gameplay_screen__GB3, 
datapath__376: gameplay_screen__GB3, 
logic__657: gameplay_screen__GB2, 
logic__171: gameplay_screen__GB4, 
datapath__717: gameplay_screen__GB4, 
datapath__484: gameplay_screen__GB0, 
logic__660: gameplay_screen__GB0, 
datapath__38: gameplay_screen__GB4, 
case__63: gameplay_screen__GB1, 
datapath__223: gameplay_screen__GB0, 
muxpart__28: gameplay_screen__GB1, 
datapath__604: gameplay_screen__GB0, 
datapath__783: gameplay_screen__GB2, 
logic__721: gameplay_screen__GB4, 
logic__1205: gameplay_screen__GB3, 
datapath__123: gameplay_screen__GB3, 
datapath__186: gameplay_screen__GB0, 
logic__160: gameplay_screen__GB0, 
datapath__33: gameplay_screen__GB4, gameplay_screen__GB0, 
muxpart__18: gameplay_screen__GB0, 
gameplay_screen__GB0: gameplay_screen__GB0, 
datapath__465: gameplay_screen__GB4, 
datapath__692: gameplay_screen__GB1, 
datapath__12: top_level__GC0, 
logic__4212: top_level__GC0, 
datapath__445: gameplay_screen__GB0, 
datapath__158: gameplay_screen__GB4, 
logic__936: gameplay_screen__GB0, 
logic__996: gameplay_screen__GB3, 
datapath__777: gameplay_screen__GB2, 
datapath__77: gameplay_screen__GB4, 
logic__780: gameplay_screen__GB1, 
muxpart__46: gameplay_screen__GB1, 
datapath__647: gameplay_screen__GB1, 
datapath__858: gameplay_screen__GB3, 
datapath__159: gameplay_screen__GB0, 
datapath__14: top_level__GC0, 
reg__67: gameplay_screen__GB0, 
logic__504: gameplay_screen__GB1, 
datapath__151: gameplay_screen__GB0, 
gameplay_screen__GB4: gameplay_screen__GB4, 
counter__1: top_level__GC0, 
datapath__51: gameplay_screen__GB3, 
datapath__760: gameplay_screen__GB4, 
datapath__348: gameplay_screen__GB3, 
datapath__509: gameplay_screen__GB0, 
logic__303: gameplay_screen__GB2, 
muxpart__34: gameplay_screen__GB0, 
logic__519: gameplay_screen__GB2, 
datapath__833: gameplay_screen__GB3, 
logic__849: gameplay_screen__GB1, 
muxpart__32: gameplay_screen__GB0, 
logic__4186: top_level__GC0, 
datapath__440: gameplay_screen__GB0, 
datapath__303: gameplay_screen__GB4, 
logic__1272: gameplay_screen__GB3, 
reg__78: gameplay_screen__GB1, 
datapath__41: gameplay_screen__GB0, 
logic__788: gameplay_screen__GB3, 
logic__227: gameplay_screen__GB0, 
datapath__292: gameplay_screen__GB0, 
datapath__865: gameplay_screen__GB3, 
datapath__307: gameplay_screen__GB3, 
logic__511: gameplay_screen__GB4, 
logic__1006: gameplay_screen__GB3, 
datapath__204: gameplay_screen__GB0, 
datapath__724: gameplay_screen__GB4, 
logic__228: gameplay_screen__GB1, 
datapath__446: gameplay_screen__GB0, 
logic__161: gameplay_screen__GB2, 
reg__30: gameplay_screen__GB4, 
datapath__195: gameplay_screen__GB0, 
logic__379: gameplay_screen__GB4, 
datapath__494: gameplay_screen__GB4, 
datapath__798: gameplay_screen__GB4, 
datapath__285: gameplay_screen__GB0, 
case__2: top_level__GC0, 
logic__790: gameplay_screen__GB4, 
datapath__670: gameplay_screen__GB3, 
datapath__311: gameplay_screen__GB1, 
debounce: top_level__GC0, 
datapath__795: gameplay_screen__GB3, 
datapath__2: top_level__GC0, 
logic__516: gameplay_screen__GB4, 
muxpart__39: gameplay_screen__GB1, 
case__74: gameplay_screen__GB1, 
datapath__610: gameplay_screen__GB0, 
logic__1199: gameplay_screen__GB2, 
datapath__740: gameplay_screen__GB3, 
logic__1267: gameplay_screen__GB3, 
datapath__210: gameplay_screen__GB4, 
logic__789: gameplay_screen__GB3, 
datapath__259: gameplay_screen__GB2, 
datapath__516: gameplay_screen__GB0, 
logic__1349: gameplay_screen__GB4, 
datapath__627: gameplay_screen__GB3, 
buttons_rom: top_level__GC0, 
datapath__428: gameplay_screen__GB2, 
muxpart__14: gameplay_screen__GB4, 
datapath__726: gameplay_screen__GB3, 
datapath__480: gameplay_screen__GB0, 
case__196: gameplay_screen__GB0, 
logic__923: gameplay_screen__GB2, 
logic__1206: gameplay_screen__GB4, 
dsp48e1__9: top_level__GC0, 
case__183: gameplay_screen__GB0, 
datapath__389: gameplay_screen__GB0, 
datapath__771: gameplay_screen__GB2, 
datapath__300: gameplay_screen__GB0, 
datapath__603: gameplay_screen__GB0, 
logic__1169: gameplay_screen__GB1, 
datapath__226: gameplay_screen__GB0, 
logic__368: gameplay_screen__GB0, 
logic__248: gameplay_screen__GB0, 
datapath__773: gameplay_screen__GB1, 
case__117: gameplay_screen__GB1, 
datapath__290: gameplay_screen__GB4, 
reg__77: gameplay_screen__GB1, 
reg__16: gameplay_screen__GB3, 
datapath__573: gameplay_screen__GB0, 
datapath__463: gameplay_screen__GB4, 
datapath__772: gameplay_screen__GB2, 
case__137: gameplay_screen__GB1, 
datapath__547: gameplay_screen__GB4, 
logic__25: top_level__GC0, 
logic__1200: gameplay_screen__GB2, 
datapath__280: gameplay_screen__GB0, 
logic__378: gameplay_screen__GB4, 
muxpart__6: top_level__GC0, 
datapath__437: gameplay_screen__GB0, 
datapath__589: gameplay_screen__GB4, 
logic__237: gameplay_screen__GB0, 
logic__372: gameplay_screen__GB0, 
case__155: gameplay_screen__GB1, 
logic__302: gameplay_screen__GB2, 
datapath__779: gameplay_screen__GB3, 
logic__316: gameplay_screen__GB2, 
datapath__736: gameplay_screen__GB2, 
logic__725: gameplay_screen__GB4, 
datapath__449: gameplay_screen__GB2, 
logic__367: gameplay_screen__GB0, 
logic__71: gameplay_screen__GB3, 
datapath__700: gameplay_screen__GB0, 
logic__90: gameplay_screen__GB2, 
datapath__379: gameplay_screen__GB4, 
datapath__584: gameplay_screen__GB4, 
logic__523: gameplay_screen__GB3, 
datapath__438: gameplay_screen__GB0, 
datapath__153: gameplay_screen__GB2, 
case__108: gameplay_screen__GB1, 
logic__179: gameplay_screen__GB2, 
datapath__719: gameplay_screen__GB0, 
logic__869: gameplay_screen__GB0, 
logic__242: gameplay_screen__GB4, 
datapath__436: gameplay_screen__GB2, 
datapath__61: gameplay_screen__GB4, 
datapath__839: gameplay_screen__GB4, 
datapath__664: gameplay_screen__GB3, 
dsp48e1__10: top_level__GC0, 
datapath__415: gameplay_screen__GB4, 
datapath__892: gameplay_screen__GB4, 
datapath__767: gameplay_screen__GB3, 
datapath__254: gameplay_screen__GB4, 
logic__798: gameplay_screen__GB3, 
reg__57: gameplay_screen__GB0, 
case__215: top_level__GC0, 
logic__779: gameplay_screen__GB0, 
datapath__842: gameplay_screen__GB4, 
datapath__542: gameplay_screen__GB4, 
datapath__894: gameplay_screen__GB3, 
logic__867: gameplay_screen__GB3, 
datapath__229: gameplay_screen__GB3, 
logic__233: gameplay_screen__GB0, 
datapath__797: gameplay_screen__GB4, 
logic__452: gameplay_screen__GB4, 
logic__178: gameplay_screen__GB2, 
datapath__241: gameplay_screen__GB4, 
datapath__255: gameplay_screen__GB4, 
datapath__698: gameplay_screen__GB3, 
case__131: gameplay_screen__GB1, 
datapath__800: gameplay_screen__GB4, 
logic__1056: gameplay_screen__GB1, 
datapath__761: gameplay_screen__GB2, 
case__35: gameplay_screen__GB1, 
case__69: gameplay_screen__GB1, 
logic__848: gameplay_screen__GB1, 
muxpart__55: gameplay_screen__GB1, 
datapath__822: gameplay_screen__GB3, 
case__104: gameplay_screen__GB1, 
datapath__863: gameplay_screen__GB3, 
logic__993: gameplay_screen__GB0, 
case__95: gameplay_screen__GB1, 
datapath__87: gameplay_screen__GB2, 
datapath__194: gameplay_screen__GB0, 
logic__662: gameplay_screen__GB2, 
case__217: top_level__GC0, 
logic__98: gameplay_screen__GB4, 
datapath__464: gameplay_screen__GB4, 
datapath__44: gameplay_screen__GB2, 
logic__1335: gameplay_screen__GB3, 
logic__617: gameplay_screen__GB0, 
datapath__588: gameplay_screen__GB4, 
datapath__686: gameplay_screen__GB3, 
logic__855: gameplay_screen__GB0, 
pause_rom: top_level__GC0, 
datapath__755: gameplay_screen__GB4, 
datapath__107: gameplay_screen__GB3, 
logic__505: gameplay_screen__GB0, 
logic__929: gameplay_screen__GB3, 
logic__173: gameplay_screen__GB4, 
case__50: gameplay_screen__GB1, 
logic__15: top_level__GC0, 
datapath__695: gameplay_screen__GB3, 
logic__799: gameplay_screen__GB3, 
logic__172: gameplay_screen__GB4, 
datapath__552: gameplay_screen__GB2, 
datapath__82: gameplay_screen__GB4, 
logic__786: gameplay_screen__GB2, 
logic__381: gameplay_screen__GB0, 
datapath__28: gameplay_screen__GB4, gameplay_screen__GB0, 
dsp48e1__1: top_level__GC0, 
datapath__252: gameplay_screen__GB4, 
logic__105: gameplay_screen__GB2, 
datapath__682: gameplay_screen__GB4, 
reg__37: gameplay_screen__GB2, 
datapath__59: gameplay_screen__GB4, 
datapath__422: gameplay_screen__GB4, 
logic__1061: gameplay_screen__GB0, 
banner_blue: top_level__GC0, 
logic__650: gameplay_screen__GB0, 
datapath__721: gameplay_screen__GB0, 
datapath__240: gameplay_screen__GB2, 
case__164: gameplay_screen__GB1, 
reg__43: gameplay_screen__GB0, 
datapath__575: gameplay_screen__GB0, 
case__213: top_level__GC0, 
datapath__116: gameplay_screen__GB3, 
instructions_map: top_level__GC0, 
case__178: gameplay_screen__GB0, 
reg__41: gameplay_screen__GB0, 
datapath__733: gameplay_screen__GB3, 
muxpart__51: gameplay_screen__GB1, 
logic__85: gameplay_screen__GB1, 
logic__1212: gameplay_screen__GB3, 
logic__451: gameplay_screen__GB2, 
blob: gameplay_screen__GB1, gameplay_screen__GB0, 
logic__1346: gameplay_screen__GB4, 
datapath__520: gameplay_screen__GB0, 
datapath__225: gameplay_screen__GB0, 
reg__20: gameplay_screen__GB2, 
case__67: gameplay_screen__GB1, 
datapath__377: gameplay_screen__GB4, 
datapath__173: gameplay_screen__GB2, 
muxpart__15: gameplay_screen__GB1, 
datapath__450: gameplay_screen__GB2, 
datapath__235: gameplay_screen__GB3, 
case__202: top_level__GC0, 
datapath__392: gameplay_screen__GB3, 
reg__45: gameplay_screen__GB1, 
datapath__403: gameplay_screen__GB0, 
logic__176: gameplay_screen__GB4, 
logic__1124: gameplay_screen__GB1, 
datapath__60: gameplay_screen__GB4, 
datapath__351: gameplay_screen__GB2, 
datapath__556: gameplay_screen__GB4, 
datapath__209: gameplay_screen__GB4, 
muxpart__53: gameplay_screen__GB1, 
datapath__487: gameplay_screen__GB0, 
datapath__136: gameplay_screen__GB3, 
case__142: gameplay_screen__GB1, 
logic__661: gameplay_screen__GB2, 
muxpart__49: gameplay_screen__GB0, 
datapath__458: gameplay_screen__GB4, 
logic__315: gameplay_screen__GB3, 
datapath__854: gameplay_screen__GB3, 
logic__99: gameplay_screen__GB4, 
datapath__22: gameplay_screen__GB0, 
logic__22: top_level__GC0, 
datapath__9: top_level__GC0, 
reg__46: gameplay_screen__GB1, 
logic__1345: gameplay_screen__GB4, 
logic__652: gameplay_screen__GB4, 
case__56: gameplay_screen__GB1, 
datapath__713: gameplay_screen__GB4, 
datapath__828: gameplay_screen__GB0, 
logic__88: gameplay_screen__GB3, 
logic__297: gameplay_screen__GB1, 
datapath__831: gameplay_screen__GB0, 
datapath__27: gameplay_screen__GB4, gameplay_screen__GB0, 
datapath__844: gameplay_screen__GB4, 
datapath__878: gameplay_screen__GB4, 
logic__1204: gameplay_screen__GB4, 
reg__1: top_level__GC0, 
case__78: gameplay_screen__GB1, 
case__170: gameplay_screen__GB0, 
logic__4193: top_level__GC0, 
datapath__681: gameplay_screen__GB4, 
dsp48e1__3: top_level__GC0, 
reg__74: gameplay_screen__GB0, 
datapath__222: gameplay_screen__GB0, 
datapath__701: gameplay_screen__GB0, 
case__68: gameplay_screen__GB1, 
datapath__220: gameplay_screen__GB4, 
logic__1005: gameplay_screen__GB0, 
reg__56: gameplay_screen__GB0, 
logic__41: gameplay_screen__GB3, 
datapath__804: gameplay_screen__GB2, 
case__51: gameplay_screen__GB1, 
datapath__641: gameplay_screen__GB0, 
case__129: gameplay_screen__GB0, 
datapath__444: gameplay_screen__GB0, 
case__27: gameplay_screen__GB1, 
datapath__42: gameplay_screen__GB0, 
datapath__205: gameplay_screen__GB4, 
reg__48: gameplay_screen__GB1, 
logic__574: gameplay_screen__GB0, 
datapath__424: gameplay_screen__GB4, 
datapath__266: gameplay_screen__GB2, 
datapath__907: top_level__GC0, 
datapath__746: gameplay_screen__GB4, 
logic__1002: gameplay_screen__GB0, 
datapath__212: gameplay_screen__GB4, 
datapath__410: gameplay_screen__GB4, 
logic__1307: gameplay_screen__GB0, 
datapath__544: gameplay_screen__GB3, 
logic__4213: top_level__GC0, 
datapath__391: gameplay_screen__GB3, 
logic__1617: gameplay_screen__GB1, 
datapath__461: gameplay_screen__GB4, 
datapath__536: gameplay_screen__GB4, 
logic__1060: gameplay_screen__GB3, 
case__185: gameplay_screen__GB0, 
logic__46: gameplay_screen__GB4, 
datapath__213: gameplay_screen__GB4, 
datapath__563: gameplay_screen__GB1, 
reg__26: gameplay_screen__GB3, 
datapath__872: gameplay_screen__GB4, 
logic__1194: gameplay_screen__GB1, 
datapath__513: gameplay_screen__GB4, 
case__190: gameplay_screen__GB0, 
datapath__29: gameplay_screen__GB4, gameplay_screen__GB0, 
case__127: gameplay_screen__GB0, 
datapath__851: gameplay_screen__GB3, 
logic__366: gameplay_screen__GB1, 
logic__21: top_level__GC0, 
logic__922: gameplay_screen__GB3, 
datapath__491: gameplay_screen__GB0, 
datapath__577: gameplay_screen__GB4, 
datapath__221: gameplay_screen__GB0, 
datapath__605: gameplay_screen__GB0, 
datapath__567: gameplay_screen__GB0, 
datapath__631: gameplay_screen__GB4, 
logic__851: gameplay_screen__GB0, 
case__152: gameplay_screen__GB1, 
case__110: gameplay_screen__GB1, 
case__73: gameplay_screen__GB0, 
reg__79: gameplay_screen__GB1, 
datapath__718: gameplay_screen__GB4, 
case__80: gameplay_screen__GB1, 
datapath__302: gameplay_screen__GB0, 
case__159: gameplay_screen__GB1, 
datapath__260: gameplay_screen__GB2, 
datapath__134: gameplay_screen__GB4, 
datapath__555: gameplay_screen__GB4, 
datapath__879: gameplay_screen__GB3, 
case__81: gameplay_screen__GB1, 
logic__1265: gameplay_screen__GB0, 
datapath__710: gameplay_screen__GB4, 
logic__926: gameplay_screen__GB0, 
datapath__393: gameplay_screen__GB0, 
datapath__86: gameplay_screen__GB2, 
datapath__239: gameplay_screen__GB2, 
case__24: gameplay_screen__GB0, 
datapath__156: gameplay_screen__GB2, 
datapath__906: top_level__GC0, 
case__118: gameplay_screen__GB1, 
case__26: gameplay_screen__GB1, 
datapath__88: gameplay_screen__GB2, 
datapath__198: gameplay_screen__GB0, 
logic__716: gameplay_screen__GB0, 
datapath__174: gameplay_screen__GB2, 
datapath__521: gameplay_screen__GB0, 
reg__42: gameplay_screen__GB0, 
datapath__337: gameplay_screen__GB4, 
logic__1031: gameplay_screen__GB1, 
logic__1341: gameplay_screen__GB3, 
logic__1074: gameplay_screen__GB3, 
datapath__336: gameplay_screen__GB4, 
muxpart__59: gameplay_screen__GB1, 
case__72: gameplay_screen__GB0, 
logic__937: gameplay_screen__GB3, 
logic__1127: gameplay_screen__GB2, 
case__58: gameplay_screen__GB1, 
datapath__64: gameplay_screen__GB3, 
muxpart__27: gameplay_screen__GB1, 
case__136: gameplay_screen__GB1, 
reg__12: top_level__GC0, 
button_functions: top_level__GC0, 
datapath__510: gameplay_screen__GB0, 
datapath__70: gameplay_screen__GB4, 
datapath__537: gameplay_screen__GB3, 
case__107: gameplay_screen__GB1, 
muxpart__3: top_level__GC0, 
logic__988: gameplay_screen__GB0, 
datapath__197: gameplay_screen__GB0, 
datapath__98: gameplay_screen__GB2, 
logic__383: gameplay_screen__GB4, 
datapath__253: gameplay_screen__GB4, 
logic__524: gameplay_screen__GB0, 
case__96: gameplay_screen__GB1, 
datapath__888: gameplay_screen__GB2, 
datapath__191: gameplay_screen__GB0, 
case__154: gameplay_screen__GB1, 
logic__159: gameplay_screen__GB1, 
case__214: top_level__GC0, 
datapath__732: gameplay_screen__GB3, 
logic__232: gameplay_screen__GB0, 
datapath__679: gameplay_screen__GB0, 
datapath__778: gameplay_screen__GB2, 
datapath__299: gameplay_screen__GB0, 
datapath__286: gameplay_screen__GB0, 
datapath__68: gameplay_screen__GB4, 
reg__44: gameplay_screen__GB1, 
logic__453: gameplay_screen__GB3, 
logic__515: gameplay_screen__GB3, 
logic__1076: gameplay_screen__GB0, 
datapath__554: gameplay_screen__GB0, 
logic__16: top_level__GC0, 
datapath__349: gameplay_screen__GB3, 
case__82: gameplay_screen__GB1, 
logic__592: gameplay_screen__GB2, 
display_8hex: top_level__GC0, 
datapath__354: gameplay_screen__GB0, 
logic__576: gameplay_screen__GB0, 
datapath__823: gameplay_screen__GB3, 
datapath__751: gameplay_screen__GB4, 
logic__2259: gameplay_screen__GB1, 
datapath__850: gameplay_screen__GB4, 
logic__1135: gameplay_screen__GB4, 
datapath__564: gameplay_screen__GB3, 
datapath__426: gameplay_screen__GB2, 
datapath__66: gameplay_screen__GB3, 
logic__4188: top_level__GC0, 
datapath__765: gameplay_screen__GB4, 
datapath__67: gameplay_screen__GB3, 
datapath__398: gameplay_screen__GB0, 
logic__72: gameplay_screen__GB3, 
muxpart__56: gameplay_screen__GB1, 
logic__306: gameplay_screen__GB3, 
logic__1067: gameplay_screen__GB3, 
datapath__655: gameplay_screen__GB3, 
datapath__224: gameplay_screen__GB0, 
datapath__132: gameplay_screen__GB2, 
logic__37: gameplay_screen__GB4, gameplay_screen__GB0, 
logic__1059: gameplay_screen__GB3, 
reg__8: top_level__GC0, 
logic__893: gameplay_screen__GB0, 
start_instructions: top_level__GC0, 
logic__585: gameplay_screen__GB4, 
case__143: gameplay_screen__GB1, 
datapath__525: gameplay_screen__GB2, 
logic__68: gameplay_screen__GB2, 
datapath__784: gameplay_screen__GB2, 
datapath__462: gameplay_screen__GB4, 
datapath__208: gameplay_screen__GB0, 
counter: top_level__GC0, 
datapath__47: gameplay_screen__GB3, 
logic__859: gameplay_screen__GB4, 
datapath__263: gameplay_screen__GB3, 
datapath__427: gameplay_screen__GB2, 
datapath__488: gameplay_screen__GB0, 
datapath__562: gameplay_screen__GB2, 
logic__1332: gameplay_screen__GB1, 
datapath__626: gameplay_screen__GB4, 
logic__1201: gameplay_screen__GB4, 
datapath__602: gameplay_screen__GB3, 
datapath__7: top_level__GC0, 
datapath__541: gameplay_screen__GB4, 
case__93: gameplay_screen__GB1, 
datapath__345: gameplay_screen__GB4, 
datapath__630: gameplay_screen__GB4, 
logic__170: gameplay_screen__GB0, 
datapath__448: gameplay_screen__GB0, 
datapath__678: gameplay_screen__GB0, 
datapath__272: gameplay_screen__GB1, 
logic__410: gameplay_screen__GB1, 
datapath__819: gameplay_screen__GB0, 
datapath__794: gameplay_screen__GB4, 
logic__647: gameplay_screen__GB0, 
datapath__74: gameplay_screen__GB4, 
datapath__749: gameplay_screen__GB3, 
logic__38: gameplay_screen__GB3, 
datapath__608: gameplay_screen__GB1, 
datapath__25: gameplay_screen__GB1, gameplay_screen__GB0, 
datapath__583: gameplay_screen__GB4, 
datapath__452: gameplay_screen__GB4, 
logic__720: gameplay_screen__GB0, 
datapath__763: gameplay_screen__GB2, 
datapath__170: gameplay_screen__GB4, 
datapath__512: gameplay_screen__GB0, 
datapath__104: gameplay_screen__GB2, 
datapath__762: gameplay_screen__GB2, 
datapath__291: gameplay_screen__GB0, 
datapath__720: gameplay_screen__GB0, 
datapath__366: gameplay_screen__GB2, 
datapath__702: gameplay_screen__GB0, 
logic__797: gameplay_screen__GB4, 
datapath__71: gameplay_screen__GB3, 
logic__81: gameplay_screen__GB3, 
datapath__294: gameplay_screen__GB4, 
logic__240: gameplay_screen__GB4, 
datapath__743: gameplay_screen__GB2, 
datapath__875: gameplay_screen__GB3, 
datapath__517: gameplay_screen__GB0, 
reg__86: top_level__GC0, 
datapath__261: gameplay_screen__GB4, 
logic__74: gameplay_screen__GB3, 
case__169: gameplay_screen__GB1, 
datapath__373: gameplay_screen__GB4, 
case__29: gameplay_screen__GB1, 
case__33: gameplay_screen__GB1, 
datapath__234: gameplay_screen__GB3, 
case__121: gameplay_screen__GB0, 
datapath__374: gameplay_screen__GB4, 
buttons_map: top_level__GC0, 
logic__938: gameplay_screen__GB2, 
datapath__433: gameplay_screen__GB2, 
logic__45: gameplay_screen__GB4, 
datapath__32: gameplay_screen__GB4, gameplay_screen__GB0, 
logic__168: gameplay_screen__GB0, 
logic__726: gameplay_screen__GB0, 
datapath__20: gameplay_screen__GB0, 
logic__369: gameplay_screen__GB0, 
logic__1070: gameplay_screen__GB4, 
logic__1347: gameplay_screen__GB2, 
logic__860: gameplay_screen__GB0, 
datapath__340: gameplay_screen__GB4, 
pause_instructions: top_level__GC0, 
logic__1263: gameplay_screen__GB1, 
top_level__GC0: top_level__GC0, 
logic__234: gameplay_screen__GB0, 
case__45: gameplay_screen__GB0, 
logic__299: gameplay_screen__GB2, 
datapath__889: gameplay_screen__GB2, 
datapath__629: gameplay_screen__GB4, 
datapath__4: top_level__GC0, 
logic__656: gameplay_screen__GB4, 
datapath__757: gameplay_screen__GB4, 
logic__28: gameplay_screen__GB0, 
datapath__596: gameplay_screen__GB0, 
datapath__856: gameplay_screen__GB0, 
case__111: gameplay_screen__GB1, 
case__77: gameplay_screen__GB1, 
logic__308: gameplay_screen__GB3, 
logic__865: gameplay_screen__GB0, 
datapath__110: gameplay_screen__GB2, 
datapath__680: gameplay_screen__GB0, 
datapath__618: gameplay_screen__GB2, 
datapath__358: gameplay_screen__GB2, 
datapath__11: top_level__GC0, 
datapath__483: gameplay_screen__GB0, 
logic__163: gameplay_screen__GB0, 
case__219: top_level__GC0, 
datapath__782: gameplay_screen__GB3, 
datapath__324: gameplay_screen__GB2, 
datapath__40: gameplay_screen__GB0, 
case__65: gameplay_screen__GB1, 
datapath__661: gameplay_screen__GB4, 
reg__61: gameplay_screen__GB0, 
datapath__127: gameplay_screen__GB4, 
logic__654: gameplay_screen__GB4, 
logic__782: gameplay_screen__GB2, 
datapath__154: gameplay_screen__GB2, 
datapath__331: gameplay_screen__GB4, 
logic__1209: gameplay_screen__GB2, 
logic__35: gameplay_screen__GB4, gameplay_screen__GB0, 
datapath__586: gameplay_screen__GB0, 
datapath__837: gameplay_screen__GB0, 
datapath__155: gameplay_screen__GB2, 
datapath__474: gameplay_screen__GB0, 
datapath__770: gameplay_screen__GB2, 
datapath__369: gameplay_screen__GB3, 
case__8: top_level__GC0, 
logic__1142: gameplay_screen__GB4, 
logic__1202: gameplay_screen__GB3, 
reg__73: gameplay_screen__GB0, 
dsp48e1__6: top_level__GC0, 
case__83: gameplay_screen__GB1, 
datapath__131: gameplay_screen__GB2, 
datapath__188: gameplay_screen__GB1, 
datapath__715: gameplay_screen__GB4, 
logic__175: gameplay_screen__GB2, 
datapath__201: gameplay_screen__GB0, 
datapath__601: gameplay_screen__GB3, 
datapath__697: gameplay_screen__GB3, 
datapath__870: gameplay_screen__GB2, 
logic__93: gameplay_screen__GB3, 
logic__95: gameplay_screen__GB4, 
datapath__375: gameplay_screen__GB3, 
datapath__571: gameplay_screen__GB0, 
datapath__890: gameplay_screen__GB2, 
banner_rom: top_level__GC0, 
datapath__470: gameplay_screen__GB0, 
logic__1376: gameplay_screen__GB1, 
datapath__48: gameplay_screen__GB3, 
logic__727: gameplay_screen__GB0, 
case__54: gameplay_screen__GB0, 
datapath__560: gameplay_screen__GB3, 
datapath__613: gameplay_screen__GB3, 
muxpart__12: gameplay_screen__GB4, 
logic__854: gameplay_screen__GB0, 
datapath__873: gameplay_screen__GB3, 
datapath__787: gameplay_screen__GB4, 
logic__230: gameplay_screen__GB0, 
case__7: top_level__GC0, 
datapath__723: gameplay_screen__GB4, 
datapath__598: gameplay_screen__GB4, 
datapath__766: gameplay_screen__GB4, 
reg__15: gameplay_screen__GB3, 
datapath__628: gameplay_screen__GB3, 
datapath__416: gameplay_screen__GB4, 
muxpart__48: gameplay_screen__GB1, 
reg__52: gameplay_screen__GB1, 
datapath__244: gameplay_screen__GB3, 
logic__23: top_level__GC0, 
datapath__247: gameplay_screen__GB4, 
logic__724: gameplay_screen__GB4, 
datapath__900: gameplay_screen__GB1, 
