logic__310: logic__310
logic__246: logic__246
logic__730: logic__730
reg__2: reg__2
datapath__656: datapath__656
datapath__218: datapath__218
case__184: case__184
datapath__830: datapath__830
datapath__553: datapath__553
case__199: case__199
blob__11: blob
datapath__607: datapath__607
case__115: case__115
logic__791: logic__791
datapath__699: datapath__699
logic__4300: logic__29
logic__314: logic__314
blob__parameterized0__10: blob__parameterized0
datapath__304: datapath__304
logic__86: logic__86
datapath__918: datapath__32
logic__4330: logic__29
datapath__113: datapath__113
datapath__249: datapath__249
datapath__335: datapath__335
logic__927: logic__927
datapath__675: datapath__675
datapath__318: datapath__318
datapath__824: datapath__824
logic__247: logic__247
case__71: case__71
datapath__826: datapath__826
case__87: case__87
datapath__308: datapath__308
datapath__956: datapath__30
muxpart__20: muxpart__20
datapath__971: datapath__27
datapath__775: datapath__775
datapath__653: datapath__653
datapath__590: datapath__590
logic__4224: logic__36
logic__439: logic__439
datapath__955: datapath__27
reg__94: reg__9
datapath__876: datapath__876
logic__795: logic__795
case__61: case__61
logic__1276: logic__1276
datapath__817: datapath__817
datapath__813: datapath__813
blob__14: blob
logic__1069: logic__1069
case__122: case__122
datapath__207: datapath__207
blob__parameterized1__7: blob__parameterized1
logic__305: logic__305
datapath__274: datapath__274
datapath__145: datapath__145
logic__792: logic__792
datapath__262: datapath__262
logic__1343: logic__1343
case__119: case__119
case__88: case__88
datapath__585: datapath__585
datapath__394: datapath__394
reg__53: reg__53
case__91: case__91
datapath__93: datapath__93
datapath__514: datapath__514
datapath__1050: datapath__24
muxpart__31: muxpart__31
datapath__246: datapath__246
datapath__124: datapath__124
datapath__236: datapath__236
reg__33: reg__33
case__192: case__192
case__220: case__220
logic__655: logic__655
logic__19: logic__19
datapath__725: datapath__725
datapath__89: datapath__89
datapath__744: datapath__744
datapath__23: datapath__23
muxpart__44: muxpart__44
datapath__974: datapath__28
datapath__504: datapath__504
datapath__796: datapath__796
muxpart__42: muxpart__42
datapath__200: datapath__200
muxpart__36: muxpart__36
logic__4248: logic__33
case__18: case__18
datapath__895: datapath__895
datapath__492: datapath__492
datapath__372: datapath__372
logic__731: logic__731
datapath__758: datapath__758
logic__785: logic__785
datapath__985: datapath__25
datapath__6: datapath__6
datapath__897: datapath__897
logic__522: logic__522
datapath__238: datapath__238
case__89: case__89
reg__72: reg__72
datapath__1066: datapath__2
reg__31: reg__31
datapath__634: datapath__634
gameplay_screen__GB1: gameplay_screen__GB1
logic__231: logic__231
case__171: case__171
logic__4243: logic__32
datapath__902: datapath__902
blob__5: blob
datapath__524: datapath__524
datapath__214: datapath__214
logic__999: logic__999
muxpart__68: muxpart__10
logic__4187: logic__4187
datapath__76: datapath__76
datapath__548: datapath__548
datapath__94: datapath__94
reg__19: reg__19
muxpart__35: muxpart__35
datapath__99: datapath__99
reg__75: reg__75
datapath__142: datapath__142
logic__4221: logic__36
datapath__114: datapath__114
logic__1339: logic__1339
reg__88: reg__88
datapath__722: datapath__722
datapath__806: datapath__806
case__201: case__201
case__84: case__84
logic__96: logic__96
datapath__616: datapath__616
muxpart__54: muxpart__54
datapath__1036: datapath__26
datapath__727: datapath__727
logic__1196: logic__1196
logic__4299: logic__30
case__21: case__21
datapath__493: datapath__493
datapath__361: datapath__361
datapath__37: datapath__37
datapath__597: datapath__597
datapath__468: datapath__468
logic__298: logic__298
muxpart__38: muxpart__38
datapath__558: datapath__558
logic__992: logic__992
case__62: case__62
datapath__738: datapath__738
logic__4314: logic__36
logic__48: logic__48
logic__506: logic__506
logic__853: logic__853
logic__4331: logic__11
reg__62: reg__62
datapath__624: datapath__624
datapath__1047: datapath__27
case__144: case__144
case__173: case__173
logic__593: logic__593
logic__174: logic__174
case__126: case__126
logic__686: logic__686
datapath__574: datapath__574
reg__82: reg__82
reg__81: reg__81
logic__304: logic__304
reg__27: reg__27
datapath__691: datapath__691
datapath__864: datapath__864
datapath__705: datapath__705
datapath__515: datapath__515
logic__4247: logic__34
logic__4292: logic__31
logic__722: logic__722
datapath__166: datapath__166
logic__578: logic__578
datapath__745: datapath__745
datapath__370: datapath__370
reg__24: reg__24
case__140: case__140
datapath__149: datapath__149
logic__177: logic__177
datapath__1013: datapath__25
logic__104: logic__104
datapath__816: datapath__816
case__66: case__66
logic__4241: logic__34
datapath__811: datapath__811
case__48: case__48
muxpart__47: muxpart__47
datapath__267: datapath__267
datapath__109: datapath__109
datapath__347: datapath__347
datapath__314: datapath__314
datapath__759: datapath__759
datapath__543: datapath__543
datapath__496: datapath__496
datapath__24: datapath__24
case__5: case__5
datapath__729: datapath__729
reg__47: reg__47
datapath__689: datapath__689
datapath__970: datapath__28
logic__374: logic__374
reg__5: reg__5
logic__77: logic__77
logic__1003: logic__1003
logic__719: logic__719
logic__167: logic__167
muxpart__37: muxpart__37
datapath__189: datapath__189
reg__3: reg__3
datapath__622: datapath__622
case__132: case__132
datapath__126: datapath__126
logic__1128: logic__1128
datapath__163: datapath__163
logic__1140: logic__1140
datapath__637: datapath__637
datapath__339: datapath__339
datapath__1009: datapath__25
datapath__122: datapath__122
logic__370: logic__370
datapath__352: datapath__352
logic__377: logic__377
datapath__472: datapath__472
logic__651: logic__651
logic__783: logic__783
case__13: case__13
datapath__319: datapath__319
counter__4: counter__3
logic__296: logic__296
blob__16: blob
logic__165: logic__165
logic__371: logic__371
datapath__187: datapath__187
logic__4284: logic__30
datapath__841: datapath__841
logic__1269: logic__1269
reg__32: reg__32
datapath__885: datapath__885
logic__924: logic__924
logic__4227: logic__36
datapath__887: datapath__887
logic__580: logic__580
logic__591: logic__591
logic__573: logic__573
reg__76: reg__76
datapath__363: datapath__363
muxpart__1: muxpart__1
datapath__101: datapath__101
datapath__1041: datapath__33
datapath__915: datapath__31
logic__649: logic__649
case__150: case__150
dsp48e1__11: dsp48e1__11
muxpart__11: muxpart__11
datapath__325: datapath__325
logic__236: logic__236
datapath__232: datapath__232
muxpart__71: muxpart__9
reg__21: reg__21
logic__4317: logic__33
logic__4220: logic__37
datapath__264: datapath__264
case__211: case__211
datapath__119: datapath__119
datapath__527: datapath__527
datapath__1051: datapath__23
blob__parameterized0: blob__parameterized0
logic__4334: logic__11
datapath__652: datapath__652
case__177: case__177
datapath__165: datapath__165
datapath__1020: datapath__26
case__102: case__102
muxpart__13: muxpart__13
logic__83: logic__83
datapath__385: datapath__385
datapath__148: datapath__148
logic__11: logic__11
logic__442: logic__442
datapath__531: datapath__531
datapath__756: datapath__756
datapath__327: datapath__327
datapath__1067: datapath__2
datapath__139: datapath__139
case__179: case__179
case__44: case__44
logic__1058: logic__1058
datapath__140: datapath__140
datapath__1064: datapath__2
blob__19: blob
datapath__175: datapath__175
case__86: case__86
datapath__168: datapath__168
logic__32: logic__32
logic__4233: logic__36
case__52: case__52
reg__68: reg__68
datapath__268: datapath__268
datapath__421: datapath__421
case__157: case__157
case__16: case__16
datapath__499: datapath__499
datapath__453: datapath__453
datapath__486: datapath__486
datapath__857: datapath__857
logic__454: logic__454
case__172: case__172
blob__3: blob
logic__643: logic__643
logic__1331: logic__1331
datapath__49: datapath__49
case__161: case__161
datapath__1048: datapath__26
datapath__115: datapath__115
datapath__874: datapath__874
case__94: case__94
case__193: case__193
blob__8: blob
logic__4239: logic__36
datapath__73: datapath__73
logic__385: logic__385
reg__28: reg__28
datapath__167: datapath__167
datapath__944: datapath__30
logic__4277: logic__31
datapath__644: datapath__644
logic__1400: logic__1400
case__100: case__100
logic__1143: logic__1143
muxpart__40: muxpart__40
case__198: case__198
datapath__91: datapath__91
datapath__619: datapath__619
case__120: case__120
logic__1207: logic__1207
datapath__50: datapath__50
datapath__79: datapath__79
datapath__287: datapath__287
datapath__730: datapath__730
logic__97: logic__97
datapath__931: datapath__31
datapath__988: datapath__26
datapath__511: datapath__511
datapath__380: datapath__380
logic__437: logic__437
datapath__587: datapath__587
logic__4323: logic__30
datapath__989: datapath__25
logic__1280: logic__1280
case__224: case__5
datapath__774: datapath__774
datapath__502: datapath__502
logic__57: logic__57
reg__95: reg__10
gameplay_screen__GB2: gameplay_screen__GB2
logic__450: logic__450
case__235: case__6
logic__1064: logic__1064
logic__3101: logic__3101
logic__862: logic__862
datapath__1003: datapath__23
datapath__615: datapath__615
datapath__297: datapath__297
datapath__196: datapath__196
datapath__1004: datapath__26
logic__373: logic__373
case__41: case__41
datapath__859: datapath__859
logic__4324: logic__29
logic__1065: logic__1065
datapath__986: datapath__24
logic__34: logic__34
datapath__747: datapath__747
datapath__869: datapath__869
logic__1007: logic__1007
datapath__434: datapath__434
datapath__69: datapath__69
logic__648: logic__648
logic__440: logic__440
logic__866: logic__866
datapath__977: datapath__29
datapath__737: datapath__737
datapath__834: datapath__834
logic__67: logic__67
datapath__441: datapath__441
datapath__849: datapath__849
datapath__526: datapath__526
datapath__999: datapath__23
logic__18: logic__18
logic__307: logic__307
logic__1266: logic__1266
datapath__538: datapath__538
logic__577: logic__577
logic__245: logic__245
datapath__612: datapath__612
datapath__105: datapath__105
datapath__651: datapath__651
case__175: case__175
datapath__911: datapath__31
datapath__891: datapath__891
datapath__754: datapath__754
logic__715: logic__715
case__146: case__146
datapath__382: datapath__382
datapath__593: datapath__593
case__138: case__138
datapath__807: datapath__807
datapath__1027: datapath__23
logic__723: logic__723
datapath__899: datapath__899
datapath__181: datapath__181
datapath__312: datapath__312
datapath__734: datapath__734
datapath__400: datapath__400
muxpart__19: muxpart__19
datapath__217: datapath__217
datapath__791: datapath__791
datapath__447: datapath__447
logic__4309: logic__29
logic__80: logic__80
blob__17: blob
datapath__959: datapath__27
datapath__96: datapath__96
datapath__1028: datapath__26
logic__4229: logic__37
datapath__861: datapath__861
logic__436: logic__436
logic__1593: logic__1593
datapath__439: datapath__439
blob__parameterized0__3: blob__parameterized0
muxpart__25: muxpart__25
logic__919: logic__919
logic__4322: logic__31
muxpart__22: muxpart__22
logic__1071: logic__1071
datapath__1046: datapath__28
logic__239: logic__239
datapath__650: datapath__650
muxpart__45: muxpart__45
case__36: case__36
datapath__1024: datapath__26
logic__589: logic__589
logic__1344: logic__1344
case__134: case__134
logic__863: logic__863
datapath__709: datapath__709
datapath__965: datapath__29
logic__4298: logic__31
datapath__825: datapath__825
datapath__180: datapath__180
datapath__46: datapath__46
datapath__407: datapath__407
datapath__591: datapath__591
case__116: case__116
logic__4310: logic__31
datapath__459: datapath__459
case__147: case__147
datapath__432: datapath__432
case__197: case__197
logic__89: logic__89
reg__23: reg__23
logic__962: logic__962
logic__4252: logic__32
datapath__18: datapath__18
datapath__16: datapath__16
datapath__508: datapath__508
logic__380: logic__380
logic__162: logic__162
datapath__633: datapath__633
logic__26: logic__26
logic__24: logic__24
datapath__315: datapath__315
logic__1271: logic__1271
datapath__1060: datapath__26
datapath__469: datapath__469
logic__4234: logic__35
case__165: case__165
blob__parameterized1__10: blob__parameterized1
blob__4: blob
datapath__545: datapath__545
datapath__476: datapath__476
logic__27: logic__27
case__64: case__64
datapath__672: datapath__672
datapath__1029: datapath__25
datapath__835: datapath__835
datapath__103: datapath__103
logic__4329: logic__30
datapath__455: datapath__455
datapath__185: datapath__185
case__189: case__189
datapath__355: datapath__355
logic__920: logic__920
logic__994: logic__994
logic__1145: logic__1145
muxpart__70: muxpart__10
case__60: case__60
case__149: case__149
pause_screen: pause_screen
logic__92: logic__92
logic__4260: logic__33
datapath__550: datapath__550
reg__59: reg__59
logic__1130: logic__1130
logic__29: logic__29
muxpart__58: muxpart__58
datapath__466: datapath__466
logic__864: logic__864
debounce__1: debounce
datapath__643: datapath__643
datapath__408: datapath__408
logic__386: logic__386
logic__4226: logic__37
logic__1351: logic__1351
logic__579: logic__579
datapath__182: datapath__182
datapath__84: datapath__84
datapath__384: datapath__384
datapath__183: datapath__183
datapath__632: datapath__632
logic__575: logic__575
case__160: case__160
reg__89: reg__10
logic__79: logic__79
datapath__85: datapath__85
reg__71: reg__71
case__227: case__6
datapath__1063: datapath__23
logic__4253: logic__34
datapath__636: datapath__636
case__6: case__6
logic__796: logic__796
datapath__820: datapath__820
blob__parameterized1__9: blob__parameterized1
datapath__904: datapath__904
case__232: case__5
datapath__1061: datapath__25
logic__448: logic__448
datapath__396: datapath__396
datapath__948: datapath__30
datapath__990: datapath__24
case__191: case__191
reg__38: reg__38
logic__520: logic__520
logic__4321: logic__29
datapath__137: datapath__137
datapath__838: datapath__838
datapath__966: datapath__28
datapath__676: datapath__676
datapath__157: datapath__157
datapath__922: datapath__32
logic__784: logic__784
datapath__884: datapath__884
datapath__792: datapath__792
logic__4285: logic__29
datapath__1034: datapath__24
datapath__617: datapath__617
logic__44: logic__44
logic__1283: logic__1283
muxpart__21: muxpart__21
logic__986: logic__986
logic__235: logic__235
datapath__298: datapath__298
logic__4228: logic__35
datapath__133: datapath__133
logic__244: logic__244
datapath__523: datapath__523
case__103: case__103
logic__229: logic__229
datapath__75: datapath__75
logic__932: logic__932
case__153: case__153
datapath__184: datapath__184
datapath__802: datapath__802
datapath__916: datapath__34
datapath__404: datapath__404
datapath__26: datapath__26
logic__153: logic__153
datapath__413: datapath__413
datapath__30: datapath__30
case__39: case__39
reg__96: reg__9
logic__921: logic__921
datapath__397: datapath__397
datapath__815: datapath__815
logic__455: logic__455
case__212: case__212
datapath__711: datapath__711
datapath__529: datapath__529
reg__65: reg__65
case__32: case__32
datapath__576: datapath__576
datapath__964: datapath__30
reg: reg
datapath__712: datapath__712
muxpart__30: muxpart__30
dsp48e1__4: dsp48e1__4
reg__92: reg__9
datapath__855: datapath__855
datapath__343: datapath__343
muxpart__50: muxpart__50
datapath__595: datapath__595
datapath__284: datapath__284
blob__parameterized0__2: blob__parameterized0
case__141: case__141
datapath__735: datapath__735
case__114: case__114
case__123: case__123
case__135: case__135
logic__1342: logic__1342
case__57: case__57
case__186: case__186
datapath__1059: datapath__23
logic__1338: logic__1338
datapath__801: datapath__801
logic__998: logic__998
logic__1198: logic__1198
case__226: case__7
datapath__55: datapath__55
logic__1334: logic__1334
datapath__475: datapath__475
datapath__1062: datapath__24
datapath__276: datapath__276
muxpart__9: muxpart__9
datapath__609: datapath__609
logic__4313: logic__37
logic__933: logic__933
datapath__193: datapath__193
datapath__1052: datapath__26
logic__581: logic__581
datapath__910: datapath__32
muxpart__2: muxpart__2
case__28: case__28
datapath__882: datapath__882
datapath__950: datapath__28
datapath__836: datapath__836
datapath__852: datapath__852
case__234: case__7
logic__169: logic__169
logic__659: logic__659
datapath__704: datapath__704
logic__644: logic__644
logic__1274: logic__1274
datapath__566: datapath__566
reg__51: reg__51
datapath__383: datapath__383
case__47: case__47
datapath__490: datapath__490
datapath__827: datapath__827
datapath__270: datapath__270
datapath__707: datapath__707
logic__646: logic__646
datapath__10: datapath__10
datapath__714: datapath__714
logic__507: logic__507
logic__1270: logic__1270
case__167: case__167
datapath__958: datapath__28
datapath__237: datapath__237
datapath__780: datapath__780
logic__36: logic__36
logic__82: logic__82
reg__4: reg__4
datapath__1007: datapath__23
datapath__323: datapath__323
datapath__913: datapath__33
logic__1100: logic__1100
case__10: case__10
datapath__144: datapath__144
logic__4214: logic__37
logic__787: logic__787
datapath__277: datapath__277
logic__75: logic__75
datapath__178: datapath__178
datapath__880: datapath__880
datapath__600: datapath__600
datapath__478: datapath__478
datapath__546: datapath__546
logic__444: logic__444
case__99: case__99
case__133: case__133
logic__1129: logic__1129
datapath__190: datapath__190
case__42: case__42
datapath__293: datapath__293
datapath__881: datapath__881
datapath__128: datapath__128
start_screen: start_screen
logic__31: logic__31
case__176: case__176
datapath__991: datapath__23
datapath__45: datapath__45
datapath__342: datapath__342
datapath__489: datapath__489
blob__7: blob
pause_map: pause_map
logic__518: logic__518
logic__645: logic__645
datapath__13: datapath__13
datapath__706: datapath__706
reg__64: reg__64
logic__918: logic__918
reg__9: reg__9
logic__1238: logic__1238
datapath__568: datapath__568
logic__4325: logic__31
datapath__63: datapath__63
logic__4271: logic__31
dsp48e1__7: dsp48e1__7
logic__1138: logic__1138
case__59: case__59
logic__521: logic__521
datapath__946: datapath__28
logic__300: logic__300
logic__1213: logic__1213
datapath__1056: datapath__26
datapath__495: datapath__495
datapath__330: datapath__330
datapath__660: datapath__660
datapath__52: datapath__52
datapath__750: datapath__750
logic__4230: logic__36
banner_green: banner_green
datapath__231: datapath__231
logic__4316: logic__34
logic__435: logic__435
datapath__454: datapath__454
datapath__528: datapath__528
datapath__919: datapath__31
datapath__688: datapath__688
case__128: case__128
datapath__1001: datapath__25
logic__4302: logic__30
datapath__614: datapath__614
logic__1340: logic__1340
datapath__808: datapath__808
datapath__250: datapath__250
logic__512: logic__512
logic__129: logic__129
logic__94: logic__94
logic__856: logic__856
reg__34: reg__34
logic__4189: logic__4189
case__181: case__181
logic__238: logic__238
reg__14: reg__14
logic__1333: logic__1333
datapath__273: datapath__273
datapath__390: datapath__390
datapath__901: datapath__901
logic__712: logic__712
case__151: case__151
logic__1352: logic__1352
datapath__316: datapath__316
datapath__909: datapath__33
logic__1004: logic__1004
logic__4280: logic__31
datapath__245: datapath__245
datapath__908: datapath__34
case__187: case__187
datapath__803: datapath__803
debounce__4: debounce
blob__parameterized1__4: blob__parameterized1
datapath__1044: datapath__30
reg__91: reg__10
case__17: case__17
datapath__269: datapath__269
datapath__1043: datapath__31
banner_red: banner_red
logic__4296: logic__30
case__31: case__31
datapath__423: datapath__423
muxpart__4: muxpart__4
datapath__753: datapath__753
datapath__639: datapath__639
datapath__17: datapath__17
datapath__942: datapath__32
datapath__265: datapath__265
muxpart__16: muxpart__16
datapath__640: datapath__640
datapath__80: datapath__80
datapath__199: datapath__199
datapath__943: datapath__31
datapath__530: datapath__530
datapath__693: datapath__693
case__3: case__3
datapath__790: datapath__790
datapath__532: datapath__532
datapath__867: datapath__867
logic__1481: logic__1481
datapath__708: datapath__708
logic__642: logic__642
datapath__282: datapath__282
datapath__418: datapath__418
logic__990: logic__990
datapath__425: datapath__425
counter__5: counter__3
logic__4217: logic__37
datapath__570: datapath__570
datapath__230: datapath__230
datapath__818: datapath__818
logic__514: logic__514
case__200: case__200
datapath__362: datapath__362
logic__588: logic__588
logic__4273: logic__29
logic__1: logic__1
muxpart: muxpart
blob__parameterized0__5: blob__parameterized0
datapath__914: datapath__32
datapath__683: datapath__683
datapath__498: datapath__498
datapath__172: datapath__172
datapath__143: datapath__143
datapath__662: datapath__662
datapath__690: datapath__690
datapath__473: datapath__473
logic__4245: logic__33
logic__1281: logic__1281
reg__63: reg__63
logic__91: logic__91
datapath__980: datapath__26
case__23: case__23
case__218: case__218
datapath__281: datapath__281
logic__1282: logic__1282
datapath__923: datapath__31
datapath__130: datapath__130
logic__717: logic__717
case__180: case__180
logic__583: logic__583
datapath__353: datapath__353
case__14: case__14
logic__718: logic__718
logic__1132: logic__1132
muxpart__7: muxpart__7
datapath__781: datapath__781
logic__241: logic__241
logic__479: logic__479
logic__20: logic__20
datapath__420: datapath__420
logic__1133: logic__1133
datapath__620: datapath__620
datapath__161: datapath__161
datapath__497: datapath__497
blob__13: blob
logic__509: logic__509
datapath__102: datapath__102
muxpart__33: muxpart__33
datapath__862: datapath__862
datapath__963: datapath__27
datapath__146: datapath__146
logic__1273: logic__1273
reg__11: reg__11
datapath__367: datapath__367
reg__80: reg__80
case__162: case__162
datapath: datapath
logic__438: logic__438
datapath__106: datapath__106
datapath__866: datapath__866
datapath__565: datapath__565
logic__14: logic__14
datapath__34: datapath__34
case__113: case__113
case__43: case__43
datapath__417: datapath__417
datapath__39: datapath__39
datapath__338: datapath__338
datapath__810: datapath__810
logic__930: logic__930
logic__65: logic__65
logic__2: logic__2
logic: logic
datapath__896: datapath__896
datapath__401: datapath__401
logic__100: logic__100
case__55: case__55
logic__987: logic__987
datapath__388: datapath__388
datapath__409: datapath__409
datapath__968: datapath__30
datapath__1006: datapath__24
datapath__177: datapath__177
datapath__111: datapath__111
datapath__275: datapath__275
datapath__671: datapath__671
logic__434: logic__434
datapath__731: datapath__731
logic__781: logic__781
logic__713: logic__713
datapath__471: datapath__471
counter__2: counter__2
xvga: xvga
datapath__442: datapath__442
logic__4244: logic__34
reg__25: reg__25
logic__4268: logic__31
logic__1062: logic__1062
datapath__414: datapath__414
logic__1125: logic__1125
datapath__21: datapath__21
logic__793: logic__793
datapath__257: datapath__257
logic__861: logic__861
datapath__36: datapath__36
datapath__129: datapath__129
logic__445: logic__445
reg__35: reg__35
datapath__893: datapath__893
blob__parameterized1__8: blob__parameterized1
datapath__399: datapath__399
datapath__768: datapath__768
datapath__121: datapath__121
case__236: case__5
datapath__1037: datapath__25
datapath__533: datapath__533
datapath__160: datapath__160
datapath__15: datapath__15
datapath__716: datapath__716
datapath__141: datapath__141
datapath__535: datapath__535
logic__925: logic__925
logic__1264: logic__1264
datapath__814: datapath__814
datapath__152: datapath__152
datapath__301: datapath__301
datapath__832: datapath__832
datapath__402: datapath__402
datapath__451: datapath__451
datapath__112: datapath__112
datapath__1017: datapath__25
datapath__1031: datapath__23
logic__510: logic__510
dsp48e1__2: dsp48e1__2
case__1: case__1
case__9: case__9
datapath__625: datapath__625
logic__4256: logic__34
datapath__215: datapath__215
datapath__368: datapath__368
logic__517: logic__517
logic__449: logic__449
logic__1348: logic__1348
datapath__279: datapath__279
case__79: case__79
datapath__883: datapath__883
logic__1072: logic__1072
logic__995: logic__995
logic__4257: logic__33
datapath__216: datapath__216
logic__989: logic__989
logic__850: logic__850
datapath__54: datapath__54
datapath__952: datapath__30
logic__1268: logic__1268
datapath__58: datapath__58
datapath__505: datapath__505
datapath__333: datapath__333
logic__503: logic__503
logic__69: logic__69
case__182: case__182
datapath__78: datapath__78
datapath__150: datapath__150
datapath__645: datapath__645
logic__443: logic__443
blob__parameterized1__2: blob__parameterized1
case__25: case__25
logic__4327: logic__29
reg__85: reg__85
datapath__258: datapath__258
datapath__435: datapath__435
datapath__739: datapath__739
datapath__623: datapath__623
datapath__92: datapath__92
reg__66: reg__66
datapath__35: datapath__35
datapath__317: datapath__317
logic__4301: logic__31
case__34: case__34
datapath__785: datapath__785
datapath__905: datapath__905
logic__447: logic__447
logic__66: logic__66
datapath__663: datapath__663
blob__parameterized1: blob__parameterized1
datapath__118: datapath__118
datapath__456: datapath__456
blob__parameterized1__1: blob__parameterized1
datapath__592: datapath__592
case__46: case__46
logic__103: logic__103
datapath__430: datapath__430
reg__22: reg__22
reg__10: reg__10
datapath__559: datapath__559
logic__1131: logic__1131
logic__572: logic__572
datapath__313: datapath__313
datapath__431: datapath__431
logic__1126: logic__1126
case__168: case__168
datapath__728: datapath__728
logic__857: logic__857
reg__36: reg__36
logic__1277: logic__1277
logic__30: logic__30
datapath__1057: datapath__25
datapath__288: datapath__288
datapath__669: datapath__669
datapath__522: datapath__522
logic__4311: logic__30
logic__1278: logic__1278
muxpart__41: muxpart__41
datapath__960: datapath__30
datapath__752: datapath__752
datapath__684: datapath__684
logic__78: logic__78
datapath__1018: datapath__24
logic__1208: logic__1208
datapath__1010: datapath__24
logic__934: logic__934
datapath__1026: datapath__24
datapath__786: datapath__786
logic__582: logic__582
datapath__853: datapath__853
datapath__540: datapath__540
datapath__479: datapath__479
logic__794: logic__794
datapath__789: datapath__789
logic__17: logic__17
datapath__138: datapath__138
datapath__371: datapath__371
logic__301: logic__301
logic__1336: logic__1336
logic__1482: logic__1482
logic__4262: logic__34
datapath__578: datapath__578
datapath__395: datapath__395
datapath__328: datapath__328
case__70: case__70
logic__584: logic__584
logic__311: logic__311
datapath__845: datapath__845
case__40: case__40
logic__1075: logic__1075
logic__4272: logic__30
reg__50: reg__50
datapath__793: datapath__793
logic__4287: logic__30
logic__991: logic__991
logic__868: logic__868
datapath__821: datapath__821
case__53: case__53
datapath__996: datapath__26
datapath__359: datapath__359
logic__101: logic__101
case__97: case__97
datapath__903: datapath__903
muxpart__23: muxpart__23
case__174: case__174
datapath__386: datapath__386
datapath__164: datapath__164
logic__728: logic__728
case__22: case__22
reg__13: reg__13
datapath__1065: datapath__2
muxpart__60: muxpart__60
logic__4318: logic__32
logic__1063: logic__1063
case__49: case__49
logic__1000: logic__1000
reg__39: reg__39
datapath__443: datapath__443
logic__384: logic__384
logic__917: logic__917
datapath__344: datapath__344
counter__7: counter__3
logic__1001: logic__1001
logic__1073: logic__1073
logic__1057: logic__1057
datapath__95: datapath__95
logic__1337: logic__1337
datapath__877: datapath__877
case__38: case__38
datapath__696: datapath__696
logic__997: logic__997
logic__824: logic__824
logic__1055: logic__1055
datapath__886: datapath__886
clk_wiz_0: clk_wiz_0
case__11: case__11
dsp48e1: dsp48e1
datapath__219: datapath__219
case__130: case__130
logic__73: logic__73
logic__317: logic__317
logic__4278: logic__30
datapath__429: datapath__429
case__75: case__75
datapath__378: datapath__378
reg__6: reg__6
logic__1214: logic__1214
datapath__202: datapath__202
datapath__1008: datapath__26
logic__382: logic__382
logic__3: logic__3
case__125: case__125
datapath__611: datapath__611
datapath__305: datapath__305
logic__102: logic__102
instructions_rom: instructions_rom
logic__1141: logic__1141
datapath__31: datapath__31
datapath__941: datapath__33
logic__800: logic__800
logic__87: logic__87
datapath__665: datapath__665
muxpart__26: muxpart__26
datapath__840: datapath__840
datapath__594: datapath__594
logic__243: logic__243
datapath__642: datapath__642
datapath__357: datapath__357
reg__7: reg__7
datapath__666: datapath__666
logic__4304: logic__31
logic__166: logic__166
datapath__843: datapath__843
datapath__580: datapath__580
datapath__481: datapath__481
datapath__419: datapath__419
logic__203: logic__203
logic__313: logic__313
start_logo: start_logo
datapath__748: datapath__748
datapath__995: datapath__23
datapath__248: datapath__248
case__124: case__124
logic__76: logic__76
logic__1139: logic__1139
case__20: case__20
logic__1066: logic__1066
reg__54: reg__54
logic__375: logic__375
logic__4332: logic__11
datapath__917: datapath__33
logic__4315: logic__35
case__139: case__139
logic__376: logic__376
datapath__203: datapath__203
datapath__500: datapath__500
datapath__703: datapath__703
datapath__405: datapath__405
logic__729: logic__729
case__156: case__156
datapath__503: datapath__503
logic__1211: logic__1211
datapath__788: datapath__788
logic__711: logic__711
case__163: case__163
logic__446: logic__446
datapath__309: datapath__309
case__194: case__194
datapath__677: datapath__677
datapath__477: datapath__477
datapath__973: datapath__29
logic__1195: logic__1195
blob__parameterized1__6: blob__parameterized1
reg__40: reg__40
logic__4185: logic__4185
datapath__694: datapath__694
datapath__271: datapath__271
case__105: case__105
case__166: case__166
datapath__534: datapath__534
datapath__329: datapath__329
logic__852: logic__852
datapath__485: datapath__485
case__37: case__37
datapath__978: datapath__28
muxpart__29: muxpart__29
datapath__365: datapath__365
datapath__412: datapath__412
case__15: case__15
logic__4219: logic__35
logic__4250: logic__34
logic__365: logic__365
datapath__381: datapath__381
datapath__65: datapath__65
logic__4275: logic__30
logic__4223: logic__37
datapath__332: datapath__332
datapath__549: datapath__549
case__158: case__158
datapath__147: datapath__147
logic__935: logic__935
datapath__457: datapath__457
datapath__518: datapath__518
case__19: case__19
muxpart__72: muxpart__10
logic__1350: logic__1350
datapath__283: datapath__283
logic__641: logic__641
datapath__799: datapath__799
datapath__176: datapath__176
muxpart__10: muxpart__10
logic__1203: logic__1203
datapath__322: datapath__322
datapath__860: datapath__860
reg__29: reg__29
datapath__582: datapath__582
datapath__657: datapath__657
datapath__572: datapath__572
blob__parameterized0__6: blob__parameterized0
datapath__581: datapath__581
datapath__125: datapath__125
datapath__847: datapath__847
logic__1569: logic__1569
logic__4274: logic__31
case__92: case__92
datapath__871: datapath__871
logic__341: logic__341
logic__4231: logic__35
datapath__135: datapath__135
logic__755: logic__755
logic__309: logic__309
datapath__1053: datapath__25
logic__70: logic__70
logic__6: logic__6
case__101: case__101
logic__1210: logic__1210
datapath__56: datapath__56
datapath__3: datapath__3
logic__61: logic__61
case__85: case__85
datapath__211: datapath__211
datapath__667: datapath__667
datapath__579: datapath__579
logic__4258: logic__32
datapath__81: datapath__81
datapath__519: datapath__519
blob__parameterized2: blob__parameterized2
datapath__90: datapath__90
logic__1068: logic__1068
case__98: case__98
datapath__43: datapath__43
datapath__1005: datapath__25
reg__87: reg__87
case__231: case__6
datapath__898: datapath__898
logic__548: logic__548
logic__4190: logic__4190
datapath__120: datapath__120
logic__508: logic__508
reg__60: reg__60
datapath__621: datapath__621
datapath__659: datapath__659
datapath__561: datapath__561
datapath__364: datapath__364
logic__4266: logic__33
case__188: case__188
datapath__171: datapath__171
logic__441: logic__441
datapath__100: datapath__100
reg__49: reg__49
muxpart__5: muxpart__5
datapath__326: datapath__326
logic__587: logic__587
datapath__72: datapath__72
datapath__227: datapath__227
logic__1262: logic__1262
datapath__967: datapath__27
logic__4306: logic__29
logic__1136: logic__1136
datapath__243: datapath__243
logic__1144: logic__1144
blob__parameterized0__8: blob__parameterized0
case__195: case__195
dsp48e1__5: dsp48e1__5
datapath__829: datapath__829
datapath__809: datapath__809
case__106: case__106
logic__1137: logic__1137
datapath__668: datapath__668
datapath__482: datapath__482
logic__33: logic__33
logic__653: logic__653
case__148: case__148
logic__3543: logic__3543
datapath__848: datapath__848
datapath__256: datapath__256
logic__1134: logic__1134
case__30: case__30
logic__272: logic__272
datapath__648: datapath__648
datapath__979: datapath__27
datapath__937: datapath__33
datapath__179: datapath__179
logic__714: logic__714
case__76: case__76
logic__658: logic__658
datapath__242: datapath__242
datapath__951: datapath__27
datapath__685: datapath__685
datapath__539: datapath__539
datapath__742: datapath__742
datapath__341: datapath__341
case: case
logic__928: logic__928
reg__17: reg__17
datapath__674: datapath__674
logic__1275: logic__1275
datapath__53: datapath__53
logic__4232: logic__37
datapath__687: datapath__687
datapath__306: datapath__306
logic__710: logic__710
datapath__776: datapath__776
datapath__296: datapath__296
datapath__320: datapath__320
datapath__228: datapath__228
case__112: case__112
datapath__507: datapath__507
datapath__654: datapath__654
reg__69: reg__69
datapath__206: datapath__206
datapath__460: datapath__460
datapath__467: datapath__467
datapath__251: datapath__251
case__216: case__216
datapath__5: datapath__5
logic__931: logic__931
datapath__947: datapath__27
datapath__987: datapath__23
datapath__812: datapath__812
datapath__334: datapath__334
logic__858: logic__858
datapath__658: datapath__658
logic__4242: logic__33
datapath__350: datapath__350
datapath__846: datapath__846
logic__4328: logic__31
datapath__162: datapath__162
logic__1193: logic__1193
datapath__635: datapath__635
logic__586: logic__586
logic__4281: logic__30
muxpart__24: muxpart__24
reg__55: reg__55
datapath__1: datapath__1
datapath__805: datapath__805
case__90: case__90
datapath__741: datapath__741
datapath__599: datapath__599
datapath__356: datapath__356
logic__4291: logic__29
datapath__360: datapath__360
datapath__295: datapath__295
logic__84: logic__84
datapath__57: datapath__57
logic__590: logic__590
datapath__551: datapath__551
datapath__310: datapath__310
counter__3: counter__3
datapath__321: datapath__321
datapath__108: datapath__108
datapath__506: datapath__506
datapath__97: datapath__97
case__225: case__8
gameplay_screen__GB3: gameplay_screen__GB3
datapath__935: datapath__31
datapath__646: datapath__646
datapath__192: datapath__192
datapath__169: datapath__169
datapath__411: datapath__411
dsp48e1__8: dsp48e1__8
datapath__289: datapath__289
logic__1279: logic__1279
logic__4288: logic__29
datapath__8: datapath__8
datapath__117: datapath__117
datapath__649: datapath__649
datapath__673: datapath__673
case__4: case__4
logic__164: logic__164
datapath__278: datapath__278
datapath__764: datapath__764
muxpart__17: muxpart__17
datapath__638: datapath__638
datapath__501: datapath__501
logic__4215: logic__36
muxpart__8: muxpart__8
datapath__557: datapath__557
muxpart__52: muxpart__52
reg__70: reg__70
datapath__406: datapath__406
case__109: case__109
datapath__83: datapath__83
datapath__233: datapath__233
case__145: case__145
logic__4308: logic__30
logic__4261: logic__32
datapath__387: datapath__387
logic__312: logic__312
reg__18: reg__18
counter__6: counter__3
datapath__569: datapath__569
logic__513: logic__513
reg__58: reg__58
datapath__868: datapath__868
logic__4263: logic__33
datapath__62: datapath__62
datapath__769: datapath__769
muxpart__43: muxpart__43
datapath__346: datapath__346
muxpart__57: muxpart__57
datapath__19: datapath__19
logic__1197: logic__1197
datapath__376: datapath__376
datapath__606: datapath__606
logic__657: logic__657
logic__171: logic__171
datapath__717: datapath__717
datapath__484: datapath__484
logic__660: logic__660
datapath__38: datapath__38
case__63: case__63
datapath__223: datapath__223
muxpart__28: muxpart__28
datapath__604: datapath__604
blob__18: blob
datapath__783: datapath__783
logic__721: logic__721
datapath__1019: datapath__23
logic__1205: logic__1205
datapath__123: datapath__123
datapath__186: datapath__186
logic__160: logic__160
datapath__33: datapath__33
logic__4236: logic__36
muxpart__18: muxpart__18
gameplay_screen__GB0: gameplay_screen__GB0
datapath__465: datapath__465
datapath__692: datapath__692
datapath__1000: datapath__26
datapath__12: datapath__12
blob__12: blob
logic__4212: logic__4212
datapath__445: datapath__445
datapath__158: datapath__158
logic__996: logic__996
logic__936: logic__936
datapath__777: datapath__777
datapath__77: datapath__77
logic__780: logic__780
datapath__858: datapath__858
muxpart__46: muxpart__46
datapath__647: datapath__647
datapath__159: datapath__159
datapath__1014: datapath__24
datapath__14: datapath__14
reg__67: reg__67
logic__504: logic__504
datapath__151: datapath__151
gameplay_screen__GB4: gameplay_screen__GB4
counter__1: counter__1
datapath__51: datapath__51
datapath__760: datapath__760
datapath__348: datapath__348
datapath__509: datapath__509
logic__303: logic__303
muxpart__34: muxpart__34
logic__519: logic__519
datapath__833: datapath__833
logic__849: logic__849
muxpart__32: muxpart__32
logic__4279: logic__29
logic__4186: logic__4186
datapath__440: datapath__440
datapath__303: datapath__303
logic__1272: logic__1272
logic__788: logic__788
reg__78: reg__78
datapath__41: datapath__41
logic__4222: logic__35
logic__227: logic__227
datapath__292: datapath__292
datapath__307: datapath__307
datapath__865: datapath__865
datapath__1049: datapath__25
logic__511: logic__511
logic__1006: logic__1006
datapath__204: datapath__204
datapath__724: datapath__724
logic__228: logic__228
case__230: case__7
datapath__446: datapath__446
logic__161: logic__161
reg__30: reg__30
datapath__195: datapath__195
logic__379: logic__379
datapath__494: datapath__494
datapath__957: datapath__29
datapath__798: datapath__798
datapath__285: datapath__285
case__2: case__2
logic__790: logic__790
datapath__670: datapath__670
datapath__311: datapath__311
debounce: debounce
datapath__795: datapath__795
datapath__2: datapath__2
logic__516: logic__516
muxpart__39: muxpart__39
case__74: case__74
datapath__610: datapath__610
logic__1199: logic__1199
datapath__740: datapath__740
logic__4320: logic__30
logic__4290: logic__30
logic__1267: logic__1267
datapath__210: datapath__210
logic__789: logic__789
logic__4283: logic__31
datapath__259: datapath__259
datapath__516: datapath__516
logic__1349: logic__1349
datapath__627: datapath__627
blob__15: blob
blob__10: blob
logic__4303: logic__29
muxpart__69: muxpart__9
buttons_rom: buttons_rom
datapath__428: datapath__428
muxpart__14: muxpart__14
datapath__726: datapath__726
datapath__480: datapath__480
case__196: case__196
logic__923: logic__923
logic__1206: logic__1206
case__221: case__8
datapath__926: datapath__32
dsp48e1__9: dsp48e1__9
case__183: case__183
datapath__389: datapath__389
datapath__771: datapath__771
datapath__300: datapath__300
datapath__603: datapath__603
logic__1169: logic__1169
datapath__226: datapath__226
datapath__929: datapath__33
blob__9: blob
logic__368: logic__368
logic__248: logic__248
datapath__773: datapath__773
case__117: case__117
datapath__290: datapath__290
reg__77: reg__77
reg__16: reg__16
debounce__3: debounce
datapath__573: datapath__573
logic__4254: logic__33
datapath__1025: datapath__25
datapath__463: datapath__463
datapath__772: datapath__772
case__137: case__137
datapath__547: datapath__547
logic__25: logic__25
logic__1200: logic__1200
datapath__280: datapath__280
logic__378: logic__378
muxpart__6: muxpart__6
datapath__437: datapath__437
datapath__589: datapath__589
logic__237: logic__237
blob__parameterized0__7: blob__parameterized0
logic__372: logic__372
case__155: case__155
logic__302: logic__302
datapath__779: datapath__779
datapath__736: datapath__736
logic__316: logic__316
logic__725: logic__725
datapath__449: datapath__449
logic__367: logic__367
logic__71: logic__71
datapath__700: datapath__700
logic__90: logic__90
logic__4295: logic__31
datapath__379: datapath__379
datapath__584: datapath__584
logic__523: logic__523
datapath__438: datapath__438
datapath__153: datapath__153
logic__4218: logic__36
case__108: case__108
logic__4267: logic__32
datapath__938: datapath__32
logic__179: logic__179
datapath__719: datapath__719
logic__869: logic__869
logic__242: logic__242
datapath__436: datapath__436
datapath__940: datapath__34
datapath__61: datapath__61
datapath__839: datapath__839
datapath__664: datapath__664
dsp48e1__10: dsp48e1__10
datapath__415: datapath__415
datapath__892: datapath__892
datapath__767: datapath__767
datapath__982: datapath__24
datapath__254: datapath__254
blob__parameterized0__4: blob__parameterized0
datapath__1032: datapath__26
logic__798: logic__798
reg__57: reg__57
case__215: case__215
logic__779: logic__779
logic__4276: logic__29
logic__4333: logic__11
datapath__842: datapath__842
datapath__542: datapath__542
datapath__894: datapath__894
logic__867: logic__867
blob__parameterized0__9: blob__parameterized0
datapath__933: datapath__33
datapath__229: datapath__229
logic__233: logic__233
datapath__797: datapath__797
logic__452: logic__452
datapath__1058: datapath__24
logic__178: logic__178
datapath__241: datapath__241
datapath__255: datapath__255
datapath__698: datapath__698
case__131: case__131
datapath__800: datapath__800
logic__1056: logic__1056
logic__4289: logic__31
datapath__761: datapath__761
logic__4294: logic__29
case__35: case__35
case__69: case__69
logic__848: logic__848
muxpart__55: muxpart__55
datapath__822: datapath__822
case__104: case__104
datapath__863: datapath__863
logic__993: logic__993
case__95: case__95
datapath__87: datapath__87
datapath__194: datapath__194
logic__662: logic__662
case__217: case__217
logic__98: logic__98
datapath__464: datapath__464
logic__1335: logic__1335
datapath__44: datapath__44
logic__4282: logic__29
logic__617: logic__617
datapath__588: datapath__588
datapath__686: datapath__686
logic__855: logic__855
logic__4269: logic__30
pause_rom: pause_rom
datapath__755: datapath__755
datapath__107: datapath__107
logic__929: logic__929
logic__505: logic__505
logic__173: logic__173
case__50: case__50
logic__15: logic__15
datapath__695: datapath__695
logic__799: logic__799
logic__172: logic__172
datapath__552: datapath__552
datapath__82: datapath__82
logic__786: logic__786
datapath__993: datapath__25
datapath__28: datapath__28
logic__381: logic__381
dsp48e1__1: dsp48e1__1
datapath__1039: datapath__23
datapath__252: datapath__252
logic__105: logic__105
case__222: case__7
datapath__682: datapath__682
reg__37: reg__37
datapath__59: datapath__59
datapath__422: datapath__422
logic__1061: logic__1061
banner_blue: banner_blue
logic__650: logic__650
datapath__721: datapath__721
datapath__240: datapath__240
case__164: case__164
reg__43: reg__43
datapath__575: datapath__575
datapath__1055: datapath__23
logic__4216: logic__35
case__213: case__213
case__229: case__8
datapath__116: datapath__116
instructions_map: instructions_map
case__178: case__178
reg__41: reg__41
logic__4270: logic__29
datapath__733: datapath__733
muxpart__51: muxpart__51
logic__1212: logic__1212
logic__85: logic__85
logic__4286: logic__31
logic__451: logic__451
blob: blob
logic__1346: logic__1346
datapath__520: datapath__520
logic__4251: logic__33
datapath__225: datapath__225
reg__20: reg__20
case__67: case__67
datapath__377: datapath__377
datapath__173: datapath__173
datapath__235: datapath__235
muxpart__15: muxpart__15
datapath__450: datapath__450
datapath__997: datapath__25
logic__4265: logic__34
case__202: case__202
reg__90: reg__9
datapath__392: datapath__392
datapath__930: datapath__32
reg__45: reg__45
datapath__403: datapath__403
logic__176: logic__176
logic__1124: logic__1124
datapath__60: datapath__60
datapath__351: datapath__351
datapath__556: datapath__556
datapath__209: datapath__209
muxpart__53: muxpart__53
datapath__487: datapath__487
datapath__136: datapath__136
case__142: case__142
logic__661: logic__661
muxpart__49: muxpart__49
datapath__458: datapath__458
logic__315: logic__315
datapath__854: datapath__854
muxpart__74: muxpart__10
logic__99: logic__99
datapath__22: datapath__22
logic__22: logic__22
datapath__9: datapath__9
reg__46: reg__46
logic__1345: logic__1345
logic__652: logic__652
case__56: case__56
datapath__713: datapath__713
datapath__828: datapath__828
datapath__992: datapath__26
logic__88: logic__88
logic__297: logic__297
datapath__27: datapath__27
datapath__831: datapath__831
datapath__844: datapath__844
datapath__878: datapath__878
logic__1204: logic__1204
reg__1: reg__1
case__78: case__78
case__170: case__170
logic__4193: logic__4193
datapath__681: datapath__681
datapath__976: datapath__30
datapath__1016: datapath__26
dsp48e1__3: dsp48e1__3
reg__74: reg__74
datapath__222: datapath__222
datapath__701: datapath__701
case__68: case__68
datapath__220: datapath__220
logic__4238: logic__37
logic__1005: logic__1005
reg__56: reg__56
logic__41: logic__41
datapath__804: datapath__804
case__51: case__51
datapath__641: datapath__641
case__129: case__129
datapath__939: datapath__31
datapath__444: datapath__444
case__27: case__27
datapath__42: datapath__42
datapath__205: datapath__205
reg__48: reg__48
datapath__1002: datapath__24
logic__574: logic__574
datapath__424: datapath__424
datapath__266: datapath__266
datapath__907: datapath__907
datapath__984: datapath__26
datapath__746: datapath__746
logic__1002: logic__1002
muxpart__73: muxpart__9
datapath__212: datapath__212
datapath__410: datapath__410
reg__93: reg__10
logic__1307: logic__1307
datapath__544: datapath__544
logic__4213: logic__4213
datapath__391: datapath__391
datapath__969: datapath__29
logic__1617: logic__1617
datapath__461: datapath__461
datapath__536: datapath__536
logic__1060: logic__1060
case__185: case__185
logic__46: logic__46
datapath__213: datapath__213
datapath__563: datapath__563
datapath__1030: datapath__24
reg__26: reg__26
datapath__872: datapath__872
logic__1194: logic__1194
datapath__513: datapath__513
case__190: case__190
datapath__29: datapath__29
datapath__998: datapath__24
datapath__1045: datapath__29
case__127: case__127
datapath__851: datapath__851
datapath__1011: datapath__23
case__228: case__5
logic__366: logic__366
logic__21: logic__21
logic__922: logic__922
datapath__491: datapath__491
datapath__577: datapath__577
logic__4297: logic__29
datapath__1035: datapath__23
datapath__221: datapath__221
datapath__605: datapath__605
datapath__567: datapath__567
datapath__953: datapath__29
blob__2: blob
datapath__631: datapath__631
logic__851: logic__851
datapath__975: datapath__27
case__152: case__152
datapath__1023: datapath__23
datapath__912: datapath__34
case__110: case__110
case__73: case__73
reg__79: reg__79
datapath__718: datapath__718
case__80: case__80
datapath__302: datapath__302
case__159: case__159
datapath__260: datapath__260
datapath__134: datapath__134
datapath__555: datapath__555
datapath__879: datapath__879
case__81: case__81
logic__1265: logic__1265
datapath__710: datapath__710
logic__926: logic__926
datapath__86: datapath__86
datapath__393: datapath__393
datapath__239: datapath__239
logic__4255: logic__32
case__24: case__24
datapath__156: datapath__156
logic__4319: logic__31
datapath__906: datapath__906
case__118: case__118
case__26: case__26
blob__parameterized1__5: blob__parameterized1
datapath__88: datapath__88
datapath__198: datapath__198
datapath__921: datapath__33
logic__716: logic__716
datapath__174: datapath__174
datapath__521: datapath__521
reg__42: reg__42
datapath__337: datapath__337
datapath__1022: datapath__24
logic__1031: logic__1031
logic__1341: logic__1341
logic__1074: logic__1074
datapath__336: datapath__336
muxpart__59: muxpart__59
logic__4293: logic__30
case__72: case__72
logic__937: logic__937
logic__4259: logic__34
logic__1127: logic__1127
case__58: case__58
datapath__64: datapath__64
muxpart__27: muxpart__27
case__136: case__136
reg__12: reg__12
datapath__1038: datapath__24
button_functions: button_functions
datapath__510: datapath__510
datapath__70: datapath__70
datapath__537: datapath__537
case__107: case__107
muxpart__3: muxpart__3
logic__988: logic__988
datapath__197: datapath__197
datapath__98: datapath__98
logic__383: logic__383
datapath__253: datapath__253
logic__524: logic__524
case__96: case__96
datapath__888: datapath__888
datapath__1012: datapath__26
datapath__191: datapath__191
case__154: case__154
logic__159: logic__159
case__214: case__214
datapath__732: datapath__732
muxpart__75: muxpart__9
logic__232: logic__232
blob__parameterized1__3: blob__parameterized1
logic__4225: logic__35
datapath__679: datapath__679
datapath__778: datapath__778
datapath__299: datapath__299
logic__4326: logic__30
datapath__286: datapath__286
datapath__68: datapath__68
datapath__994: datapath__24
reg__44: reg__44
blob__6: blob
logic__453: logic__453
logic__515: logic__515
logic__1076: logic__1076
datapath__554: datapath__554
logic__16: logic__16
datapath__349: datapath__349
case__82: case__82
logic__592: logic__592
display_8hex: display_8hex
datapath__1040: datapath__34
datapath__354: datapath__354
logic__576: logic__576
datapath__823: datapath__823
datapath__751: datapath__751
logic__2259: logic__2259
blob__1: blob
datapath__850: datapath__850
logic__1135: logic__1135
datapath__564: datapath__564
datapath__426: datapath__426
datapath__66: datapath__66
logic__4188: logic__4188
case__233: case__8
datapath__765: datapath__765
datapath__67: datapath__67
datapath__398: datapath__398
logic__72: logic__72
case__223: case__6
muxpart__56: muxpart__56
logic__306: logic__306
logic__4237: logic__35
logic__1067: logic__1067
datapath__655: datapath__655
logic__37: logic__37
logic__1059: logic__1059
datapath__224: datapath__224
datapath__132: datapath__132
reg__8: reg__8
logic__893: logic__893
start_instructions: start_instructions
datapath__928: datapath__34
logic__585: logic__585
logic__68: logic__68
datapath__525: datapath__525
case__143: case__143
datapath__961: datapath__29
datapath__784: datapath__784
datapath__462: datapath__462
datapath__208: datapath__208
counter: counter
datapath__47: datapath__47
logic__859: logic__859
datapath__263: datapath__263
datapath__427: datapath__427
datapath__488: datapath__488
datapath__562: datapath__562
logic__1332: logic__1332
datapath__626: datapath__626
logic__1201: logic__1201
datapath__602: datapath__602
logic__4246: logic__32
debounce__2: debounce
datapath__7: datapath__7
datapath__541: datapath__541
datapath__1021: datapath__25
case__93: case__93
datapath__345: datapath__345
datapath__630: datapath__630
logic__170: logic__170
datapath__448: datapath__448
datapath__678: datapath__678
datapath__272: datapath__272
logic__410: logic__410
datapath__819: datapath__819
datapath__794: datapath__794
logic__647: logic__647
datapath__74: datapath__74
datapath__749: datapath__749
logic__38: logic__38
datapath__608: datapath__608
datapath__962: datapath__28
datapath__25: datapath__25
datapath__583: datapath__583
logic__4305: logic__30
datapath__452: datapath__452
datapath__763: datapath__763
logic__720: logic__720
datapath__170: datapath__170
datapath__512: datapath__512
datapath__104: datapath__104
datapath__762: datapath__762
logic__4235: logic__37
datapath__291: datapath__291
datapath__720: datapath__720
datapath__366: datapath__366
datapath__702: datapath__702
logic__797: logic__797
datapath__71: datapath__71
datapath__920: datapath__34
logic__81: logic__81
datapath__294: datapath__294
logic__4307: logic__31
logic__240: logic__240
datapath__743: datapath__743
datapath__875: datapath__875
datapath__1033: datapath__25
datapath__517: datapath__517
reg__86: reg__86
datapath__261: datapath__261
logic__74: logic__74
case__169: case__169
datapath__373: datapath__373
case__29: case__29
datapath__234: datapath__234
case__33: case__33
case__121: case__121
datapath__374: datapath__374
datapath__925: datapath__33
buttons_map: buttons_map
logic__938: logic__938
datapath__433: datapath__433
datapath__32: datapath__32
logic__45: logic__45
logic__168: logic__168
logic__726: logic__726
datapath__20: datapath__20
logic__369: logic__369
logic__1070: logic__1070
logic__1347: logic__1347
datapath__949: datapath__29
logic__860: logic__860
datapath__340: datapath__340
pause_instructions: pause_instructions
logic__1263: logic__1263
top_level__GC0: top_level__GC0
logic__234: logic__234
case__45: case__45
logic__299: logic__299
datapath__936: datapath__34
datapath__889: datapath__889
datapath__629: datapath__629
datapath__954: datapath__28
datapath__4: datapath__4
logic__656: logic__656
datapath__757: datapath__757
datapath__972: datapath__30
logic__28: logic__28
datapath__596: datapath__596
datapath__856: datapath__856
case__111: case__111
case__77: case__77
logic__308: logic__308
logic__865: logic__865
datapath__110: datapath__110
datapath__680: datapath__680
datapath__618: datapath__618
datapath__358: datapath__358
datapath__11: datapath__11
datapath__483: datapath__483
logic__163: logic__163
case__219: case__219
datapath__782: datapath__782
datapath__324: datapath__324
datapath__40: datapath__40
case__65: case__65
datapath__661: datapath__661
reg__61: reg__61
datapath__127: datapath__127
logic__654: logic__654
logic__782: logic__782
datapath__154: datapath__154
datapath__331: datapath__331
logic__35: logic__35
logic__1209: logic__1209
datapath__586: datapath__586
datapath__837: datapath__837
datapath__155: datapath__155
datapath__981: datapath__25
datapath__369: datapath__369
datapath__770: datapath__770
datapath__474: datapath__474
case__8: case__8
logic__1142: logic__1142
logic__1202: logic__1202
reg__73: reg__73
dsp48e1__6: dsp48e1__6
datapath__924: datapath__34
case__83: case__83
datapath__131: datapath__131
datapath__188: datapath__188
logic__4249: logic__32
datapath__1015: datapath__23
datapath__715: datapath__715
logic__175: logic__175
datapath__945: datapath__29
datapath__201: datapath__201
datapath__927: datapath__31
datapath__697: datapath__697
datapath__601: datapath__601
logic__4264: logic__32
datapath__870: datapath__870
logic__93: logic__93
logic__95: logic__95
datapath__375: datapath__375
datapath__571: datapath__571
datapath__890: datapath__890
logic__4312: logic__29
banner_rom: banner_rom
datapath__470: datapath__470
logic__1376: logic__1376
datapath__1042: datapath__32
datapath__48: datapath__48
logic__727: logic__727
case__54: case__54
datapath__1054: datapath__24
datapath__560: datapath__560
blob__parameterized0__1: blob__parameterized0
datapath__613: datapath__613
muxpart__12: muxpart__12
datapath__873: datapath__873
logic__854: logic__854
datapath__787: datapath__787
logic__230: logic__230
case__7: case__7
datapath__723: datapath__723
datapath__598: datapath__598
datapath__932: datapath__34
datapath__766: datapath__766
reg__15: reg__15
datapath__628: datapath__628
datapath__983: datapath__23
datapath__416: datapath__416
muxpart__48: muxpart__48
logic__4240: logic__35
reg__52: reg__52
datapath__244: datapath__244
datapath__934: datapath__32
logic__23: logic__23
datapath__247: datapath__247
logic__724: logic__724
datapath__900: datapath__900
