logic__112: 
datapath__1: 
case__77: 
case__71: 
muxpart__13: 
case__72: 
reg__28: 
case__68: 
muxpart__5: 
logic__373: 
case__43: 
datapath__56: 
reg__12: 
datapath__19: 
muxpart__28: 
logic__21: 
case__47: 
case__26: 
logic__134: 
reg__1: 
reg__7: 
logic__120: 
muxpart: 
case__16: 
logic__175: 
logic__183: 
case__48: 
case__59: 
case__57: 
reg__42: 
case__29: 
datapath__64: 
reg__29: 
logic__32: 
reg__23: 
muxpart__18: 
case__88: 
muxpart__47: 
reg__58: 
case__10: 
logic__394: 
xvga: 
muxpart__33: 
reg__53: 
datapath__28: 
case__76: 
pause_instructions: 
datapath__36: 
debounce: 
counter: 
reg__4: 
logic__188: 
datapath__43: 
datapath__39: 
dsp48e1__8: 
logic__89: 
logic__36: 
case__92: 
logic__15: 
logic__111: 
muxpart__46: 
reg__56: 
logic__220: 
case__15: 
case__102: 
logic__389: 
case__74: 
logic__22: 
reg__21: 
case__111: 
muxpart__43: 
logic__76: 
case__55: 
logic__139: 
logic__193: 
datapath__21: 
reg__10: 
muxpart__16: 
logic__52: 
case__84: 
muxpart__35: 
logic__38: 
case__75: 
muxpart__38: 
case__86: 
logic__37: 
counter__1: 
reg__2: 
case__13: 
counter__2: 
datapath__9: 
case__78: 
datapath__3: 
reg__51: 
case__8: 
logic__206: 
case__117: 
logic__35: 
muxpart__21: 
case__21: 
muxpart__31: 
logic__66: 
reg__57: 
datapath__54: 
case__58: 
muxpart__27: 
muxpart__25: 
reg__13: 
dsp48e1__2: 
logic__31: 
muxpart__14: 
case__54: 
datapath__30: 
case__65: 
display_8hex: 
logic__210: 
muxpart__19: 
case__41: 
case__27: 
datapath__7: 
logic__228: 
case__42: 
datapath__63: 
muxpart__53: 
case__87: 
logic__41: 
dsp48e1__4: 
reg__61: 
reg__35: 
case__36: 
muxpart__48: 
reg__45: 
logic__415: 
reg__40: 
logic__174: 
datapath__35: 
case__94: 
datapath__26: 
case__52: 
blob__parameterized2: 
reg__43: 
muxpart__49: 
case__23: 
case__83: 
logic__152: 
logic__121: 
muxpart__10: 
start_instructions: 
logic__84: 
case__120: 
reg__39: 
logic__396: 
reg__9: 
case__114: 
case__39: 
logic__374: 
case__28: 
reg__17: 
datapath__33: 
logic__17: 
reg__26: 
reg: 
muxpart__52: 
muxpart__11: 
logic__75: 
datapath__29: 
reg__19: 
reg__11: 
case__80: 
blob__parameterized1: 
datapath__40: 
case__22: 
gameplay_screen: 
reg__32: 
reg__60: 
logic__25: 
reg__5: 
logic__161: 
datapath__15: 
muxpart__15: 
datapath__25: 
case__30: 
muxpart__4: 
dsp48e1__10: 
case__90: 
logic__94: 
reg__67: 
logic__219: 
muxpart__1: 
datapath__50: 
datapath__32: 
logic__20: 
blob__parameterized0: 
case__73: 
datapath: 
logic__129: 
reg__33: 
reg__24: 
top_level: 
logic__287: 
case__46: 
datapath__22: 
datapath__65: 
case__66: 
datapath__10: 
case__61: 
case__91: 
datapath__8: 
case__24: 
case__49: 
logic__138: 
logic: 
datapath__17: 
datapath__52: 
datapath__20: 
logic__170: 
dsp48e1__3: 
logic__71: 
logic__202: 
muxpart__6: 
logic__125: 
case__44: 
case__50: 
muxpart__51: 
datapath__55: 
dsp48e1__11: 
logic__85: 
logic__62: 
muxpart__55: 
logic__67: 
reg__27: 
logic__107: 
case__1: 
reg__59: 
logic__11: 
logic__3: 
reg__16: 
case__118: 
reg__64: 
reg__46: 
case__53: 
muxpart__45: 
logic__215: 
dsp48e1__7: 
logic__376: 
logic__29: 
counter__3: 
logic__192: 
logic__33: 
muxpart__17: 
dsp48e1: 
case__34: 
case__115: 
datapath__66: 
datapath__6: 
start_screen: 
case__35: 
reg__3: 
logic__2: 
reg__18: 
reg__25: 
logic__80: 
case__63: 
muxpart__50: 
case__82: 
reg__6: 
case__60: 
muxpart__40: 
case__5: 
reg__52: 
blob: 
pause_screen: 
case__14: 
datapath__41: 
muxpart__54: 
logic__44: 
reg__55: 
datapath__59: 
datapath__12: 
logic__179: 
logic__98: 
reg__48: 
logic__23: 
case__45: 
logic__28: 
reg__22: 
logic__416: 
logic__147: 
case__98: 
logic__385: 
reg__66: 
case__67: 
case__79: 
logic__201: 
logic__165: 
case__18: 
case__69: 
logic__27: 
logic__103: 
case__97: 
muxpart__34: 
datapath__13: 
datapath__23: 
logic__93: 
reg__47: 
case__40: 
datapath__44: 
muxpart__2: 
logic__1: 
case__96: 
reg__15: 
case__93: 
reg__8: 
logic__16: 
logic__116: 
reg__54: 
logic__130: 
reg__49: 
datapath__60: 
case__64: 
case__6: 
logic__211: 
case__116: 
case__99: 
datapath__42: 
reg__50: 
case__38: 
reg__14: 
datapath__61: 
datapath__53: 
case: 
logic__197: 
reg__36: 
reg__20: 
reg__30: 
muxpart__7: 
start_logo: 
case__101: 
muxpart__20: 
muxpart__29: 
logic__48: 
muxpart__41: 
datapath__4: 
muxpart__37: 
logic__34: 
case__89: 
case__4: 
muxpart__8: 
case__112: 
case__25: 
datapath__37: 
muxpart__23: 
logic__26: 
muxpart__32: 
datapath__47: 
datapath__51: 
logic__148: 
muxpart__3: 
case__3: 
logic__372: 
datapath__16: 
reg__65: 
datapath__18: 
dsp48e1__1: 
case__51: 
muxpart__12: 
datapath__2: 
case__33: 
case__11: 
reg__44: 
logic__14: 
case__70: 
muxpart__9: 
case__9: 
logic__224: 
logic__24: 
logic__30: 
case__7: 
reg__41: 
datapath__58: 
datapath__57: 
datapath__34: 
muxpart__39: 
muxpart__22: 
case__32: 
logic__18: 
logic__395: 
logic__288: 
datapath__14: 
logic__393: 
datapath__31: 
reg__37: 
case__31: 
case__62: 
case__2: 
datapath__11: 
datapath__46: 
datapath__49: 
dsp48e1__6: 
case__19: 
logic__58: 
muxpart__44: 
datapath__38: 
logic__19: 
case__100: 
case__119: 
muxpart__42: 
logic__143: 
muxpart__24: 
case__37: 
reg__31: 
logic__184: 
logic__157: 
logic__166: 
reg__38: 
datapath__62: 
case__85: 
dsp48e1__5: 
dsp48e1__9: 
muxpart__26: 
datapath__24: 
logic__102: 
case__113: 
case__81: 
muxpart__30: 
logic__156: 
logic__6: 
case__56: 
button_functions: 
datapath__5: 
muxpart__56: 
case__95: 
case__17: 
muxpart__36: 
datapath__48: 
case__20: 
reg__34: 
datapath__45: 
datapath__27: 
