logic__926: gameplay_screen__GB2, 
logic__1164: gameplay_screen__GB2, 
logic__1185: gameplay_screen__GB2, 
datapath__471: gameplay_screen__GB3, 
datapath__136: gameplay_screen__GB2, 
datapath__297: gameplay_screen__GB0, 
muxpart__47: gameplay_screen__GB2, 
logic__1001: gameplay_screen__GB2, 
muxpart__61: gameplay_screen__GB2, 
datapath__364: gameplay_screen__GB0, 
logic__302: gameplay_screen__GB0, 
datapath__58: gameplay_screen__GB3, 
case__135: gameplay_screen__GB2, 
logic__1031: gameplay_screen__GB2, 
datapath__343: gameplay_screen__GB0, 
case__90: gameplay_screen__GB2, 
datapath__101: gameplay_screen__GB3, 
datapath__330: gameplay_screen__GB3, 
logic__683: gameplay_screen__GB0, 
datapath__442: gameplay_screen__GB3, 
logic__209: gameplay_screen__GB2, 
case__190: gameplay_screen__GB1, 
case__111: gameplay_screen__GB2, 
datapath__224: gameplay_screen__GB2, 
case__167: gameplay_screen__GB2, 
logic__944: gameplay_screen__GB2, 
dsp48e1__7: top_level__GC0, 
case__60: gameplay_screen__GB2, 
muxpart__21: gameplay_screen__GB2, 
datapath__177: gameplay_screen__GB3, 
case__152: gameplay_screen__GB2, 
case__162: gameplay_screen__GB2, 
logic__517: gameplay_screen__GB0, 
datapath__125: gameplay_screen__GB0, 
datapath__50: gameplay_screen__GB3, 
reg__4: top_level__GC0, 
datapath__360: gameplay_screen__GB0, 
reg__62: gameplay_screen__GB3, 
datapath__74: gameplay_screen__GB0, 
reg__61: gameplay_screen__GB2, 
case__79: gameplay_screen__GB2, 
datapath__347: gameplay_screen__GB3, 
logic__428: gameplay_screen__GB0, 
logic__972: gameplay_screen__GB2, 
xvga: top_level__GC0, 
datapath__154: gameplay_screen__GB0, 
logic__1104: gameplay_screen__GB2, 
logic__912: gameplay_screen__GB2, 
case__53: gameplay_screen__GB2, 
datapath__107: gameplay_screen__GB3, 
logic__1169: gameplay_screen__GB2, 
logic__23: top_level__GC0, 
datapath__452: gameplay_screen__GB3, 
reg__41: gameplay_screen__GB0, 
datapath__401: gameplay_screen__GB2, 
logic__2148: top_level__GC0, 
logic__218: gameplay_screen__GB0, 
datapath__474: gameplay_screen__GB0, 
case__52: gameplay_screen__GB2, 
logic__728: gameplay_screen__GB3, 
datapath__247: gameplay_screen__GB2, 
reg__53: gameplay_screen__GB2, 
case__71: gameplay_screen__GB2, 
muxpart__5: top_level__GC0, 
case__39: gameplay_screen__GB2, 
logic__990: gameplay_screen__GB2, 
logic__1197: gameplay_screen__GB2, 
logic__555: gameplay_screen__GB3, 
datapath__395: gameplay_screen__GB3, 
datapath__129: gameplay_screen__GB0, 
logic__1199: gameplay_screen__GB2, 
reg__52: gameplay_screen__GB3, 
datapath__205: gameplay_screen__GB0, 
logic__863: gameplay_screen__GB3, 
muxpart__51: gameplay_screen__GB2, 
logic__563: gameplay_screen__GB2, 
logic__647: gameplay_screen__GB0, 
case__35: gameplay_screen__GB2, 
datapath__378: gameplay_screen__GB2, 
logic__1124: gameplay_screen__GB2, 
datapath__147: gameplay_screen__GB0, 
logic__1068: gameplay_screen__GB2, 
datapath__287: gameplay_screen__GB3, 
case__57: gameplay_screen__GB2, 
datapath__163: gameplay_screen__GB0, 
reg__12: top_level__GC0, 
datapath__63: gameplay_screen__GB3, 
logic__71: gameplay_screen__GB3, 
case__51: gameplay_screen__GB0, 
datapath__429: gameplay_screen__GB0, 
muxpart__63: gameplay_screen__GB2, 
reg__7: top_level__GC0, 
logic__687: gameplay_screen__GB3, 
case__113: gameplay_screen__GB2, 
logic__104: gameplay_screen__GB2, 
datapath__16: top_level__GC0, 
datapath__7: top_level__GC0, 
case__171: gameplay_screen__GB0, 
logic__472: gameplay_screen__GB3, 
logic__215: gameplay_screen__GB0, 
logic__815: gameplay_screen__GB0, 
datapath__468: gameplay_screen__GB0, 
case__40: gameplay_screen__GB2, 
logic__938: gameplay_screen__GB2, 
reg__47: gameplay_screen__GB2, 
case__98: gameplay_screen__GB2, 
logic__1181: gameplay_screen__GB2, 
muxpart__71: gameplay_screen__GB2, 
logic__1158: gameplay_screen__GB2, 
datapath__336: gameplay_screen__GB0, 
datapath__42: gameplay_screen__GB0, 
logic__301: gameplay_screen__GB0, 
muxpart__35: gameplay_screen__GB2, 
muxpart__39: gameplay_screen__GB2, 
logic__597: gameplay_screen__GB3, 
datapath__461: gameplay_screen__GB0, 
logic__1093: gameplay_screen__GB2, 
case__86: gameplay_screen__GB2, 
logic__1075: gameplay_screen__GB2, 
muxpart__58: gameplay_screen__GB2, 
datapath__495: top_level__GC0, 
logic__124: gameplay_screen__GB3, 
logic__125: gameplay_screen__GB3, 
muxpart__57: gameplay_screen__GB2, 
datapath__25: gameplay_screen__GB1, gameplay_screen__GB0, 
counter__3: top_level__GC0, 
datapath__188: gameplay_screen__GB0, 
datapath__383: gameplay_screen__GB0, 
logic__749: gameplay_screen__GB2, 
datapath__70: gameplay_screen__GB3, 
datapath__267: gameplay_screen__GB3, 
datapath__282: gameplay_screen__GB3, 
datapath__75: gameplay_screen__GB0, 
logic__2: top_level__GC0, 
muxpart__65: gameplay_screen__GB2, 
case__34: gameplay_screen__GB2, 
datapath__458: gameplay_screen__GB3, 
datapath__130: gameplay_screen__GB0, 
case__16: gameplay_screen__GB1, 
muxpart__15: gameplay_screen__GB2, 
datapath__207: gameplay_screen__GB3, 
case__125: gameplay_screen__GB2, 
case__64: gameplay_screen__GB2, 
datapath__483: gameplay_screen__GB3, 
case__217: top_level__GC0, 
logic__2129: top_level__GC0, 
reg__66: gameplay_screen__GB1, 
datapath__156: gameplay_screen__GB0, 
datapath__195: gameplay_screen__GB0, 
case__20: gameplay_screen__GB1, 
muxpart__18: gameplay_screen__GB2, 
datapath__428: gameplay_screen__GB0, 
button_functions: top_level__GC0, 
datapath__246: gameplay_screen__GB2, 
case__158: gameplay_screen__GB2, 
datapath__181: gameplay_screen__GB2, 
case__42: gameplay_screen__GB2, 
logic__304: gameplay_screen__GB0, 
reg__70: gameplay_screen__GB2, 
datapath__434: gameplay_screen__GB3, 
datapath__320: gameplay_screen__GB3, 
case__146: gameplay_screen__GB2, 
logic__956: gameplay_screen__GB2, 
datapath__204: gameplay_screen__GB0, 
case__215: top_level__GC0, 
logic__31: gameplay_screen__GB1, gameplay_screen__GB0, 
datapath__486: gameplay_screen__GB3, 
datapath__258: gameplay_screen__GB3, 
logic__347: gameplay_screen__GB0, 
logic__1182: gameplay_screen__GB2, 
logic__763: gameplay_screen__GB0, 
reg__42: gameplay_screen__GB3, 
muxpart__49: gameplay_screen__GB2, 
datapath__225: gameplay_screen__GB2, 
datapath__472: gameplay_screen__GB0, 
case__24: gameplay_screen__GB1, 
logic__930: gameplay_screen__GB2, 
muxpart__12: gameplay_screen__GB1, 
logic__818: gameplay_screen__GB0, 
case__126: gameplay_screen__GB2, 
logic__858: gameplay_screen__GB0, 
logic__1073: gameplay_screen__GB2, 
logic__1008: gameplay_screen__GB2, 
datapath__467: gameplay_screen__GB2, 
datapath__391: gameplay_screen__GB3, 
logic__722: gameplay_screen__GB2, 
logic__606: gameplay_screen__GB2, 
datapath__392: gameplay_screen__GB3, 
logic__1097: gameplay_screen__GB2, 
datapath__152: gameplay_screen__GB0, 
logic__290: gameplay_screen__GB0, 
case__77: gameplay_screen__GB2, 
case__41: gameplay_screen__GB2, 
logic__1060: gameplay_screen__GB2, 
datapath__31: gameplay_screen__GB2, gameplay_screen__GB1, 
datapath__465: gameplay_screen__GB3, 
logic__341: gameplay_screen__GB0, 
logic__378: gameplay_screen__GB2, 
logic__382: gameplay_screen__GB0, 
datapath__160: gameplay_screen__GB0, 
logic__777: gameplay_screen__GB3, 
buttons_map: top_level__GC0, 
datapath__38: gameplay_screen__GB1, 
logic__36: gameplay_screen__GB2, gameplay_screen__GB1, 
datapath__414: gameplay_screen__GB0, 
muxpart__24: gameplay_screen__GB2, 
logic__212: gameplay_screen__GB0, 
datapath__494: top_level__GC0, 
logic__2121: gameplay_screen__GB2, 
counter__2: top_level__GC0, 
datapath__62: gameplay_screen__GB3, 
case__82: gameplay_screen__GB2, 
datapath__388: gameplay_screen__GB0, 
datapath__94: gameplay_screen__GB0, 
case__93: gameplay_screen__GB2, 
datapath__365: gameplay_screen__GB0, 
datapath__353: gameplay_screen__GB3, 
case__30: gameplay_screen__GB2, 
datapath__419: gameplay_screen__GB0, 
datapath__203: gameplay_screen__GB0, 
datapath__197: gameplay_screen__GB0, 
logic__1128: gameplay_screen__GB2, 
logic__166: gameplay_screen__GB2, 
case__66: gameplay_screen__GB2, 
case__43: gameplay_screen__GB2, 
logic__987: gameplay_screen__GB2, 
logic__1017: gameplay_screen__GB2, 
datapath__168: gameplay_screen__GB0, 
logic__303: gameplay_screen__GB0, 
case__213: top_level__GC0, 
datapath__274: gameplay_screen__GB3, 
logic__419: gameplay_screen__GB0, 
dsp48e1__10: top_level__GC0, 
logic__518: gameplay_screen__GB0, 
logic__955: gameplay_screen__GB2, 
logic__16: top_level__GC0, 
muxpart__77: gameplay_screen__GB2, 
datapath__171: gameplay_screen__GB0, 
logic__1180: gameplay_screen__GB2, 
case__153: gameplay_screen__GB2, 
logic__1166: gameplay_screen__GB2, 
case__211: top_level__GC0, 
muxpart__26: gameplay_screen__GB2, 
muxpart__9: top_level__GC0, 
logic__22: top_level__GC0, 
case__163: gameplay_screen__GB2, 
case__84: gameplay_screen__GB2, 
datapath__133: gameplay_screen__GB0, 
logic__90: gameplay_screen__GB2, 
datapath__339: gameplay_screen__GB3, 
case__65: gameplay_screen__GB2, 
case__11: top_level__GC0, 
muxpart__2: top_level__GC0, 
logic__1014: gameplay_screen__GB2, 
logic__1172: gameplay_screen__GB2, 
case__199: top_level__GC0, 
datapath__232: gameplay_screen__GB0, 
datapath__464: gameplay_screen__GB3, 
reg__68: gameplay_screen__GB2, 
logic__792: gameplay_screen__GB2, 
reg__3: top_level__GC0, 
datapath__444: gameplay_screen__GB2, 
case__3: top_level__GC0, 
datapath__76: gameplay_screen__GB0, 
case__70: gameplay_screen__GB2, 
logic__1178: gameplay_screen__GB2, 
datapath__145: gameplay_screen__GB0, 
datapath__294: gameplay_screen__GB0, 
datapath__443: gameplay_screen__GB3, 
logic__1111: gameplay_screen__GB2, 
logic__685: gameplay_screen__GB3, 
logic__83: gameplay_screen__GB0, 
logic__1168: gameplay_screen__GB2, 
reg__36: gameplay_screen__GB1, 
muxpart__33: gameplay_screen__GB2, 
datapath__272: gameplay_screen__GB3, 
datapath__184: gameplay_screen__GB0, 
logic__1020: gameplay_screen__GB2, 
logic__1094: gameplay_screen__GB2, 
reg__20: gameplay_screen__GB1, 
datapath__334: gameplay_screen__GB2, 
case__166: gameplay_screen__GB2, 
datapath__430: gameplay_screen__GB0, 
case__130: gameplay_screen__GB2, 
logic__645: gameplay_screen__GB0, 
logic__17: top_level__GC0, 
case__182: gameplay_screen__GB1, 
datapath__308: gameplay_screen__GB0, 
datapath__85: gameplay_screen__GB0, 
datapath__189: gameplay_screen__GB0, 
case__143: gameplay_screen__GB2, 
logic__434: gameplay_screen__GB2, 
logic__643: gameplay_screen__GB0, 
muxpart__42: gameplay_screen__GB2, 
datapath__362: gameplay_screen__GB0, 
logic__998: gameplay_screen__GB2, 
logic__295: gameplay_screen__GB2, 
datapath__296: gameplay_screen__GB0, 
logic__344: gameplay_screen__GB3, 
logic__808: gameplay_screen__GB2, 
logic__554: gameplay_screen__GB0, 
muxpart__53: gameplay_screen__GB2, 
datapath__90: gameplay_screen__GB0, 
datapath__418: gameplay_screen__GB0, 
reg__34: gameplay_screen__GB1, 
logic__219: gameplay_screen__GB2, 
datapath__265: gameplay_screen__GB3, 
logic__1018: gameplay_screen__GB2, 
logic__593: gameplay_screen__GB2, 
logic__663: gameplay_screen__GB2, 
muxpart__23: gameplay_screen__GB2, 
muxpart__17: gameplay_screen__GB2, 
logic__1083: gameplay_screen__GB2, 
logic__560: gameplay_screen__GB0, 
logic__305: gameplay_screen__GB0, 
logic__971: gameplay_screen__GB2, 
datapath__396: gameplay_screen__GB3, 
datapath__487: gameplay_screen__GB3, 
case__173: gameplay_screen__GB0, 
datapath__332: gameplay_screen__GB0, 
logic__857: gameplay_screen__GB0, 
reg__65: gameplay_screen__GB2, 
logic__816: gameplay_screen__GB3, 
logic__864: gameplay_screen__GB2, 
logic__48: gameplay_screen__GB1, 
datapath__213: gameplay_screen__GB0, 
logic__731: gameplay_screen__GB0, 
logic__1088: gameplay_screen__GB2, 
datapath__81: gameplay_screen__GB0, 
logic__1127: gameplay_screen__GB2, 
datapath__148: gameplay_screen__GB0, 
logic__929: gameplay_screen__GB2, 
datapath__251: gameplay_screen__GB3, 
logic__381: gameplay_screen__GB2, 
logic__1171: gameplay_screen__GB2, 
datapath__15: top_level__GC0, 
datapath__281: gameplay_screen__GB3, 
datapath__277: gameplay_screen__GB3, 
datapath__310: gameplay_screen__GB0, 
case__50: gameplay_screen__GB0, 
datapath__311: gameplay_screen__GB0, 
datapath__209: gameplay_screen__GB3, 
logic__957: gameplay_screen__GB2, 
datapath__21: gameplay_screen__GB1, 
datapath__284: gameplay_screen__GB3, 
reg__23: gameplay_screen__GB3, 
logic__127: gameplay_screen__GB0, 
datapath__423: gameplay_screen__GB2, 
logic__684: gameplay_screen__GB3, 
datapath__290: gameplay_screen__GB0, 
datapath__120: gameplay_screen__GB0, 
logic__1149: gameplay_screen__GB2, 
datapath__460: gameplay_screen__GB0, 
datapath__9: top_level__GC0, 
muxpart__11: gameplay_screen__GB1, 
logic__644: gameplay_screen__GB0, 
reg__27: gameplay_screen__GB3, 
datapath__97: gameplay_screen__GB3, 
logic__170: gameplay_screen__GB0, 
reg__30: gameplay_screen__GB1, 
datapath__371: gameplay_screen__GB0, 
logic__1223: gameplay_screen__GB2, 
logic__988: gameplay_screen__GB2, 
datapath__373: gameplay_screen__GB0, 
logic__1195: gameplay_screen__GB2, 
datapath__359: gameplay_screen__GB0, 
muxpart__50: gameplay_screen__GB2, 
datapath__266: gameplay_screen__GB3, 
case__31: gameplay_screen__GB2, 
reg: top_level__GC0, 
logic__969: gameplay_screen__GB2, 
datapath__385: gameplay_screen__GB3, 
datapath__26: gameplay_screen__GB1, gameplay_screen__GB0, 
case__4: top_level__GC0, 
datapath__212: gameplay_screen__GB0, 
case__149: gameplay_screen__GB2, 
datapath__139: gameplay_screen__GB0, 
logic__2123: top_level__GC0, 
logic__1064: gameplay_screen__GB2, 
datapath__208: gameplay_screen__GB3, 
case__74: gameplay_screen__GB2, 
datapath__357: gameplay_screen__GB2, 
logic__217: gameplay_screen__GB0, 
logic__732: gameplay_screen__GB3, 
logic__476: gameplay_screen__GB3, 
logic__2125: top_level__GC0, 
dsp48e1__5: top_level__GC0, 
case__128: gameplay_screen__GB2, 
logic__720: gameplay_screen__GB0, 
logic__1074: gameplay_screen__GB2, 
case__214: top_level__GC0, 
logic__214: gameplay_screen__GB0, 
logic__252: gameplay_screen__GB2, 
logic__1033: gameplay_screen__GB2, 
logic__118: gameplay_screen__GB0, 
case__132: gameplay_screen__GB2, 
logic__903: gameplay_screen__GB2, 
datapath__17: top_level__GC0, 
logic__26: gameplay_screen__GB1, 
logic__1119: gameplay_screen__GB2, 
logic__620: gameplay_screen__GB2, 
datapath__67: gameplay_screen__GB3, 
datapath__482: gameplay_screen__GB3, 
reg__17: gameplay_screen__GB3, 
logic__940: gameplay_screen__GB2, 
logic__258: gameplay_screen__GB3, 
logic__562: gameplay_screen__GB0, 
datapath__155: gameplay_screen__GB0, 
case__110: gameplay_screen__GB2, 
datapath__449: gameplay_screen__GB3, 
case__92: gameplay_screen__GB2, 
logic__1237: gameplay_screen__GB0, 
datapath__477: gameplay_screen__GB0, 
datapath__108: gameplay_screen__GB3, 
blob__parameterized0: gameplay_screen__GB2, gameplay_screen__GB0, 
muxpart__45: gameplay_screen__GB2, 
logic__1110: gameplay_screen__GB2, 
logic__431: gameplay_screen__GB0, 
logic__1053: gameplay_screen__GB2, 
case__155: gameplay_screen__GB2, 
reg__44: gameplay_screen__GB1, 
logic__61: gameplay_screen__GB1, 
datapath__380: gameplay_screen__GB0, 
datapath__354: gameplay_screen__GB3, 
case__141: gameplay_screen__GB2, 
logic__514: gameplay_screen__GB0, 
reg__37: gameplay_screen__GB2, 
muxpart__14: gameplay_screen__GB1, 
datapath__306: gameplay_screen__GB0, 
logic__892: gameplay_screen__GB0, 
logic__923: gameplay_screen__GB2, 
datapath__397: gameplay_screen__GB3, 
datapath__69: gameplay_screen__GB3, 
datapath__153: gameplay_screen__GB0, 
logic__1202: gameplay_screen__GB2, 
datapath__146: gameplay_screen__GB0, 
datapath__349: gameplay_screen__GB3, 
datapath__234: gameplay_screen__GB0, 
datapath__314: gameplay_screen__GB0, 
logic__928: gameplay_screen__GB2, 
logic__1047: gameplay_screen__GB2, 
datapath__337: gameplay_screen__GB0, 
logic__1106: gameplay_screen__GB2, 
case__137: gameplay_screen__GB2, 
logic__690: gameplay_screen__GB3, 
logic__983: gameplay_screen__GB2, 
logic__1108: gameplay_screen__GB2, 
dsp48e1__6: top_level__GC0, 
logic__89: gameplay_screen__GB0, 
logic__1052: gameplay_screen__GB2, 
datapath__96: gameplay_screen__GB3, 
muxpart__43: gameplay_screen__GB0, 
logic__174: gameplay_screen__GB0, 
case__212: top_level__GC0, 
datapath__263: gameplay_screen__GB0, 
case__108: gameplay_screen__GB2, 
datapath__199: gameplay_screen__GB0, 
datapath__128: gameplay_screen__GB0, 
reg__74: gameplay_screen__GB1, 
logic__993: gameplay_screen__GB2, 
logic__172: gameplay_screen__GB0, 
logic__860: gameplay_screen__GB3, 
case__133: gameplay_screen__GB2, 
logic__854: gameplay_screen__GB2, 
logic__70: gameplay_screen__GB0, 
reg__71: gameplay_screen__GB1, 
logic__602: gameplay_screen__GB3, 
datapath__41: gameplay_screen__GB0, 
logic__634: gameplay_screen__GB0, 
datapath__68: gameplay_screen__GB3, 
datapath__176: gameplay_screen__GB3, 
datapath__4: top_level__GC0, 
datapath__403: gameplay_screen__GB0, 
datapath__83: gameplay_screen__GB0, 
logic__733: gameplay_screen__GB0, 
blob__parameterized1: gameplay_screen__GB2, gameplay_screen__GB1, 
muxpart__32: gameplay_screen__GB2, 
datapath__479: gameplay_screen__GB3, 
logic__1095: gameplay_screen__GB2, 
logic__262: gameplay_screen__GB2, 
datapath__268: gameplay_screen__GB2, 
datapath__84: gameplay_screen__GB0, 
datapath__223: gameplay_screen__GB0, 
case__85: gameplay_screen__GB2, 
case__106: gameplay_screen__GB2, 
case__120: gameplay_screen__GB2, 
logic__775: gameplay_screen__GB3, 
datapath__143: gameplay_screen__GB0, 
logic__862: gameplay_screen__GB0, 
pause_screen: top_level__GC0, 
datapath__87: gameplay_screen__GB0, 
case__62: gameplay_screen__GB2, 
logic__730: gameplay_screen__GB3, 
case__83: gameplay_screen__GB2, 
logic__299: gameplay_screen__GB0, 
muxpart__78: gameplay_screen__GB2, 
case__96: gameplay_screen__GB2, 
logic__601: gameplay_screen__GB3, 
datapath__260: gameplay_screen__GB3, 
reg__43: gameplay_screen__GB2, 
muxpart: top_level__GC0, 
logic__765: gameplay_screen__GB2, 
reg__81: top_level__GC0, 
logic__470: gameplay_screen__GB3, 
datapath__462: gameplay_screen__GB3, 
datapath__381: gameplay_screen__GB0, 
case__55: gameplay_screen__GB2, 
reg__22: gameplay_screen__GB3, 
logic__38: gameplay_screen__GB3, 
case__76: gameplay_screen__GB2, 
datapath__100: gameplay_screen__GB3, 
reg__54: gameplay_screen__GB1, 
datapath__469: gameplay_screen__GB0, 
case__10: top_level__GC0, 
logic__35: gameplay_screen__GB2, gameplay_screen__GB1, 
logic__1062: gameplay_screen__GB2, 
case__15: gameplay_screen__GB1, 
case__33: gameplay_screen__GB2, 
datapath__141: gameplay_screen__GB0, 
datapath__173: gameplay_screen__GB3, 
datapath__77: gameplay_screen__GB0, 
datapath__270: gameplay_screen__GB0, 
datapath__377: gameplay_screen__GB0, 
logic__915: gameplay_screen__GB2, 
muxpart__30: gameplay_screen__GB0, 
muxpart__36: gameplay_screen__GB2, 
logic__2124: top_level__GC0, 
datapath__91: gameplay_screen__GB0, 
logic__249: gameplay_screen__GB2, 
reg__59: gameplay_screen__GB2, 
datapath__352: gameplay_screen__GB3, 
case__142: gameplay_screen__GB2, 
datapath__186: gameplay_screen__GB0, 
logic__1096: gameplay_screen__GB2, 
reg__15: gameplay_screen__GB0, 
case__200: top_level__GC0, 
logic__989: gameplay_screen__GB2, 
datapath: top_level__GC0, 
datapath__238: gameplay_screen__GB0, 
case__197: gameplay_screen__GB1, 
datapath__252: gameplay_screen__GB3, 
datapath__303: gameplay_screen__GB0, 
case__184: gameplay_screen__GB1, 
datapath__374: gameplay_screen__GB0, 
muxpart__28: gameplay_screen__GB2, 
datapath__433: gameplay_screen__GB0, 
datapath__24: gameplay_screen__GB1, gameplay_screen__GB0, 
logic__688: gameplay_screen__GB3, 
logic__991: gameplay_screen__GB2, 
logic__519: gameplay_screen__GB0, 
case__186: gameplay_screen__GB1, 
datapath__481: gameplay_screen__GB3, 
datapath__413: gameplay_screen__GB3, 
datapath__485: gameplay_screen__GB0, 
logic__561: gameplay_screen__GB3, 
case__118: gameplay_screen__GB2, 
logic__975: gameplay_screen__GB2, 
logic__1103: gameplay_screen__GB2, 
logic: top_level__GC0, 
logic__973: gameplay_screen__GB2, 
logic__925: gameplay_screen__GB2, 
logic__939: gameplay_screen__GB2, 
datapath__8: top_level__GC0, 
datapath__37: gameplay_screen__GB1, 
logic__1163: gameplay_screen__GB2, 
logic__1046: gameplay_screen__GB2, 
logic__948: gameplay_screen__GB2, 
counter__1: top_level__GC0, 
reg__31: gameplay_screen__GB2, 
dsp48e1__1: top_level__GC0, 
reg__40: gameplay_screen__GB0, 
muxpart__46: gameplay_screen__GB2, 
logic__1138: gameplay_screen__GB2, 
instructions_map: top_level__GC0, 
logic__130: gameplay_screen__GB3, 
datapath__316: gameplay_screen__GB0, 
datapath__151: gameplay_screen__GB0, 
datapath__23: gameplay_screen__GB1, gameplay_screen__GB0, 
logic__515: gameplay_screen__GB0, 
case__209: top_level__GC0, 
datapath__394: gameplay_screen__GB3, 
logic__57: gameplay_screen__GB1, 
reg__67: gameplay_screen__GB2, 
gameplay_screen__GB2: gameplay_screen__GB2, 
logic__806: gameplay_screen__GB0, 
logic__962: gameplay_screen__GB2, 
reg__56: gameplay_screen__GB1, 
logic__511: gameplay_screen__GB0, 
datapath__55: gameplay_screen__GB0, 
datapath__194: gameplay_screen__GB0, 
logic__916: gameplay_screen__GB2, 
datapath__48: gameplay_screen__GB3, 
datapath__215: gameplay_screen__GB3, 
logic__37: gameplay_screen__GB2, gameplay_screen__GB1, 
logic__1167: gameplay_screen__GB2, 
logic__213: gameplay_screen__GB0, 
datapath__288: gameplay_screen__GB3, 
datapath__326: gameplay_screen__GB3, 
logic__1004: gameplay_screen__GB2, 
logic__1092: gameplay_screen__GB2, 
start_screen: top_level__GC0, 
reg__8: top_level__GC0, 
datapath__393: gameplay_screen__GB3, 
datapath__244: gameplay_screen__GB0, 
case__103: gameplay_screen__GB2, 
logic__1079: gameplay_screen__GB2, 
case__164: gameplay_screen__GB2, 
logic__462: gameplay_screen__GB0, 
reg__28: gameplay_screen__GB3, 
logic__20: top_level__GC0, 
case__26: gameplay_screen__GB1, 
case__140: gameplay_screen__GB2, 
logic__516: gameplay_screen__GB0, 
datapath__317: gameplay_screen__GB0, 
logic__1122: gameplay_screen__GB2, 
muxpart__62: gameplay_screen__GB2, 
datapath__476: gameplay_screen__GB0, 
datapath__131: gameplay_screen__GB0, 
logic__429: gameplay_screen__GB3, 
datapath__192: gameplay_screen__GB0, 
logic__778: gameplay_screen__GB2, 
muxpart__60: gameplay_screen__GB2, 
datapath__89: gameplay_screen__GB0, 
datapath__432: gameplay_screen__GB0, 
datapath__140: gameplay_screen__GB0, 
case__157: gameplay_screen__GB2, 
logic__1090: gameplay_screen__GB2, 
case__136: gameplay_screen__GB2, 
logic__512: gameplay_screen__GB0, 
datapath__325: gameplay_screen__GB3, 
logic__21: top_level__GC0, 
datapath__473: gameplay_screen__GB0, 
case__218: top_level__GC0, 
logic__813: gameplay_screen__GB3, 
datapath__122: gameplay_screen__GB0, 
datapath__237: gameplay_screen__GB0, 
logic__1170: gameplay_screen__GB2, 
logic__33: gameplay_screen__GB2, gameplay_screen__GB0, 
datapath__35: gameplay_screen__GB0, 
logic__386: gameplay_screen__GB0, 
case__75: gameplay_screen__GB2, 
datapath__438: gameplay_screen__GB3, 
datapath__254: gameplay_screen__GB3, 
logic__175: gameplay_screen__GB0, 
case__13: gameplay_screen__GB1, 
datapath__127: gameplay_screen__GB0, 
datapath__255: gameplay_screen__GB3, 
case__1: top_level__GC0, 
logic__120: gameplay_screen__GB2, 
datapath__19: gameplay_screen__GB1, 
logic__1120: gameplay_screen__GB2, 
logic__292: gameplay_screen__GB2, 
muxpart__38: gameplay_screen__GB2, 
reg__77: gameplay_screen__GB1, 
logic__1123: gameplay_screen__GB2, 
logic__941: gameplay_screen__GB2, 
case__144: gameplay_screen__GB2, 
case__175: gameplay_screen__GB0, 
logic__1134: gameplay_screen__GB2, 
dsp48e1__9: top_level__GC0, 
case__19: gameplay_screen__GB1, 
logic__1187: gameplay_screen__GB2, 
reg__13: top_level__GC0, 
case__29: gameplay_screen__GB2, 
case__44: gameplay_screen__GB2, 
datapath__13: top_level__GC0, 
logic__129: gameplay_screen__GB3, 
case__180: gameplay_screen__GB1, 
datapath__342: gameplay_screen__GB0, 
logic__933: gameplay_screen__GB2, 
datapath__243: gameplay_screen__GB0, 
datapath__245: gameplay_screen__GB0, 
logic__1173: gameplay_screen__GB2, 
datapath__5: top_level__GC0, 
banner_rom: top_level__GC0, 
reg__79: gameplay_screen__GB1, 
logic__646: gameplay_screen__GB0, 
datapath__425: gameplay_screen__GB0, 
reg__1: top_level__GC0, 
logic__65: gameplay_screen__GB0, 
case__121: gameplay_screen__GB2, 
case__32: gameplay_screen__GB2, 
datapath__40: gameplay_screen__GB1, 
logic__943: gameplay_screen__GB2, 
datapath__71: gameplay_screen__GB2, 
logic__2126: top_level__GC0, 
logic__259: gameplay_screen__GB3, 
logic__362: gameplay_screen__GB2, 
case__179: gameplay_screen__GB1, 
logic__1150: gameplay_screen__GB2, 
logic__851: gameplay_screen__GB2, 
datapath__315: gameplay_screen__GB0, 
logic__932: gameplay_screen__GB2, 
datapath__179: gameplay_screen__GB0, 
logic__131: gameplay_screen__GB3, 
case__169: gameplay_screen__GB0, 
logic__953: gameplay_screen__GB2, 
case__154: gameplay_screen__GB2, 
case__138: gameplay_screen__GB2, 
logic__340: gameplay_screen__GB3, 
logic__1118: gameplay_screen__GB2, 
reg__11: top_level__GC0, 
datapath__412: gameplay_screen__GB3, 
case__101: gameplay_screen__GB2, 
case__139: gameplay_screen__GB2, 
logic__74: gameplay_screen__GB2, 
datapath__406: gameplay_screen__GB0, 
logic__927: gameplay_screen__GB2, 
muxpart__56: gameplay_screen__GB2, 
case__25: gameplay_screen__GB1, 
dsp48e1: top_level__GC0, 
logic__1000: gameplay_screen__GB2, 
datapath__80: gameplay_screen__GB0, 
reg__5: top_level__GC0, 
datapath__351: gameplay_screen__GB3, 
muxpart__1: top_level__GC0, 
datapath__202: gameplay_screen__GB0, 
logic__430: gameplay_screen__GB3, 
datapath__235: gameplay_screen__GB0, 
datapath__178: gameplay_screen__GB0, 
logic__1022: gameplay_screen__GB2, 
muxpart__72: gameplay_screen__GB2, 
datapath__56: gameplay_screen__GB3, 
datapath__497: top_level__GC0, 
muxpart__31: gameplay_screen__GB0, 
datapath__82: gameplay_screen__GB0, 
datapath__134: gameplay_screen__GB0, 
case__124: gameplay_screen__GB2, 
datapath__421: gameplay_screen__GB3, 
case__46: gameplay_screen__GB2, 
datapath__358: gameplay_screen__GB0, 
datapath__341: gameplay_screen__GB3, 
logic__510: gameplay_screen__GB2, 
reg__63: gameplay_screen__GB2, 
logic__605: gameplay_screen__GB3, 
logic__725: gameplay_screen__GB3, 
logic__176: gameplay_screen__GB2, 
datapath__256: gameplay_screen__GB0, 
datapath__313: gameplay_screen__GB2, 
logic__974: gameplay_screen__GB2, 
logic__977: gameplay_screen__GB2, 
muxpart__68: gameplay_screen__GB2, 
logic__1179: gameplay_screen__GB2, 
logic__1183: gameplay_screen__GB2, 
logic__999: gameplay_screen__GB2, 
datapath__230: gameplay_screen__GB0, 
logic__300: gameplay_screen__GB0, 
blob__parameterized2: gameplay_screen__GB1, 
logic__1019: gameplay_screen__GB2, 
case__116: gameplay_screen__GB2, 
case__21: gameplay_screen__GB1, 
logic__917: gameplay_screen__GB2, 
logic__388: gameplay_screen__GB0, 
logic__861: gameplay_screen__GB3, 
datapath__149: gameplay_screen__GB0, 
datapath__390: gameplay_screen__GB3, 
datapath__124: gameplay_screen__GB0, 
datapath__98: gameplay_screen__GB3, 
logic__985: gameplay_screen__GB2, 
muxpart__48: gameplay_screen__GB2, 
muxpart__3: top_level__GC0, 
datapath__169: gameplay_screen__GB0, 
reg__18: gameplay_screen__GB1, 
logic__1037: gameplay_screen__GB2, 
datapath__59: gameplay_screen__GB3, 
logic__1081: gameplay_screen__GB2, 
logic__1035: gameplay_screen__GB2, 
datapath__305: gameplay_screen__GB0, 
logic__1082: gameplay_screen__GB2, 
datapath__250: gameplay_screen__GB0, 
logic__596: gameplay_screen__GB2, 
case__67: gameplay_screen__GB0, 
datapath__240: gameplay_screen__GB0, 
logic__961: gameplay_screen__GB2, 
reg__58: gameplay_screen__GB1, 
case__2: top_level__GC0, 
logic__253: gameplay_screen__GB0, 
logic__817: gameplay_screen__GB3, 
pause_map: top_level__GC0, 
logic__173: gameplay_screen__GB0, 
buttons_rom: top_level__GC0, 
case__47: gameplay_screen__GB2, 
logic__1126: gameplay_screen__GB2, 
case__159: gameplay_screen__GB2, 
case__160: gameplay_screen__GB2, 
case__168: gameplay_screen__GB0, 
logic__426: gameplay_screen__GB3, 
logic__550: gameplay_screen__GB2, 
logic__1034: gameplay_screen__GB2, 
muxpart__66: gameplay_screen__GB2, 
datapath__405: gameplay_screen__GB3, 
logic__41: gameplay_screen__GB3, 
datapath__422: gameplay_screen__GB2, 
datapath__190: gameplay_screen__GB0, 
logic__27: gameplay_screen__GB1, 
case__99: gameplay_screen__GB2, 
datapath__386: gameplay_screen__GB3, 
datapath__214: gameplay_screen__GB3, 
datapath__206: gameplay_screen__GB3, 
logic__390: gameplay_screen__GB0, 
datapath__78: gameplay_screen__GB0, 
case__156: gameplay_screen__GB2, 
reg__72: gameplay_screen__GB1, 
logic__88: gameplay_screen__GB0, 
muxpart__64: gameplay_screen__GB2, 
logic__464: gameplay_screen__GB2, 
logic__641: gameplay_screen__GB0, 
datapath__165: gameplay_screen__GB3, 
gameplay_screen__GB3: gameplay_screen__GB3, 
datapath__324: gameplay_screen__GB3, 
logic__319: gameplay_screen__GB0, 
logic__1050: gameplay_screen__GB2, 
case__37: gameplay_screen__GB2, 
case__112: gameplay_screen__GB2, 
datapath__404: gameplay_screen__GB3, 
case__80: gameplay_screen__GB2, 
logic__598: gameplay_screen__GB3, 
logic__25: top_level__GC0, 
blob: gameplay_screen__GB1, gameplay_screen__GB0, 
logic__849: gameplay_screen__GB0, 
datapath__66: gameplay_screen__GB3, 
logic__11: top_level__GC0, 
datapath__321: gameplay_screen__GB0, 
datapath__259: gameplay_screen__GB3, 
logic__812: gameplay_screen__GB3, 
gameplay_screen__GB0: gameplay_screen__GB0, 
datapath__158: gameplay_screen__GB2, 
logic__1148: gameplay_screen__GB2, 
logic__557: gameplay_screen__GB0, 
logic__855: gameplay_screen__GB3, 
logic__24: top_level__GC0, 
datapath__157: gameplay_screen__GB0, 
logic__1003: gameplay_screen__GB2, 
datapath__399: gameplay_screen__GB3, 
datapath__217: gameplay_screen__GB3, 
logic__984: gameplay_screen__GB2, 
datapath__39: gameplay_screen__GB1, 
datapath__198: gameplay_screen__GB0, 
logic__255: gameplay_screen__GB3, 
logic__296: gameplay_screen__GB0, 
datapath__72: gameplay_screen__GB0, 
logic__171: gameplay_screen__GB0, 
datapath__200: gameplay_screen__GB0, 
logic__1196: gameplay_screen__GB2, 
logic__471: gameplay_screen__GB0, 
logic__898: gameplay_screen__GB2, 
case__107: gameplay_screen__GB2, 
logic__256: gameplay_screen__GB0, 
datapath__226: gameplay_screen__GB0, 
case__22: gameplay_screen__GB3, 
logic__640: gameplay_screen__GB0, 
reg__55: gameplay_screen__GB2, 
case__192: gameplay_screen__GB1, 
datapath__387: gameplay_screen__GB3, 
datapath__121: gameplay_screen__GB0, 
datapath__3: top_level__GC0, 
logic__1045: gameplay_screen__GB2, 
case__216: top_level__GC0, 
datapath__298: gameplay_screen__GB0, 
datapath__222: gameplay_screen__GB0, 
muxpart__52: gameplay_screen__GB2, 
datapath__64: gameplay_screen__GB3, 
datapath__253: gameplay_screen__GB3, 
reg__14: gameplay_screen__GB1, 
datapath__437: gameplay_screen__GB3, 
case: top_level__GC0, 
datapath__408: gameplay_screen__GB3, 
logic__1098: gameplay_screen__GB2, 
dsp48e1__8: top_level__GC0, 
datapath__52: gameplay_screen__GB3, 
datapath__440: gameplay_screen__GB3, 
case__38: gameplay_screen__GB2, 
datapath__113: gameplay_screen__GB0, 
logic__190: gameplay_screen__GB2, 
logic__820: gameplay_screen__GB3, 
muxpart__13: gameplay_screen__GB1, 
logic__1200: gameplay_screen__GB2, 
logic__924: gameplay_screen__GB2, 
logic__639: gameplay_screen__GB2, 
logic__14: top_level__GC0, 
reg__78: gameplay_screen__GB1, 
muxpart__25: gameplay_screen__GB2, 
logic__389: gameplay_screen__GB0, 
logic__475: gameplay_screen__GB3, 
datapath__110: gameplay_screen__GB3, 
datapath__372: gameplay_screen__GB0, 
logic__919: gameplay_screen__GB2, 
datapath__264: gameplay_screen__GB3, 
logic__642: gameplay_screen__GB0, 
logic__878: gameplay_screen__GB2, 
case__183: gameplay_screen__GB1, 
logic__814: gameplay_screen__GB3, 
datapath__249: gameplay_screen__GB0, 
datapath__30: gameplay_screen__GB2, gameplay_screen__GB0, 
case__109: gameplay_screen__GB2, 
logic__343: gameplay_screen__GB3, 
datapath__112: gameplay_screen__GB3, 
logic__1059: gameplay_screen__GB2, 
case__187: gameplay_screen__GB1, 
datapath__346: gameplay_screen__GB3, 
logic__387: gameplay_screen__GB0, 
case__91: gameplay_screen__GB2, 
datapath__496: top_level__GC0, 
logic__548: gameplay_screen__GB0, 
logic__473: gameplay_screen__GB3, 
logic__384: gameplay_screen__GB0, 
logic__73: gameplay_screen__GB3, 
logic__469: gameplay_screen__GB3, 
datapath__53: gameplay_screen__GB0, 
case__117: gameplay_screen__GB2, 
dsp48e1__11: top_level__GC0, 
logic__706: gameplay_screen__GB2, 
muxpart__67: gameplay_screen__GB2, 
logic__82: gameplay_screen__GB0, 
datapath__451: gameplay_screen__GB3, 
logic__677: gameplay_screen__GB0, 
datapath__175: gameplay_screen__GB3, 
reg__86: top_level__GC0, 
logic__513: gameplay_screen__GB0, 
datapath__340: gameplay_screen__GB3, 
logic__931: gameplay_screen__GB2, 
datapath__300: gameplay_screen__GB0, 
case__119: gameplay_screen__GB2, 
logic__768: gameplay_screen__GB2, 
logic__2149: top_level__GC0, 
datapath__185: gameplay_screen__GB0, 
case__63: gameplay_screen__GB2, 
logic__735: gameplay_screen__GB2, 
reg__21: gameplay_screen__GB3, 
datapath__278: gameplay_screen__GB0, 
datapath__344: gameplay_screen__GB0, 
datapath__239: gameplay_screen__GB0, 
datapath__435: gameplay_screen__GB3, 
reg__45: gameplay_screen__GB2, 
datapath__61: gameplay_screen__GB0, 
logic__18: top_level__GC0, 
reg__29: gameplay_screen__GB3, 
datapath__54: gameplay_screen__GB0, 
logic__128: gameplay_screen__GB3, 
logic__1125: gameplay_screen__GB2, 
datapath__286: gameplay_screen__GB3, 
case__100: gameplay_screen__GB2, 
datapath__427: gameplay_screen__GB3, 
case__5: top_level__GC0, 
logic__603: gameplay_screen__GB3, 
logic__1049: gameplay_screen__GB2, 
case__72: gameplay_screen__GB2, 
datapath__478: gameplay_screen__GB3, 
datapath__242: gameplay_screen__GB0, 
case__68: gameplay_screen__GB2, 
datapath__219: gameplay_screen__GB3, 
dsp48e1__2: top_level__GC0, 
logic__604: gameplay_screen__GB3, 
logic__559: gameplay_screen__GB3, 
datapath__309: gameplay_screen__GB0, 
logic__1030: gameplay_screen__GB2, 
case__198: gameplay_screen__GB1, 
datapath__210: gameplay_screen__GB0, 
datapath__228: gameplay_screen__GB0, 
datapath__36: gameplay_screen__GB3, 
datapath__144: gameplay_screen__GB0, 
datapath__116: gameplay_screen__GB0, 
datapath__456: gameplay_screen__GB3, 
logic__976: gameplay_screen__GB2, 
muxpart__7: top_level__GC0, 
datapath__20: gameplay_screen__GB1, 
logic__474: gameplay_screen__GB3, 
reg__10: top_level__GC0, 
reg__57: gameplay_screen__GB2, 
datapath__47: gameplay_screen__GB3, 
case__36: gameplay_screen__GB2, 
case__87: gameplay_screen__GB2, 
datapath__491: gameplay_screen__GB2, 
case__94: gameplay_screen__GB2, 
case__104: gameplay_screen__GB2, 
datapath__174: gameplay_screen__GB3, 
logic__338: gameplay_screen__GB2, 
logic__84: gameplay_screen__GB0, 
logic__333: gameplay_screen__GB0, 
datapath__18: top_level__GC0, 
reg__35: gameplay_screen__GB2, 
case__27: gameplay_screen__GB1, 
datapath__493: top_level__GC0, 
case__115: gameplay_screen__GB2, 
logic__819: gameplay_screen__GB3, 
logic__34: gameplay_screen__GB2, gameplay_screen__GB0, 
reg__88: top_level__GC0, 
logic__734: gameplay_screen__GB3, 
clk_wiz_0: top_level__GC0, 
datapath__65: gameplay_screen__GB3, 
datapath__375: gameplay_screen__GB0, 
logic__1194: gameplay_screen__GB2, 
logic__1058: gameplay_screen__GB2, 
datapath__411: gameplay_screen__GB0, 
logic__992: gameplay_screen__GB2, 
logic__86: gameplay_screen__GB0, 
muxpart__70: gameplay_screen__GB2, 
logic__133: gameplay_screen__GB2, 
logic__968: gameplay_screen__GB2, 
muxpart__20: gameplay_screen__GB2, 
logic__1157: gameplay_screen__GB2, 
logic__1043: gameplay_screen__GB2, 
logic__147: gameplay_screen__GB2, 
case__17: gameplay_screen__GB1, 
logic__1044: gameplay_screen__GB2, 
datapath__216: gameplay_screen__GB3, 
logic__1107: gameplay_screen__GB2, 
case__178: gameplay_screen__GB1, 
logic__421: gameplay_screen__GB2, 
reg__16: gameplay_screen__GB3, 
logic__1188: gameplay_screen__GB2, 
reg__6: top_level__GC0, 
logic__32: gameplay_screen__GB2, gameplay_screen__GB0, 
logic__558: gameplay_screen__GB3, 
banner_green: top_level__GC0, 
muxpart__59: gameplay_screen__GB2, 
case__131: gameplay_screen__GB2, 
logic__1679: gameplay_screen__GB2, 
logic__1140: gameplay_screen__GB2, 
datapath__183: gameplay_screen__GB0, 
datapath__454: gameplay_screen__GB0, 
datapath__269: gameplay_screen__GB2, 
display_8hex: top_level__GC0, 
datapath__220: gameplay_screen__GB0, 
case__129: gameplay_screen__GB2, 
logic__1143: gameplay_screen__GB2, 
datapath__409: gameplay_screen__GB3, 
datapath__304: gameplay_screen__GB0, 
muxpart__76: gameplay_screen__GB2, 
logic__577: gameplay_screen__GB2, 
muxpart__41: gameplay_screen__GB2, 
datapath__233: gameplay_screen__GB0, 
reg__25: gameplay_screen__GB3, 
case__81: gameplay_screen__GB2, 
reg__19: gameplay_screen__GB3, 
case__114: gameplay_screen__GB2, 
logic__1067: gameplay_screen__GB2, 
datapath__32: gameplay_screen__GB2, gameplay_screen__GB1, 
datapath__221: gameplay_screen__GB0, 
datapath__348: gameplay_screen__GB3, 
case__28: gameplay_screen__GB2, 
muxpart__10: top_level__GC0, 
logic__424: gameplay_screen__GB2, 
muxpart__34: gameplay_screen__GB2, 
datapath__379: gameplay_screen__GB2, 
logic__1165: gameplay_screen__GB2, 
logic__1186: gameplay_screen__GB2, 
logic__169: gameplay_screen__GB0, 
datapath__436: gameplay_screen__GB3, 
logic__80: gameplay_screen__GB2, 
logic__856: gameplay_screen__GB0, 
datapath__327: gameplay_screen__GB3, 
logic__636: gameplay_screen__GB2, 
datapath__424: gameplay_screen__GB0, 
logic__346: gameplay_screen__GB0, 
logic__1015: gameplay_screen__GB2, 
datapath__420: gameplay_screen__GB3, 
datapath__302: gameplay_screen__GB0, 
logic__1032: gameplay_screen__GB2, 
logic__467: gameplay_screen__GB2, 
logic__859: gameplay_screen__GB3, 
logic__1077: gameplay_screen__GB2, 
datapath__431: gameplay_screen__GB0, 
logic__385: gameplay_screen__GB0, 
case__78: gameplay_screen__GB2, 
case__14: gameplay_screen__GB1, 
datapath__446: gameplay_screen__GB0, 
reg__69: gameplay_screen__GB2, 
logic__909: gameplay_screen__GB2, 
datapath__448: gameplay_screen__GB3, 
case__174: gameplay_screen__GB0, 
datapath__356: gameplay_screen__GB2, 
datapath__34: gameplay_screen__GB2, gameplay_screen__GB1, 
logic__3: top_level__GC0, 
logic__163: gameplay_screen__GB2, 
pause_instructions: top_level__GC0, 
reg__85: top_level__GC0, 
muxpart__55: gameplay_screen__GB2, 
logic__649: gameplay_screen__GB2, 
datapath__262: gameplay_screen__GB0, 
logic__45: gameplay_screen__GB1, 
datapath__299: gameplay_screen__GB0, 
case__181: gameplay_screen__GB1, 
datapath__367: gameplay_screen__GB0, 
case__88: gameplay_screen__GB2, 
case__165: gameplay_screen__GB2, 
logic__85: gameplay_screen__GB0, 
datapath__484: gameplay_screen__GB0, 
logic__1155: gameplay_screen__GB2, 
datapath__187: gameplay_screen__GB0, 
logic__1016: gameplay_screen__GB2, 
logic__1036: gameplay_screen__GB2, 
datapath__489: gameplay_screen__GB2, 
datapath__73: gameplay_screen__GB0, 
debounce: top_level__GC0, 
logic__821: gameplay_screen__GB2, 
logic__776: gameplay_screen__GB3, 
reg__9: top_level__GC0, 
reg__26: gameplay_screen__GB3, 
case__122: gameplay_screen__GB2, 
logic__1091: gameplay_screen__GB2, 
case__59: gameplay_screen__GB2, 
logic__505: gameplay_screen__GB0, 
datapath__400: gameplay_screen__GB2, 
logic__686: gameplay_screen__GB0, 
logic__1006: gameplay_screen__GB2, 
datapath__273: gameplay_screen__GB3, 
logic__391: gameplay_screen__GB2, 
datapath__14: top_level__GC0, 
logic__770: gameplay_screen__GB0, 
logic__448: gameplay_screen__GB2, 
logic__1154: gameplay_screen__GB2, 
case__45: gameplay_screen__GB2, 
reg__80: gameplay_screen__GB1, 
case__185: gameplay_screen__GB1, 
logic__1078: gameplay_screen__GB2, 
logic__599: gameplay_screen__GB0, 
logic__1201: gameplay_screen__GB2, 
datapath__46: gameplay_screen__GB0, 
datapath__283: gameplay_screen__GB3, 
logic__960: gameplay_screen__GB2, 
logic__1133: gameplay_screen__GB2, 
logic__1112: gameplay_screen__GB2, 
logic__1203: gameplay_screen__GB2, 
datapath__426: gameplay_screen__GB3, 
datapath__161: gameplay_screen__GB0, 
datapath__105: gameplay_screen__GB3, 
logic__1089: gameplay_screen__GB2, 
logic__772: gameplay_screen__GB0, 
logic__553: gameplay_screen__GB3, 
datapath__398: gameplay_screen__GB3, 
muxpart__16: gameplay_screen__GB2, 
reg__32: gameplay_screen__GB3, 
case__147: gameplay_screen__GB2, 
logic__345: gameplay_screen__GB3, 
case__196: gameplay_screen__GB0, 
logic__811: gameplay_screen__GB2, 
logic__774: gameplay_screen__GB3, 
datapath__138: gameplay_screen__GB0, 
datapath__135: gameplay_screen__GB0, 
datapath__329: gameplay_screen__GB0, 
datapath__201: gameplay_screen__GB0, 
datapath__455: gameplay_screen__GB0, 
muxpart__37: gameplay_screen__GB2, 
muxpart__19: gameplay_screen__GB2, 
datapath__488: gameplay_screen__GB2, 
datapath__457: gameplay_screen__GB3, 
case__61: gameplay_screen__GB2, 
logic__1061: gameplay_screen__GB2, 
logic__910: gameplay_screen__GB2, 
logic__1065: gameplay_screen__GB2, 
datapath__2: top_level__GC0, 
datapath__162: gameplay_screen__GB0, 
banner_blue: top_level__GC0, 
logic__44: gameplay_screen__GB3, 
datapath__261: gameplay_screen__GB3, 
datapath__164: gameplay_screen__GB3, 
logic__648: gameplay_screen__GB0, 
case__145: gameplay_screen__GB2, 
case__193: gameplay_screen__GB1, 
logic__1105: gameplay_screen__GB2, 
reg__82: top_level__GC0, 
datapath__417: gameplay_screen__GB3, 
logic__692: gameplay_screen__GB2, 
logic__477: gameplay_screen__GB0, 
logic__383: gameplay_screen__GB0, 
logic__1139: gameplay_screen__GB2, 
datapath__123: gameplay_screen__GB0, 
datapath__57: gameplay_screen__GB3, 
logic__1013: gameplay_screen__GB2, 
logic__1193: gameplay_screen__GB2, 
case__161: gameplay_screen__GB2, 
top_level__GC0: top_level__GC0, 
logic__427: gameplay_screen__GB3, 
datapath__45: gameplay_screen__GB0, 
logic__1: top_level__GC0, 
logic__126: gameplay_screen__GB3, 
muxpart__69: gameplay_screen__GB2, 
logic__1038: gameplay_screen__GB2, 
datapath__292: gameplay_screen__GB0, 
datapath__361: gameplay_screen__GB0, 
datapath__285: gameplay_screen__GB3, 
datapath__295: gameplay_screen__GB0, 
logic__167: gameplay_screen__GB0, 
logic__963: gameplay_screen__GB2, 
logic__276: gameplay_screen__GB2, 
datapath__389: gameplay_screen__GB0, 
logic__6: top_level__GC0, 
logic__66: gameplay_screen__GB3, 
logic__691: gameplay_screen__GB3, 
datapath__218: gameplay_screen__GB3, 
logic__1005: gameplay_screen__GB2, 
case__195: gameplay_screen__GB1, 
logic__1109: gameplay_screen__GB2, 
logic__342: gameplay_screen__GB0, 
logic__335: gameplay_screen__GB2, 
case__56: gameplay_screen__GB2, 
datapath__227: gameplay_screen__GB0, 
datapath__312: gameplay_screen__GB2, 
datapath__382: gameplay_screen__GB0, 
datapath__6: top_level__GC0, 
case__105: gameplay_screen__GB2, 
muxpart__29: gameplay_screen__GB2, 
case__95: gameplay_screen__GB2, 
logic__132: gameplay_screen__GB2, 
datapath__102: gameplay_screen__GB0, 
datapath__170: gameplay_screen__GB0, 
datapath__211: gameplay_screen__GB0, 
logic__257: gameplay_screen__GB0, 
logic__556: gameplay_screen__GB2, 
datapath__104: gameplay_screen__GB3, 
logic__769: gameplay_screen__GB3, 
datapath__182: gameplay_screen__GB0, 
logic__679: gameplay_screen__GB2, 
logic__210: gameplay_screen__GB0, 
logic__918: gameplay_screen__GB2, 
datapath__368: gameplay_screen__GB0, 
logic__1048: gameplay_screen__GB2, 
logic__773: gameplay_screen__GB3, 
datapath__289: gameplay_screen__GB3, 
logic__260: gameplay_screen__GB3, 
start_instructions: top_level__GC0, 
case__6: top_level__GC0, 
case__8: top_level__GC0, 
logic__204: gameplay_screen__GB0, 
logic__72: gameplay_screen__GB3, 
case__89: gameplay_screen__GB3, 
datapath__480: gameplay_screen__GB3, 
logic__954: gameplay_screen__GB2, 
case__172: gameplay_screen__GB0, 
reg__64: gameplay_screen__GB1, 
logic__726: gameplay_screen__GB3, 
datapath__333: gameplay_screen__GB0, 
reg__33: gameplay_screen__GB2, 
reg__39: gameplay_screen__GB2, 
logic__1066: gameplay_screen__GB2, 
datapath__279: gameplay_screen__GB0, 
datapath__322: gameplay_screen__GB0, 
logic__913: gameplay_screen__GB2, 
case__23: gameplay_screen__GB3, 
datapath__350: gameplay_screen__GB3, 
case__18: gameplay_screen__GB1, 
datapath__132: gameplay_screen__GB0, 
datapath__271: gameplay_screen__GB0, 
datapath__49: gameplay_screen__GB3, 
reg__2: top_level__GC0, 
muxpart__22: gameplay_screen__GB2, 
datapath__338: gameplay_screen__GB3, 
logic__46: gameplay_screen__GB1, 
logic__1021: gameplay_screen__GB2, 
case__194: gameplay_screen__GB1, 
datapath__301: gameplay_screen__GB0, 
logic__1141: gameplay_screen__GB2, 
datapath__453: gameplay_screen__GB3, 
logic__1152: gameplay_screen__GB2, 
datapath__43: gameplay_screen__GB0, 
datapath__126: gameplay_screen__GB0, 
datapath__11: top_level__GC0, 
datapath__439: gameplay_screen__GB3, 
logic__425: gameplay_screen__GB2, 
case__148: gameplay_screen__GB2, 
logic__771: gameplay_screen__GB0, 
logic__902: gameplay_screen__GB2, 
reg__73: gameplay_screen__GB1, 
logic__1198: gameplay_screen__GB2, 
datapath__492: gameplay_screen__GB1, 
case__48: gameplay_screen__GB2, 
datapath__319: gameplay_screen__GB3, 
logic__958: gameplay_screen__GB2, 
datapath__447: gameplay_screen__GB0, 
datapath__103: gameplay_screen__GB0, 
logic__491: gameplay_screen__GB2, 
datapath__318: gameplay_screen__GB3, 
case__189: gameplay_screen__GB1, 
datapath__193: gameplay_screen__GB0, 
datapath__363: gameplay_screen__GB0, 
case__102: gameplay_screen__GB2, 
datapath__323: gameplay_screen__GB0, 
case__151: gameplay_screen__GB2, 
gameplay_screen__GB1: gameplay_screen__GB1, 
logic__1153: gameplay_screen__GB2, 
logic__591: gameplay_screen__GB0, 
datapath__92: gameplay_screen__GB2, 
logic__835: gameplay_screen__GB2, 
datapath__355: gameplay_screen__GB3, 
datapath__111: gameplay_screen__GB3, 
logic__433: gameplay_screen__GB3, 
datapath__115: gameplay_screen__GB2, 
datapath__114: gameplay_screen__GB2, 
datapath__118: gameplay_screen__GB0, 
logic__298: gameplay_screen__GB0, 
datapath__60: gameplay_screen__GB0, 
logic__520: gameplay_screen__GB2, 
logic__206: gameplay_screen__GB2, 
reg__87: top_level__GC0, 
reg__38: gameplay_screen__GB3, 
datapath__22: gameplay_screen__GB1, 
case__150: gameplay_screen__GB2, 
datapath__33: gameplay_screen__GB2, gameplay_screen__GB1, 
logic__978: gameplay_screen__GB2, 
datapath__119: gameplay_screen__GB0, 
muxpart__27: gameplay_screen__GB2, 
datapath__407: gameplay_screen__GB0, 
logic__348: gameplay_screen__GB2, 
logic__168: gameplay_screen__GB0, 
datapath__106: gameplay_screen__GB3, 
logic__1002: gameplay_screen__GB2, 
logic__1113: gameplay_screen__GB2, 
muxpart__74: gameplay_screen__GB2, 
logic__405: gameplay_screen__GB2, 
logic__947: gameplay_screen__GB2, 
datapath__450: gameplay_screen__GB3, 
datapath__370: gameplay_screen__GB0, 
logic__2122: top_level__GC0, 
logic__15: top_level__GC0, 
datapath__366: gameplay_screen__GB0, 
logic__1076: gameplay_screen__GB2, 
datapath__335: gameplay_screen__GB2, 
logic__468: gameplay_screen__GB3, 
case__58: gameplay_screen__GB2, 
logic__1142: gameplay_screen__GB2, 
datapath__44: gameplay_screen__GB3, 
reg__24: gameplay_screen__GB0, 
datapath__86: gameplay_screen__GB0, 
datapath__345: gameplay_screen__GB0, 
datapath__275: gameplay_screen__GB3, 
datapath__229: gameplay_screen__GB0, 
logic__729: gameplay_screen__GB0, 
datapath__257: gameplay_screen__GB0, 
logic__600: gameplay_screen__GB0, 
logic__161: gameplay_screen__GB0, 
muxpart__54: gameplay_screen__GB2, 
datapath__470: gameplay_screen__GB3, 
datapath__415: gameplay_screen__GB0, 
datapath__191: gameplay_screen__GB0, 
reg__51: gameplay_screen__GB2, 
datapath__459: gameplay_screen__GB3, 
case__191: gameplay_screen__GB1, 
datapath__241: gameplay_screen__GB0, 
datapath__416: gameplay_screen__GB3, 
muxpart__44: gameplay_screen__GB2, 
logic__1137: gameplay_screen__GB2, 
reg__50: gameplay_screen__GB1, 
datapath__12: top_level__GC0, 
logic__507: gameplay_screen__GB2, 
counter: top_level__GC0, 
datapath__166: gameplay_screen__GB3, 
datapath__328: gameplay_screen__GB0, 
datapath__109: gameplay_screen__GB3, 
datapath__142: gameplay_screen__GB0, 
logic__29: gameplay_screen__GB1, gameplay_screen__GB0, 
datapath__99: gameplay_screen__GB3, 
logic__297: gameplay_screen__GB0, 
muxpart__75: gameplay_screen__GB2, 
logic__211: gameplay_screen__GB0, 
case__188: gameplay_screen__GB1, 
case__73: gameplay_screen__GB3, 
logic__1209: gameplay_screen__GB2, 
muxpart__73: gameplay_screen__GB2, 
datapath__376: gameplay_screen__GB0, 
datapath__291: gameplay_screen__GB0, 
datapath__248: gameplay_screen__GB0, 
logic__68: gameplay_screen__GB0, 
reg__60: gameplay_screen__GB3, 
reg__48: gameplay_screen__GB3, 
datapath__159: gameplay_screen__GB2, 
case__97: gameplay_screen__GB2, 
case__54: gameplay_screen__GB2, 
logic__1136: gameplay_screen__GB2, 
datapath__28: gameplay_screen__GB2, gameplay_screen__GB0, 
logic__1028: gameplay_screen__GB2, 
datapath__180: gameplay_screen__GB2, 
datapath__410: gameplay_screen__GB0, 
datapath__150: gameplay_screen__GB0, 
logic__986: gameplay_screen__GB2, 
logic__30: gameplay_screen__GB1, gameplay_screen__GB0, 
muxpart__40: gameplay_screen__GB2, 
datapath__117: gameplay_screen__GB0, 
muxpart__6: top_level__GC0, 
logic__970: gameplay_screen__GB2, 
datapath__402: gameplay_screen__GB0, 
logic__1063: gameplay_screen__GB2, 
instructions_rom: top_level__GC0, 
logic__81: gameplay_screen__GB0, 
datapath__307: gameplay_screen__GB0, 
case__210: top_level__GC0, 
logic__28: gameplay_screen__GB1, 
logic__1121: gameplay_screen__GB2, 
logic__216: gameplay_screen__GB0, 
banner_red: top_level__GC0, 
logic__1135: gameplay_screen__GB2, 
logic__247: gameplay_screen__GB0, 
datapath__231: gameplay_screen__GB0, 
logic__946: gameplay_screen__GB2, 
datapath__1: top_level__GC0, 
datapath__369: gameplay_screen__GB0, 
reg__76: gameplay_screen__GB1, 
logic__1007: gameplay_screen__GB2, 
datapath__10: top_level__GC0, 
datapath__93: gameplay_screen__GB2, 
logic__1023: gameplay_screen__GB2, 
reg__46: gameplay_screen__GB1, 
muxpart__4: top_level__GC0, 
case__9: top_level__GC0, 
logic__534: gameplay_screen__GB2, 
logic__1080: gameplay_screen__GB2, 
logic__1156: gameplay_screen__GB2, 
case__123: gameplay_screen__GB2, 
reg__75: gameplay_screen__GB1, 
logic__959: gameplay_screen__GB2, 
datapath__276: gameplay_screen__GB3, 
datapath__88: gameplay_screen__GB0, 
datapath__293: gameplay_screen__GB0, 
case__176: gameplay_screen__GB0, 
logic__339: gameplay_screen__GB3, 
datapath__236: gameplay_screen__GB0, 
logic__1184: gameplay_screen__GB2, 
logic__123: gameplay_screen__GB2, 
pause_rom: top_level__GC0, 
datapath__79: gameplay_screen__GB0, 
logic__894: gameplay_screen__GB2, 
case__177: gameplay_screen__GB1, 
logic__914: gameplay_screen__GB2, 
logic__19: top_level__GC0, 
logic__1051: gameplay_screen__GB2, 
case__134: gameplay_screen__GB2, 
datapath__137: gameplay_screen__GB2, 
start_logo: top_level__GC0, 
reg__49: gameplay_screen__GB0, 
logic__1151: gameplay_screen__GB2, 
muxpart__8: top_level__GC0, 
case__69: gameplay_screen__GB2, 
dsp48e1__3: top_level__GC0, 
datapath__29: gameplay_screen__GB2, gameplay_screen__GB0, 
datapath__167: gameplay_screen__GB3, 
logic__261: gameplay_screen__GB0, 
datapath__463: gameplay_screen__GB3, 
datapath__280: gameplay_screen__GB3, 
logic__682: gameplay_screen__GB2, 
case__127: gameplay_screen__GB2, 
datapath__445: gameplay_screen__GB2, 
logic__689: gameplay_screen__GB3, 
datapath__331: gameplay_screen__GB3, 
datapath__490: gameplay_screen__GB2, 
datapath__384: gameplay_screen__GB3, 
logic__87: gameplay_screen__GB0, 
logic__942: gameplay_screen__GB2, 
logic__911: gameplay_screen__GB2, 
datapath__27: gameplay_screen__GB2, gameplay_screen__GB0, 
datapath__466: gameplay_screen__GB2, 
logic__945: gameplay_screen__GB2, 
dsp48e1__4: top_level__GC0, 
logic__376: gameplay_screen__GB0, 
datapath__95: gameplay_screen__GB0, 
logic__1029: gameplay_screen__GB2, 
datapath__196: gameplay_screen__GB0, 
logic__254: gameplay_screen__GB3, 
datapath__51: gameplay_screen__GB3, 
logic__233: gameplay_screen__GB2, 
logic__69: gameplay_screen__GB3, 
logic__432: gameplay_screen__GB3, 
logic__727: gameplay_screen__GB0, 
logic__67: gameplay_screen__GB3, 
case__170: gameplay_screen__GB0, 
datapath__441: gameplay_screen__GB3, 
datapath__172: gameplay_screen__GB3, 
datapath__475: gameplay_screen__GB0, 
case__49: gameplay_screen__GB2, 
case__7: top_level__GC0, 
