logic__2249: logic__37
logic__2170: logic__32
blob__parameterized0__1: blob__parameterized0
logic__926: logic__926
datapath__569: datapath__23
logic__2174: logic__34
logic__1164: logic__1164
logic__1185: logic__1185
datapath__471: datapath__471
datapath__564: datapath__24
datapath__136: datapath__136
datapath__297: datapath__297
muxpart__47: muxpart__47
datapath__630: datapath__34
datapath__519: datapath__29
logic__1001: logic__1001
muxpart__61: muxpart__61
datapath__364: datapath__364
logic__2185: logic__29
logic__2224: logic__29
logic__2236: logic__29
blob__11: blob
logic__302: logic__302
datapath__58: datapath__58
case__135: case__135
logic__1031: logic__1031
datapath__343: datapath__343
case__90: case__90
datapath__101: datapath__101
datapath__330: datapath__330
logic__683: logic__683
datapath__442: datapath__442
logic__209: logic__209
case__111: case__111
case__190: case__190
blob__parameterized1__8: blob__parameterized1
datapath__224: datapath__224
logic__944: logic__944
case__167: case__167
dsp48e1__7: dsp48e1__7
case__60: case__60
muxpart__21: muxpart__21
datapath__521: datapath__27
datapath__177: datapath__177
case__152: case__152
case__162: case__162
logic__517: logic__517
datapath__125: datapath__125
datapath__50: datapath__50
blob__12: blob
datapath__516: datapath__28
reg__4: reg__4
datapath__634: datapath__34
datapath__360: datapath__360
reg__62: reg__62
datapath__74: datapath__74
reg__61: reg__61
case__79: case__79
datapath__347: datapath__347
logic__972: logic__972
logic__428: logic__428
xvga: xvga
datapath__154: datapath__154
blob__15: blob
logic__912: logic__912
logic__1104: logic__1104
case__226: case__5
case__53: case__53
logic__2161: logic__32
datapath__107: datapath__107
logic__1169: logic__1169
case__223: case__8
logic__23: logic__23
datapath__452: datapath__452
reg__41: reg__41
datapath__401: datapath__401
logic__2148: logic__2148
logic__218: logic__218
datapath__474: datapath__474
case__52: case__52
logic__728: logic__728
datapath__247: datapath__247
reg__53: reg__53
case__71: case__71
muxpart__5: muxpart__5
datapath__655: datapath__2
datapath__517: datapath__27
logic__990: logic__990
case__39: case__39
logic__1197: logic__1197
datapath__534: datapath__26
logic__555: logic__555
datapath__395: datapath__395
datapath__129: datapath__129
logic__1199: logic__1199
logic__2204: logic__31
reg__52: reg__52
datapath__205: datapath__205
logic__863: logic__863
muxpart__51: muxpart__51
datapath__568: datapath__24
logic__563: logic__563
datapath__553: datapath__23
logic__647: logic__647
case__35: case__35
datapath__604: datapath__24
datapath__378: datapath__378
logic__2192: logic__31
logic__1124: logic__1124
logic__2217: logic__30
datapath__147: datapath__147
datapath__287: datapath__287
logic__1068: logic__1068
case__57: case__57
datapath__163: datapath__163
reg__12: reg__12
datapath__63: datapath__63
case__232: case__7
logic__71: logic__71
case__51: case__51
datapath__533: datapath__27
datapath__429: datapath__429
muxpart__63: muxpart__63
reg__7: reg__7
logic__687: logic__687
datapath__625: datapath__31
blob__parameterized1__7: blob__parameterized1
case__113: case__113
logic__104: logic__104
datapath__16: datapath__16
datapath__7: datapath__7
logic__472: logic__472
case__171: case__171
logic__215: logic__215
reg__90: reg__9
logic__815: logic__815
datapath__636: datapath__32
datapath__468: datapath__468
blob__parameterized0__3: blob__parameterized0
logic__938: logic__938
case__40: case__40
reg__47: reg__47
case__98: case__98
muxpart__71: muxpart__71
logic__1181: logic__1181
logic__1158: logic__1158
datapath__336: datapath__336
logic__2180: logic__34
datapath__42: datapath__42
logic__301: logic__301
muxpart__35: muxpart__35
muxpart__39: muxpart__39
case__234: case__5
logic__597: logic__597
logic__2257: logic__35
logic__2265: logic__36
datapath__626: datapath__34
logic__2209: logic__29
datapath__461: datapath__461
logic__1093: logic__1093
case__86: case__86
logic__1075: logic__1075
muxpart__58: muxpart__58
datapath__557: datapath__23
datapath__495: datapath__495
logic__124: logic__124
logic__2240: logic__37
logic__125: logic__125
muxpart__57: muxpart__57
datapath__25: datapath__25
counter__3: counter__3
datapath__188: datapath__188
datapath__383: datapath__383
logic__749: logic__749
datapath__70: datapath__70
datapath__267: datapath__267
datapath__282: datapath__282
datapath__75: datapath__75
logic__2: logic__2
muxpart__65: muxpart__65
case__34: case__34
datapath__458: datapath__458
datapath__130: datapath__130
case__16: case__16
muxpart__15: muxpart__15
datapath__207: datapath__207
case__125: case__125
logic__2155: logic__32
case__64: case__64
datapath__483: datapath__483
case__217: case__217
logic__2129: logic__2129
reg__66: reg__66
datapath__156: datapath__156
datapath__195: datapath__195
case__20: case__20
muxpart__18: muxpart__18
datapath__428: datapath__428
button_functions: button_functions
datapath__246: datapath__246
case__158: case__158
datapath__181: datapath__181
case__42: case__42
logic__2201: logic__31
logic__304: logic__304
reg__70: reg__70
datapath__434: datapath__434
datapath__320: datapath__320
case__146: case__146
logic__956: logic__956
datapath__204: datapath__204
case__215: case__215
datapath__486: datapath__486
logic__31: logic__31
datapath__525: datapath__27
datapath__258: datapath__258
datapath__511: datapath__29
blob__parameterized1__3: blob__parameterized1
logic__347: logic__347
logic__1182: logic__1182
logic__763: logic__763
datapath__593: datapath__23
reg__42: reg__42
muxpart__49: muxpart__49
datapath__225: datapath__225
datapath__472: datapath__472
logic__930: logic__930
logic__2219: logic__31
case__24: case__24
datapath__514: datapath__30
muxpart__12: muxpart__12
logic__818: logic__818
case__126: case__126
logic__2184: logic__30
logic__858: logic__858
logic__1073: logic__1073
logic__1008: logic__1008
datapath__506: datapath__30
datapath__391: datapath__391
datapath__467: datapath__467
logic__722: logic__722
datapath__580: datapath__24
logic__606: logic__606
logic__2211: logic__30
datapath__392: datapath__392
logic__1097: logic__1097
datapath__152: datapath__152
logic__290: logic__290
case__77: case__77
logic__2168: logic__34
case__41: case__41
datapath__31: datapath__31
logic__1060: logic__1060
datapath__465: datapath__465
logic__341: logic__341
datapath__505: datapath__27
logic__378: logic__378
logic__382: logic__382
datapath__160: datapath__160
logic__777: logic__777
buttons_map: buttons_map
logic__36: logic__36
datapath__38: datapath__38
datapath__414: datapath__414
muxpart__24: muxpart__24
logic__212: logic__212
datapath__494: datapath__494
logic__2121: logic__2121
counter__2: counter__2
datapath__62: datapath__62
case__82: case__82
datapath__388: datapath__388
datapath__94: datapath__94
case__93: case__93
datapath__353: datapath__353
case__30: case__30
datapath__365: datapath__365
logic__2226: logic__30
datapath__419: datapath__419
datapath__203: datapath__203
datapath__197: datapath__197
logic__1128: logic__1128
logic__166: logic__166
logic__2252: logic__37
case__66: case__66
case__43: case__43
logic__987: logic__987
logic__1017: logic__1017
datapath__168: datapath__168
datapath__578: datapath__26
logic__303: logic__303
case__213: case__213
datapath__274: datapath__274
logic__419: logic__419
dsp48e1__10: dsp48e1__10
logic__518: logic__518
logic__955: logic__955
logic__16: logic__16
muxpart__77: muxpart__77
logic__2196: logic__30
datapath__171: datapath__171
logic__1180: logic__1180
case__153: case__153
datapath__518: datapath__30
logic__1166: logic__1166
case__211: case__211
muxpart__26: muxpart__26
muxpart__9: muxpart__9
logic__2208: logic__30
datapath__538: datapath__30
logic__22: logic__22
reg__89: reg__10
case__163: case__163
case__84: case__84
datapath__133: datapath__133
logic__90: logic__90
datapath__339: datapath__339
case__65: case__65
datapath__611: datapath__25
case__11: case__11
muxpart__2: muxpart__2
logic__1014: logic__1014
datapath__581: datapath__23
logic__1172: logic__1172
datapath__629: datapath__31
case__199: case__199
logic__2222: logic__31
datapath__232: datapath__232
datapath__464: datapath__464
reg__68: reg__68
logic__792: logic__792
reg__3: reg__3
datapath__444: datapath__444
case__3: case__3
datapath__76: datapath__76
case__70: case__70
logic__1178: logic__1178
datapath__145: datapath__145
logic__2237: logic__37
datapath__294: datapath__294
datapath__443: datapath__443
blob__4: blob
case__220: case__7
logic__685: logic__685
logic__1111: logic__1111
logic__83: logic__83
datapath__623: datapath__33
logic__1168: logic__1168
reg__36: reg__36
muxpart__33: muxpart__33
datapath__272: datapath__272
logic__2242: logic__35
datapath__184: datapath__184
logic__1020: logic__1020
logic__1094: logic__1094
reg__20: reg__20
datapath__334: datapath__334
logic__2194: logic__29
datapath__616: datapath__32
logic__2199: logic__30
case__166: case__166
datapath__430: datapath__430
logic__2167: logic__32
case__130: case__130
logic__645: logic__645
logic__2200: logic__29
logic__17: logic__17
case__182: case__182
datapath__548: datapath__24
datapath__308: datapath__308
datapath__85: datapath__85
logic__2188: logic__29
datapath__189: datapath__189
case__143: case__143
logic__434: logic__434
logic__643: logic__643
muxpart__42: muxpart__42
datapath__362: datapath__362
logic__998: logic__998
logic__295: logic__295
datapath__296: datapath__296
reg__95: reg__10
logic__344: logic__344
logic__808: logic__808
logic__554: logic__554
datapath__539: datapath__29
muxpart__53: muxpart__53
datapath__90: datapath__90
datapath__418: datapath__418
reg__34: reg__34
logic__219: logic__219
blob__parameterized1__2: blob__parameterized1
datapath__265: datapath__265
logic__1018: logic__1018
logic__593: logic__593
muxpart__17: muxpart__17
logic__663: logic__663
muxpart__23: muxpart__23
logic__1083: logic__1083
logic__2187: logic__30
logic__560: logic__560
logic__305: logic__305
logic__971: logic__971
datapath__584: datapath__24
datapath__396: datapath__396
datapath__487: datapath__487
case__173: case__173
datapath__332: datapath__332
logic__2190: logic__30
logic__857: logic__857
logic__816: logic__816
logic__864: logic__864
reg__65: reg__65
logic__48: logic__48
datapath__588: datapath__24
datapath__213: datapath__213
logic__2238: logic__36
logic__731: logic__731
logic__1088: logic__1088
datapath__81: datapath__81
logic__929: logic__929
logic__1127: logic__1127
datapath__148: datapath__148
datapath__543: datapath__25
datapath__627: datapath__33
datapath__251: datapath__251
blob__7: blob
datapath__570: datapath__26
logic__381: logic__381
logic__1171: logic__1171
datapath__15: datapath__15
datapath__281: datapath__281
datapath__277: datapath__277
datapath__310: datapath__310
blob__parameterized0__5: blob__parameterized0
case__50: case__50
datapath__311: datapath__311
muxpart__90: muxpart__10
datapath__209: datapath__209
logic__957: logic__957
datapath__21: datapath__21
datapath__284: datapath__284
reg__23: reg__23
logic__2255: logic__37
logic__127: logic__127
datapath__423: datapath__423
logic__684: logic__684
datapath__290: datapath__290
datapath__120: datapath__120
logic__1149: logic__1149
datapath__460: datapath__460
datapath__9: datapath__9
muxpart__11: muxpart__11
datapath__632: datapath__32
logic__644: logic__644
datapath__590: datapath__26
logic__2166: logic__33
reg__27: reg__27
datapath__97: datapath__97
logic__170: logic__170
reg__30: reg__30
datapath__371: datapath__371
logic__1223: logic__1223
logic__988: logic__988
datapath__373: datapath__373
logic__1195: logic__1195
datapath__359: datapath__359
muxpart__50: muxpart__50
datapath__266: datapath__266
datapath__635: datapath__33
case__31: case__31
reg: reg
datapath__385: datapath__385
logic__969: logic__969
datapath__26: datapath__26
case__4: case__4
datapath__212: datapath__212
case__149: case__149
datapath__139: datapath__139
logic__2123: logic__2123
logic__1064: logic__1064
datapath__208: datapath__208
case__74: case__74
datapath__357: datapath__357
datapath__596: datapath__24
datapath__600: datapath__24
logic__732: logic__732
logic__217: logic__217
logic__2150: logic__34
datapath__628: datapath__32
logic__2218: logic__29
logic__476: logic__476
logic__2125: logic__2125
dsp48e1__5: dsp48e1__5
case__128: case__128
logic__720: logic__720
logic__1074: logic__1074
case__214: case__214
datapath__592: datapath__24
logic__214: logic__214
logic__252: logic__252
logic__1033: logic__1033
logic__118: logic__118
case__132: case__132
logic__903: logic__903
datapath__17: datapath__17
logic__2179: logic__29
logic__26: logic__26
logic__1119: logic__1119
logic__2173: logic__32
logic__620: logic__620
datapath__67: datapath__67
datapath__482: datapath__482
reg__17: reg__17
blob__6: blob
logic__940: logic__940
logic__258: logic__258
logic__562: logic__562
datapath__449: datapath__449
case__110: case__110
datapath__155: datapath__155
case__92: case__92
logic__1237: logic__1237
datapath__477: datapath__477
datapath__108: datapath__108
blob__parameterized0: blob__parameterized0
muxpart__45: muxpart__45
datapath__614: datapath__34
logic__1110: logic__1110
logic__431: logic__431
logic__1053: logic__1053
case__155: case__155
reg__44: reg__44
logic__61: logic__61
datapath__380: datapath__380
logic__2176: logic__32
datapath__354: datapath__354
case__141: case__141
logic__514: logic__514
reg__37: reg__37
muxpart__14: muxpart__14
logic__2269: logic__11
logic__2158: logic__32
datapath__306: datapath__306
datapath__397: datapath__397
logic__923: logic__923
logic__892: logic__892
datapath__69: datapath__69
datapath__522: datapath__30
datapath__153: datapath__153
logic__1202: logic__1202
datapath__146: datapath__146
datapath__349: datapath__349
datapath__234: datapath__234
datapath__314: datapath__314
logic__928: logic__928
logic__1047: logic__1047
datapath__337: datapath__337
logic__1106: logic__1106
logic__690: logic__690
case__137: case__137
logic__983: logic__983
logic__1108: logic__1108
dsp48e1__6: dsp48e1__6
logic__89: logic__89
logic__1052: logic__1052
datapath__96: datapath__96
muxpart__43: muxpart__43
logic__174: logic__174
case__212: case__212
datapath__263: datapath__263
logic__2234: logic__31
case__108: case__108
datapath__199: datapath__199
datapath__128: datapath__128
reg__74: reg__74
logic__2214: logic__30
logic__993: logic__993
logic__172: logic__172
counter__7: counter__3
logic__860: logic__860
case__133: case__133
logic__854: logic__854
logic__70: logic__70
logic__602: logic__602
reg__71: reg__71
datapath__587: datapath__25
datapath__41: datapath__41
logic__634: logic__634
datapath__68: datapath__68
datapath__512: datapath__28
datapath__176: datapath__176
datapath__4: datapath__4
datapath__403: datapath__403
logic__2156: logic__34
datapath__83: datapath__83
logic__733: logic__733
datapath__479: datapath__479
blob__parameterized1: blob__parameterized1
muxpart__32: muxpart__32
logic__1095: logic__1095
datapath__591: datapath__25
logic__262: logic__262
datapath__268: datapath__268
datapath__84: datapath__84
datapath__223: datapath__223
case__85: case__85
case__106: case__106
case__120: case__120
logic__775: logic__775
datapath__618: datapath__34
datapath__143: datapath__143
logic__2152: logic__32
logic__862: logic__862
logic__2172: logic__33
pause_screen: pause_screen
datapath__603: datapath__25
datapath__87: datapath__87
logic__730: logic__730
case__62: case__62
case__83: case__83
logic__299: logic__299
logic__601: logic__601
muxpart__78: muxpart__78
case__96: case__96
datapath__260: datapath__260
reg__43: reg__43
logic__2160: logic__33
datapath__599: datapath__25
muxpart: muxpart
logic__765: logic__765
datapath__532: datapath__28
reg__81: reg__81
datapath__620: datapath__32
datapath__609: datapath__23
logic__470: logic__470
logic__2243: logic__37
datapath__462: datapath__462
datapath__381: datapath__381
case__55: case__55
reg__22: reg__22
logic__38: logic__38
case__76: case__76
datapath__100: datapath__100
reg__54: reg__54
datapath__558: datapath__26
datapath__469: datapath__469
case__10: case__10
logic__35: logic__35
logic__1062: logic__1062
case__15: case__15
case__33: case__33
datapath__141: datapath__141
datapath__173: datapath__173
datapath__77: datapath__77
datapath__270: datapath__270
logic__915: logic__915
datapath__377: datapath__377
muxpart__30: muxpart__30
datapath__541: datapath__27
muxpart__36: muxpart__36
logic__2124: logic__2124
datapath__650: datapath__34
datapath__91: datapath__91
logic__249: logic__249
datapath__352: datapath__352
reg__59: reg__59
case__142: case__142
datapath__186: datapath__186
datapath__649: datapath__31
logic__1096: logic__1096
reg__15: reg__15
case__200: case__200
logic__989: logic__989
case__230: case__5
datapath: datapath
datapath__238: datapath__238
case__197: case__197
logic__2213: logic__31
datapath__252: datapath__252
datapath__303: datapath__303
case__184: case__184
datapath__374: datapath__374
muxpart__28: muxpart__28
datapath__433: datapath__433
logic__688: logic__688
datapath__24: datapath__24
datapath__566: datapath__26
logic__991: logic__991
logic__519: logic__519
case__186: case__186
logic__2253: logic__36
datapath__481: datapath__481
datapath__413: datapath__413
datapath__485: datapath__485
logic__561: logic__561
datapath__535: datapath__25
case__118: case__118
logic__975: logic__975
logic__2165: logic__34
logic__1103: logic__1103
logic: logic
logic__973: logic__973
logic__925: logic__925
logic__939: logic__939
datapath__8: datapath__8
datapath__37: datapath__37
logic__1163: logic__1163
logic__1046: logic__1046
datapath__624: datapath__32
logic__948: logic__948
counter__1: counter__1
logic__2223: logic__30
reg__31: reg__31
dsp48e1__1: dsp48e1__1
reg__40: reg__40
muxpart__46: muxpart__46
logic__1138: logic__1138
instructions_map: instructions_map
logic__130: logic__130
datapath__316: datapath__316
datapath__647: datapath__33
logic__2157: logic__33
datapath__151: datapath__151
datapath__23: datapath__23
logic__515: logic__515
case__209: case__209
datapath__394: datapath__394
reg__94: reg__9
logic__57: logic__57
datapath__529: datapath__27
reg__67: reg__67
gameplay_screen__GB2: gameplay_screen__GB2
logic__806: logic__806
logic__962: logic__962
logic__2229: logic__30
reg__56: reg__56
logic__511: logic__511
datapath__55: datapath__55
logic__2205: logic__30
logic__916: logic__916
datapath__194: datapath__194
datapath__48: datapath__48
datapath__513: datapath__27
datapath__215: datapath__215
logic__37: logic__37
logic__1167: logic__1167
logic__213: logic__213
datapath__288: datapath__288
datapath__326: datapath__326
logic__1004: logic__1004
logic__1092: logic__1092
start_screen: start_screen
datapath__619: datapath__33
reg__8: reg__8
datapath__393: datapath__393
case__103: case__103
datapath__244: datapath__244
logic__1079: logic__1079
case__164: case__164
logic__462: logic__462
reg__28: reg__28
blob__3: blob
logic__20: logic__20
case__26: case__26
case__140: case__140
logic__516: logic__516
datapath__317: datapath__317
logic__1122: logic__1122
logic__2197: logic__29
muxpart__62: muxpart__62
datapath__476: datapath__476
datapath__131: datapath__131
logic__429: logic__429
datapath__606: datapath__26
datapath__192: datapath__192
logic__778: logic__778
muxpart__60: muxpart__60
blob__parameterized0__7: blob__parameterized0
datapath__89: datapath__89
datapath__432: datapath__432
datapath__140: datapath__140
case__157: case__157
logic__1090: logic__1090
case__136: case__136
datapath__325: datapath__325
logic__512: logic__512
datapath__641: datapath__31
logic__21: logic__21
datapath__473: datapath__473
case__218: case__218
logic__813: logic__813
datapath__122: datapath__122
logic__2235: logic__30
datapath__237: datapath__237
logic__1170: logic__1170
logic__33: logic__33
datapath__35: datapath__35
logic__386: logic__386
case__75: case__75
datapath__438: datapath__438
datapath__613: datapath__23
datapath__254: datapath__254
logic__175: logic__175
blob__16: blob
datapath__654: datapath__2
case__13: case__13
datapath__127: datapath__127
datapath__255: datapath__255
datapath__582: datapath__26
case__1: case__1
logic__120: logic__120
datapath__19: datapath__19
logic__1120: logic__1120
logic__292: logic__292
muxpart__38: muxpart__38
muxpart__86: muxpart__10
reg__77: reg__77
logic__1123: logic__1123
logic__941: logic__941
case__144: case__144
case__175: case__175
logic__1134: logic__1134
dsp48e1__9: dsp48e1__9
case__19: case__19
logic__1187: logic__1187
reg__13: reg__13
datapath__621: datapath__31
case__29: case__29
datapath__612: datapath__24
case__44: case__44
datapath__13: datapath__13
logic__129: logic__129
case__180: case__180
datapath__342: datapath__342
logic__933: logic__933
datapath__243: datapath__243
blob__1: blob
datapath__245: datapath__245
datapath__594: datapath__26
logic__1173: logic__1173
datapath__5: datapath__5
banner_rom: banner_rom
reg__79: reg__79
logic__646: logic__646
datapath__425: datapath__425
reg__1: reg__1
logic__65: logic__65
case__32: case__32
case__121: case__121
datapath__40: datapath__40
datapath__648: datapath__32
blob__parameterized0__6: blob__parameterized0
logic__943: logic__943
datapath__71: datapath__71
logic__2202: logic__30
logic__2126: logic__2126
logic__259: logic__259
logic__362: logic__362
logic__851: logic__851
case__179: case__179
logic__1150: logic__1150
datapath__315: datapath__315
logic__932: logic__932
datapath__523: datapath__29
datapath__179: datapath__179
logic__131: logic__131
case__169: case__169
logic__953: logic__953
case__154: case__154
case__138: case__138
logic__340: logic__340
logic__1118: logic__1118
reg__11: reg__11
datapath__412: datapath__412
case__101: case__101
case__139: case__139
datapath__645: datapath__31
logic__74: logic__74
datapath__406: datapath__406
logic__927: logic__927
muxpart__56: muxpart__56
case__25: case__25
dsp48e1: dsp48e1
logic__1000: logic__1000
datapath__80: datapath__80
reg__5: reg__5
datapath__351: datapath__351
muxpart__1: muxpart__1
datapath__202: datapath__202
logic__430: logic__430
datapath__235: datapath__235
datapath__178: datapath__178
logic__1022: logic__1022
muxpart__72: muxpart__72
datapath__56: datapath__56
datapath__497: datapath__497
muxpart__31: muxpart__31
datapath__82: datapath__82
datapath__134: datapath__134
case__124: case__124
datapath__421: datapath__421
case__46: case__46
datapath__341: datapath__341
datapath__358: datapath__358
logic__605: logic__605
logic__510: logic__510
reg__63: reg__63
logic__725: logic__725
logic__176: logic__176
datapath__550: datapath__26
datapath__256: datapath__256
reg__96: reg__9
datapath__313: datapath__313
logic__974: logic__974
datapath__567: datapath__25
logic__977: logic__977
muxpart__68: muxpart__68
logic__1179: logic__1179
logic__999: logic__999
logic__1183: logic__1183
counter__6: counter__3
blob__parameterized0__4: blob__parameterized0
datapath__230: datapath__230
logic__300: logic__300
blob__parameterized2: blob__parameterized2
logic__1019: logic__1019
case__116: case__116
logic__917: logic__917
case__21: case__21
logic__861: logic__861
logic__388: logic__388
logic__2232: logic__30
blob__parameterized1__5: blob__parameterized1
datapath__390: datapath__390
datapath__149: datapath__149
datapath__124: datapath__124
muxpart__91: muxpart__9
muxpart__87: muxpart__9
datapath__643: datapath__33
datapath__98: datapath__98
logic__985: logic__985
logic__2251: logic__35
muxpart__48: muxpart__48
logic__2163: logic__33
muxpart__3: muxpart__3
datapath__169: datapath__169
reg__18: reg__18
logic__1037: logic__1037
datapath__59: datapath__59
logic__1081: logic__1081
datapath__657: datapath__2
logic__1035: logic__1035
reg__93: reg__10
debounce__2: debounce
datapath__305: datapath__305
logic__1082: logic__1082
logic__2189: logic__31
datapath__250: datapath__250
logic__2245: logic__35
logic__596: logic__596
logic__2216: logic__31
case__67: case__67
datapath__240: datapath__240
logic__961: logic__961
reg__58: reg__58
blob__5: blob
case__2: case__2
logic__817: logic__817
logic__253: logic__253
pause_map: pause_map
logic__173: logic__173
counter__4: counter__3
buttons_rom: buttons_rom
case__47: case__47
logic__1126: logic__1126
logic__2262: logic__36
case__159: case__159
case__160: case__160
case__168: case__168
logic__426: logic__426
logic__550: logic__550
datapath__597: datapath__23
logic__1034: logic__1034
muxpart__66: muxpart__66
datapath__405: datapath__405
logic__41: logic__41
datapath__422: datapath__422
datapath__190: datapath__190
datapath__386: datapath__386
case__99: case__99
logic__27: logic__27
datapath__503: datapath__29
datapath__214: datapath__214
datapath__206: datapath__206
logic__390: logic__390
datapath__78: datapath__78
case__156: case__156
reg__72: reg__72
logic__88: logic__88
muxpart__64: muxpart__64
logic__2182: logic__32
logic__464: logic__464
logic__641: logic__641
blob__parameterized1__4: blob__parameterized1
datapath__165: datapath__165
datapath__324: datapath__324
gameplay_screen__GB3: gameplay_screen__GB3
logic__319: logic__319
logic__1050: logic__1050
case__37: case__37
case__112: case__112
datapath__615: datapath__33
datapath__404: datapath__404
logic__598: logic__598
case__80: case__80
logic__25: logic__25
blob: blob
logic__849: logic__849
datapath__66: datapath__66
logic__11: logic__11
logic__2164: logic__32
datapath__502: datapath__30
datapath__321: datapath__321
datapath__259: datapath__259
logic__812: logic__812
gameplay_screen__GB0: gameplay_screen__GB0
datapath__158: datapath__158
logic__1148: logic__1148
logic__557: logic__557
logic__2264: logic__37
datapath__554: datapath__26
logic__855: logic__855
logic__24: logic__24
datapath__531: datapath__29
logic__2246: logic__37
datapath__157: datapath__157
datapath__520: datapath__28
logic__1003: logic__1003
logic__2183: logic__31
datapath__399: datapath__399
datapath__217: datapath__217
logic__984: logic__984
case__228: case__7
datapath__39: datapath__39
datapath__198: datapath__198
datapath__574: datapath__26
logic__255: logic__255
logic__296: logic__296
datapath__72: datapath__72
logic__171: logic__171
logic__2195: logic__31
datapath__200: datapath__200
logic__1196: logic__1196
case__107: case__107
logic__898: logic__898
logic__471: logic__471
logic__256: logic__256
muxpart__92: muxpart__10
datapath__226: datapath__226
case__22: case__22
datapath__646: datapath__34
logic__2254: logic__35
logic__640: logic__640
reg__55: reg__55
case__192: case__192
datapath__387: datapath__387
datapath__121: datapath__121
datapath__3: datapath__3
logic__1045: logic__1045
case__216: case__216
datapath__298: datapath__298
datapath__222: datapath__222
datapath__540: datapath__28
datapath__640: datapath__32
muxpart__52: muxpart__52
datapath__64: datapath__64
datapath__253: datapath__253
datapath__499: datapath__29
datapath__437: datapath__437
reg__14: reg__14
case: case
datapath__408: datapath__408
logic__1098: logic__1098
dsp48e1__8: dsp48e1__8
datapath__52: datapath__52
datapath__440: datapath__440
case__38: case__38
datapath__113: datapath__113
logic__820: logic__820
logic__190: logic__190
datapath__536: datapath__24
muxpart__13: muxpart__13
datapath__595: datapath__25
logic__924: logic__924
datapath__561: datapath__23
logic__1200: logic__1200
muxpart__89: muxpart__9
logic__639: logic__639
logic__14: logic__14
reg__78: reg__78
muxpart__25: muxpart__25
logic__389: logic__389
case__227: case__8
logic__2181: logic__33
logic__475: logic__475
datapath__651: datapath__33
blob__10: blob
logic__2266: logic__35
blob__19: blob
datapath__110: datapath__110
logic__919: logic__919
datapath__372: datapath__372
datapath__264: datapath__264
logic__878: logic__878
logic__642: logic__642
logic__814: logic__814
case__183: case__183
datapath__30: datapath__30
datapath__249: datapath__249
case__109: case__109
logic__343: logic__343
datapath__112: datapath__112
logic__1059: logic__1059
reg__92: reg__9
case__187: case__187
datapath__346: datapath__346
logic__387: logic__387
case__91: case__91
datapath__496: datapath__496
logic__473: logic__473
logic__548: logic__548
logic__384: logic__384
logic__73: logic__73
logic__469: logic__469
datapath__53: datapath__53
case__117: case__117
logic__2198: logic__31
dsp48e1__11: dsp48e1__11
logic__706: logic__706
muxpart__67: muxpart__67
logic__82: logic__82
datapath__451: datapath__451
logic__677: logic__677
datapath__175: datapath__175
logic__2162: logic__34
logic__2267: logic__11
reg__86: reg__86
datapath__577: datapath__23
logic__513: logic__513
datapath__340: datapath__340
logic__931: logic__931
datapath__300: datapath__300
case__119: case__119
logic__768: logic__768
logic__2149: logic__2149
datapath__185: datapath__185
case__63: case__63
logic__2270: logic__11
logic__735: logic__735
datapath__527: datapath__29
reg__21: reg__21
datapath__278: datapath__278
datapath__524: datapath__28
datapath__344: datapath__344
datapath__239: datapath__239
datapath__435: datapath__435
reg__45: reg__45
datapath__551: datapath__25
datapath__61: datapath__61
logic__18: logic__18
muxpart__93: muxpart__9
reg__29: reg__29
datapath__54: datapath__54
logic__128: logic__128
datapath__638: datapath__34
logic__1125: logic__1125
datapath__286: datapath__286
datapath__427: datapath__427
case__100: case__100
case__5: case__5
blob__parameterized0__2: blob__parameterized0
logic__603: logic__603
logic__2261: logic__37
datapath__542: datapath__26
logic__1049: logic__1049
case__72: case__72
datapath__478: datapath__478
datapath__605: datapath__23
datapath__242: datapath__242
blob__18: blob
case__68: case__68
datapath__219: datapath__219
blob__13: blob
dsp48e1__2: dsp48e1__2
logic__604: logic__604
logic__559: logic__559
datapath__309: datapath__309
logic__1030: logic__1030
case__198: case__198
datapath__210: datapath__210
datapath__228: datapath__228
datapath__36: datapath__36
datapath__144: datapath__144
datapath__116: datapath__116
datapath__456: datapath__456
blob__parameterized1__1: blob__parameterized1
logic__976: logic__976
muxpart__7: muxpart__7
datapath__20: datapath__20
logic__474: logic__474
reg__10: reg__10
reg__57: reg__57
datapath__47: datapath__47
datapath__586: datapath__26
case__36: case__36
case__87: case__87
logic__2171: logic__34
datapath__491: datapath__491
case__94: case__94
case__104: case__104
datapath__174: datapath__174
logic__338: logic__338
datapath__498: datapath__30
logic__84: logic__84
datapath__601: datapath__23
logic__2186: logic__31
blob__17: blob
datapath__652: datapath__32
logic__333: logic__333
logic__2259: logic__36
datapath__18: datapath__18
reg__35: reg__35
case__27: case__27
datapath__493: datapath__493
case__115: case__115
logic__819: logic__819
datapath__546: datapath__26
datapath__526: datapath__30
blob__2: blob
logic__34: logic__34
blob__9: blob
reg__88: reg__88
logic__734: logic__734
clk_wiz_0: clk_wiz_0
datapath__65: datapath__65
datapath__375: datapath__375
logic__1194: logic__1194
logic__2177: logic__31
logic__1058: logic__1058
datapath__411: datapath__411
logic__992: logic__992
logic__86: logic__86
muxpart__70: muxpart__70
logic__968: logic__968
logic__133: logic__133
muxpart__20: muxpart__20
logic__1157: logic__1157
logic__1043: logic__1043
logic__147: logic__147
case__17: case__17
logic__2231: logic__31
logic__1044: logic__1044
case__222: case__5
datapath__216: datapath__216
logic__1107: logic__1107
case__178: case__178
logic__421: logic__421
reg__16: reg__16
logic__1188: logic__1188
reg__6: reg__6
logic__32: logic__32
logic__558: logic__558
banner_green: banner_green
datapath__556: datapath__24
muxpart__59: muxpart__59
case__224: case__7
case__131: case__131
logic__1679: logic__1679
logic__1140: logic__1140
datapath__183: datapath__183
datapath__454: datapath__454
datapath__269: datapath__269
display_8hex: display_8hex
datapath__220: datapath__220
datapath__507: datapath__29
datapath__409: datapath__409
case__129: case__129
logic__1143: logic__1143
datapath__304: datapath__304
muxpart__76: muxpart__76
logic__577: logic__577
muxpart__41: muxpart__41
logic__2248: logic__35
datapath__233: datapath__233
reg__25: reg__25
case__81: case__81
reg__19: reg__19
case__114: case__114
datapath__32: datapath__32
logic__1067: logic__1067
datapath__348: datapath__348
datapath__221: datapath__221
case__28: case__28
muxpart__10: muxpart__10
logic__424: logic__424
muxpart__34: muxpart__34
datapath__589: datapath__23
datapath__379: datapath__379
datapath__639: datapath__33
logic__1165: logic__1165
logic__1186: logic__1186
datapath__642: datapath__34
logic__169: logic__169
datapath__631: datapath__33
datapath__436: datapath__436
logic__80: logic__80
logic__2250: logic__36
logic__856: logic__856
logic__2268: logic__11
datapath__327: datapath__327
datapath__633: datapath__31
logic__636: logic__636
datapath__424: datapath__424
datapath__420: datapath__420
logic__1015: logic__1015
logic__346: logic__346
datapath__302: datapath__302
logic__859: logic__859
logic__1032: logic__1032
logic__467: logic__467
logic__1077: logic__1077
datapath__547: datapath__25
datapath__431: datapath__431
logic__385: logic__385
case__78: case__78
datapath__637: datapath__31
datapath__559: datapath__25
datapath__571: datapath__25
case__14: case__14
datapath__446: datapath__446
reg__69: reg__69
logic__909: logic__909
datapath__537: datapath__23
datapath__448: datapath__448
case__174: case__174
datapath__356: datapath__356
datapath__34: datapath__34
logic__3: logic__3
logic__163: logic__163
pause_instructions: pause_instructions
reg__85: reg__85
muxpart__55: muxpart__55
logic__649: logic__649
datapath__262: datapath__262
logic__45: logic__45
datapath__299: datapath__299
case__181: case__181
datapath__367: datapath__367
case__88: case__88
case__165: case__165
datapath__565: datapath__23
blob__14: blob
logic__85: logic__85
datapath__484: datapath__484
logic__1016: logic__1016
logic__1155: logic__1155
datapath__187: datapath__187
datapath__489: datapath__489
logic__1036: logic__1036
datapath__617: datapath__31
datapath__73: datapath__73
debounce: debounce
logic__776: logic__776
logic__821: logic__821
reg__9: reg__9
reg__26: reg__26
case__122: case__122
logic__2258: logic__37
logic__1091: logic__1091
case__59: case__59
logic__505: logic__505
debounce__4: debounce
datapath__400: datapath__400
logic__686: logic__686
logic__1006: logic__1006
logic__2151: logic__33
datapath__273: datapath__273
logic__391: logic__391
datapath__14: datapath__14
logic__770: logic__770
logic__448: logic__448
logic__1154: logic__1154
case__45: case__45
reg__80: reg__80
case__185: case__185
logic__1078: logic__1078
logic__599: logic__599
datapath__552: datapath__24
datapath__560: datapath__24
logic__1201: logic__1201
datapath__46: datapath__46
datapath__283: datapath__283
logic__960: logic__960
logic__1133: logic__1133
logic__1112: logic__1112
datapath__504: datapath__28
logic__1203: logic__1203
datapath__426: datapath__426
datapath__161: datapath__161
datapath__105: datapath__105
logic__1089: logic__1089
logic__553: logic__553
logic__772: logic__772
datapath__398: datapath__398
muxpart__16: muxpart__16
reg__32: reg__32
logic__2227: logic__29
case__147: case__147
logic__345: logic__345
case__196: case__196
logic__811: logic__811
logic__774: logic__774
datapath__138: datapath__138
datapath__579: datapath__25
datapath__135: datapath__135
datapath__329: datapath__329
datapath__201: datapath__201
datapath__455: datapath__455
muxpart__37: muxpart__37
muxpart__19: muxpart__19
datapath__598: datapath__26
datapath__488: datapath__488
datapath__585: datapath__23
datapath__457: datapath__457
case__61: case__61
logic__2239: logic__35
logic__1061: logic__1061
logic__910: logic__910
logic__1065: logic__1065
datapath__2: datapath__2
datapath__162: datapath__162
logic__2210: logic__31
banner_blue: banner_blue
logic__44: logic__44
datapath__261: datapath__261
datapath__164: datapath__164
logic__648: logic__648
case__145: case__145
case__193: case__193
logic__1105: logic__1105
reg__82: reg__82
datapath__417: datapath__417
logic__692: logic__692
logic__477: logic__477
logic__383: logic__383
logic__1139: logic__1139
datapath__123: datapath__123
datapath__544: datapath__24
datapath__57: datapath__57
logic__1013: logic__1013
datapath__500: datapath__28
logic__1193: logic__1193
case__161: case__161
top_level__GC0: top_level__GC0
logic__427: logic__427
datapath__45: datapath__45
logic__1: logic__1
datapath__622: datapath__34
logic__126: logic__126
muxpart__69: muxpart__69
logic__1038: logic__1038
datapath__292: datapath__292
reg__91: reg__10
datapath__361: datapath__361
datapath__285: datapath__285
datapath__295: datapath__295
logic__167: logic__167
logic__963: logic__963
datapath__607: datapath__25
logic__276: logic__276
datapath__389: datapath__389
datapath__653: datapath__31
logic__6: logic__6
logic__66: logic__66
logic__691: logic__691
datapath__218: datapath__218
logic__1005: logic__1005
datapath__501: datapath__27
datapath__545: datapath__23
case__195: case__195
logic__1109: logic__1109
datapath__608: datapath__24
logic__342: logic__342
counter__5: counter__3
logic__335: logic__335
case__56: case__56
datapath__227: datapath__227
datapath__312: datapath__312
datapath__602: datapath__26
datapath__382: datapath__382
datapath__6: datapath__6
case__105: case__105
muxpart__29: muxpart__29
case__95: case__95
logic__132: logic__132
datapath__583: datapath__25
datapath__102: datapath__102
datapath__170: datapath__170
logic__2154: logic__33
datapath__211: datapath__211
logic__257: logic__257
logic__556: logic__556
datapath__104: datapath__104
blob__parameterized1__6: blob__parameterized1
datapath__530: datapath__30
logic__769: logic__769
datapath__182: datapath__182
logic__679: logic__679
logic__918: logic__918
logic__210: logic__210
datapath__368: datapath__368
logic__1048: logic__1048
datapath__289: datapath__289
logic__773: logic__773
logic__260: logic__260
logic__2244: logic__36
start_instructions: start_instructions
case__6: case__6
case__8: case__8
logic__204: logic__204
logic__72: logic__72
case__89: case__89
datapath__480: datapath__480
logic__954: logic__954
case__172: case__172
reg__64: reg__64
datapath__576: datapath__24
logic__726: logic__726
datapath__333: datapath__333
reg__33: reg__33
reg__39: reg__39
logic__1066: logic__1066
datapath__279: datapath__279
datapath__322: datapath__322
logic__913: logic__913
case__23: case__23
datapath__350: datapath__350
debounce__1: debounce
case__18: case__18
datapath__132: datapath__132
datapath__271: datapath__271
case__229: case__6
datapath__49: datapath__49
reg__2: reg__2
datapath__338: datapath__338
muxpart__22: muxpart__22
logic__46: logic__46
logic__2206: logic__29
muxpart__88: muxpart__10
logic__1021: logic__1021
case__194: case__194
datapath__453: datapath__453
datapath__301: datapath__301
logic__1141: logic__1141
logic__1152: logic__1152
datapath__43: datapath__43
logic__2221: logic__29
datapath__126: datapath__126
datapath__11: datapath__11
datapath__439: datapath__439
logic__425: logic__425
case__148: case__148
logic__902: logic__902
logic__771: logic__771
reg__73: reg__73
logic__1198: logic__1198
datapath__492: datapath__492
datapath__319: datapath__319
case__48: case__48
logic__2215: logic__29
logic__958: logic__958
datapath__447: datapath__447
datapath__103: datapath__103
logic__491: logic__491
datapath__318: datapath__318
case__189: case__189
logic__2178: logic__30
datapath__193: datapath__193
datapath__363: datapath__363
case__102: case__102
datapath__323: datapath__323
case__225: case__6
case__151: case__151
case__233: case__6
logic__2230: logic__29
gameplay_screen__GB1: gameplay_screen__GB1
datapath__549: datapath__23
logic__2241: logic__36
logic__1153: logic__1153
logic__591: logic__591
blob__8: blob
datapath__355: datapath__355
datapath__92: datapath__92
logic__835: logic__835
datapath__111: datapath__111
datapath__509: datapath__27
logic__433: logic__433
datapath__115: datapath__115
datapath__114: datapath__114
datapath__118: datapath__118
logic__298: logic__298
datapath__60: datapath__60
logic__520: logic__520
logic__2203: logic__29
logic__206: logic__206
reg__87: reg__87
reg__38: reg__38
datapath__22: datapath__22
logic__978: logic__978
datapath__33: datapath__33
case__150: case__150
datapath__119: datapath__119
muxpart__27: muxpart__27
logic__2233: logic__29
blob__parameterized0__9: blob__parameterized0
datapath__407: datapath__407
logic__348: logic__348
logic__168: logic__168
datapath__106: datapath__106
logic__1002: logic__1002
logic__1113: logic__1113
logic__2263: logic__35
muxpart__74: muxpart__74
logic__405: logic__405
datapath__450: datapath__450
logic__947: logic__947
case__231: case__8
datapath__370: datapath__370
logic__2256: logic__36
logic__2122: logic__2122
logic__15: logic__15
blob__parameterized0__8: blob__parameterized0
datapath__555: datapath__25
datapath__366: datapath__366
logic__1076: logic__1076
datapath__335: datapath__335
logic__468: logic__468
case__58: case__58
logic__1142: logic__1142
debounce__3: debounce
datapath__44: datapath__44
datapath__644: datapath__32
reg__24: reg__24
datapath__86: datapath__86
datapath__345: datapath__345
datapath__275: datapath__275
datapath__229: datapath__229
logic__729: logic__729
datapath__257: datapath__257
datapath__610: datapath__26
logic__600: logic__600
logic__161: logic__161
datapath__470: datapath__470
muxpart__54: muxpart__54
datapath__415: datapath__415
datapath__191: datapath__191
reg__51: reg__51
datapath__459: datapath__459
case__191: case__191
datapath__241: datapath__241
datapath__562: datapath__26
datapath__416: datapath__416
muxpart__44: muxpart__44
logic__1137: logic__1137
reg__50: reg__50
datapath__12: datapath__12
logic__507: logic__507
counter: counter
datapath__166: datapath__166
logic__2220: logic__30
datapath__328: datapath__328
datapath__109: datapath__109
datapath__142: datapath__142
logic__29: logic__29
datapath__99: datapath__99
logic__297: logic__297
muxpart__75: muxpart__75
logic__211: logic__211
case__188: case__188
case__73: case__73
logic__1209: logic__1209
logic__2169: logic__33
logic__2191: logic__29
muxpart__73: muxpart__73
blob__parameterized1__10: blob__parameterized1
datapath__376: datapath__376
datapath__291: datapath__291
datapath__248: datapath__248
reg__60: reg__60
logic__68: logic__68
reg__48: reg__48
datapath__159: datapath__159
case__97: case__97
case__54: case__54
logic__1136: logic__1136
datapath__28: datapath__28
datapath__515: datapath__29
logic__1028: logic__1028
datapath__656: datapath__2
datapath__180: datapath__180
datapath__410: datapath__410
datapath__150: datapath__150
logic__986: logic__986
logic__30: logic__30
datapath__528: datapath__28
muxpart__40: muxpart__40
datapath__117: datapath__117
muxpart__6: muxpart__6
logic__970: logic__970
datapath__402: datapath__402
logic__1063: logic__1063
instructions_rom: instructions_rom
logic__81: logic__81
datapath__307: datapath__307
case__210: case__210
logic__2159: logic__34
logic__28: logic__28
logic__1121: logic__1121
logic__216: logic__216
banner_red: banner_red
logic__1135: logic__1135
logic__247: logic__247
datapath__231: datapath__231
logic__946: logic__946
case__221: case__6
datapath__1: datapath__1
datapath__369: datapath__369
logic__2207: logic__31
reg__76: reg__76
logic__1007: logic__1007
datapath__10: datapath__10
datapath__93: datapath__93
logic__1023: logic__1023
reg__46: reg__46
muxpart__4: muxpart__4
case__9: case__9
logic__534: logic__534
logic__1080: logic__1080
logic__1156: logic__1156
logic__2260: logic__35
case__123: case__123
reg__75: reg__75
datapath__276: datapath__276
logic__959: logic__959
datapath__572: datapath__24
datapath__573: datapath__23
blob__parameterized0__10: blob__parameterized0
datapath__88: datapath__88
case__219: case__8
datapath__293: datapath__293
case__176: case__176
logic__339: logic__339
datapath__236: datapath__236
logic__1184: logic__1184
logic__123: logic__123
pause_rom: pause_rom
datapath__79: datapath__79
logic__894: logic__894
datapath__563: datapath__25
case__177: case__177
logic__914: logic__914
logic__19: logic__19
logic__1051: logic__1051
case__134: case__134
datapath__137: datapath__137
start_logo: start_logo
blob__parameterized1__9: blob__parameterized1
reg__49: reg__49
logic__1151: logic__1151
muxpart__8: muxpart__8
case__69: case__69
logic__2225: logic__31
dsp48e1__3: dsp48e1__3
datapath__29: datapath__29
datapath__167: datapath__167
datapath__463: datapath__463
logic__261: logic__261
datapath__280: datapath__280
logic__682: logic__682
case__127: case__127
datapath__445: datapath__445
logic__2153: logic__34
logic__689: logic__689
datapath__331: datapath__331
datapath__490: datapath__490
datapath__384: datapath__384
logic__87: logic__87
datapath__510: datapath__30
logic__942: logic__942
logic__911: logic__911
datapath__27: datapath__27
datapath__466: datapath__466
logic__945: logic__945
logic__2175: logic__33
dsp48e1__4: dsp48e1__4
logic__376: logic__376
datapath__95: datapath__95
logic__1029: logic__1029
datapath__196: datapath__196
logic__254: logic__254
datapath__508: datapath__28
logic__2193: logic__30
datapath__51: datapath__51
logic__233: logic__233
logic__69: logic__69
logic__432: logic__432
logic__2247: logic__36
logic__727: logic__727
logic__2212: logic__29
logic__2228: logic__31
logic__67: logic__67
case__170: case__170
datapath__575: datapath__25
datapath__441: datapath__441
datapath__172: datapath__172
datapath__475: datapath__475
case__49: case__49
case__7: case__7
